Archive member included to satisfy reference by file (symbol)

C:/Users/ASUS/STM32Cube/Repository/Packs/STMicroelectronics/X-CUBE-ALGOBUILD/1.4.0/Middlewares/Third_Party/ARM/DSP/Lib\libarm_cortexM4lf_math.a(arm_rfft_fast_init_f32.o)
                              ./Core/Src/main.o (arm_rfft_fast_init_f32)
C:/Users/ASUS/STM32Cube/Repository/Packs/STMicroelectronics/X-CUBE-ALGOBUILD/1.4.0/Middlewares/Third_Party/ARM/DSP/Lib\libarm_cortexM4lf_math.a(arm_rfft_fast_f32.o)
                              ./Core/Src/main.o (arm_rfft_fast_f32)
C:/Users/ASUS/STM32Cube/Repository/Packs/STMicroelectronics/X-CUBE-ALGOBUILD/1.4.0/Middlewares/Third_Party/ARM/DSP/Lib\libarm_cortexM4lf_math.a(arm_cfft_f32.o)
                              C:/Users/ASUS/STM32Cube/Repository/Packs/STMicroelectronics/X-CUBE-ALGOBUILD/1.4.0/Middlewares/Third_Party/ARM/DSP/Lib\libarm_cortexM4lf_math.a(arm_rfft_fast_f32.o) (arm_cfft_f32)
C:/Users/ASUS/STM32Cube/Repository/Packs/STMicroelectronics/X-CUBE-ALGOBUILD/1.4.0/Middlewares/Third_Party/ARM/DSP/Lib\libarm_cortexM4lf_math.a(arm_bitreversal2.o)
                              C:/Users/ASUS/STM32Cube/Repository/Packs/STMicroelectronics/X-CUBE-ALGOBUILD/1.4.0/Middlewares/Third_Party/ARM/DSP/Lib\libarm_cortexM4lf_math.a(arm_cfft_f32.o) (arm_bitreversal_32)
C:/Users/ASUS/STM32Cube/Repository/Packs/STMicroelectronics/X-CUBE-ALGOBUILD/1.4.0/Middlewares/Third_Party/ARM/DSP/Lib\libarm_cortexM4lf_math.a(arm_cmplx_mag_f32.o)
                              ./Core/Src/main.o (arm_cmplx_mag_f32)
C:/Users/ASUS/STM32Cube/Repository/Packs/STMicroelectronics/X-CUBE-ALGOBUILD/1.4.0/Middlewares/Third_Party/ARM/DSP/Lib\libarm_cortexM4lf_math.a(arm_common_tables.o)
                              C:/Users/ASUS/STM32Cube/Repository/Packs/STMicroelectronics/X-CUBE-ALGOBUILD/1.4.0/Middlewares/Third_Party/ARM/DSP/Lib\libarm_cortexM4lf_math.a(arm_rfft_fast_init_f32.o) (twiddleCoef_rfft_4096)
C:/Users/ASUS/STM32Cube/Repository/Packs/STMicroelectronics/X-CUBE-ALGOBUILD/1.4.0/Middlewares/Third_Party/ARM/DSP/Lib\libarm_cortexM4lf_math.a(arm_cfft_init_f32.o)
                              C:/Users/ASUS/STM32Cube/Repository/Packs/STMicroelectronics/X-CUBE-ALGOBUILD/1.4.0/Middlewares/Third_Party/ARM/DSP/Lib\libarm_cortexM4lf_math.a(arm_rfft_fast_init_f32.o) (arm_cfft_init_f32)
C:/Users/ASUS/STM32Cube/Repository/Packs/STMicroelectronics/X-CUBE-ALGOBUILD/1.4.0/Middlewares/Third_Party/ARM/DSP/Lib\libarm_cortexM4lf_math.a(arm_cfft_radix8_f32.o)
                              C:/Users/ASUS/STM32Cube/Repository/Packs/STMicroelectronics/X-CUBE-ALGOBUILD/1.4.0/Middlewares/Third_Party/ARM/DSP/Lib\libarm_cortexM4lf_math.a(arm_cfft_f32.o) (arm_radix8_butterfly_f32)
C:/Users/ASUS/STM32Cube/Repository/Packs/STMicroelectronics/X-CUBE-ALGOBUILD/1.4.0/Middlewares/Third_Party/ARM/DSP/Lib\libarm_cortexM4lf_math.a(arm_const_structs.o)
                              C:/Users/ASUS/STM32Cube/Repository/Packs/STMicroelectronics/X-CUBE-ALGOBUILD/1.4.0/Middlewares/Third_Party/ARM/DSP/Lib\libarm_cortexM4lf_math.a(arm_cfft_init_f32.o) (arm_cfft_sR_f32_len4096)
D:/Progs/STM32CubeIDE_1.17.0/STM32CubeIDE/plugins/com.st.stm32cube.ide.mcu.externaltools.gnu-tools-for-stm32.12.3.rel1.win32_1.1.0.202410251130/tools/bin/../lib/gcc/arm-none-eabi/12.3.1/../../../../arm-none-eabi/lib/thumb/v7e-m+fp/hard\libc_nano.a(libc_a-exit.o)
                              D:/Progs/STM32CubeIDE_1.17.0/STM32CubeIDE/plugins/com.st.stm32cube.ide.mcu.externaltools.gnu-tools-for-stm32.12.3.rel1.win32_1.1.0.202410251130/tools/bin/../lib/gcc/arm-none-eabi/12.3.1/../../../../arm-none-eabi/lib/thumb/v7e-m+fp/hard/crt0.o (exit)
D:/Progs/STM32CubeIDE_1.17.0/STM32CubeIDE/plugins/com.st.stm32cube.ide.mcu.externaltools.gnu-tools-for-stm32.12.3.rel1.win32_1.1.0.202410251130/tools/bin/../lib/gcc/arm-none-eabi/12.3.1/../../../../arm-none-eabi/lib/thumb/v7e-m+fp/hard\libc_nano.a(libc_a-malloc.o)
                              ./src/ws2812.o (malloc)
D:/Progs/STM32CubeIDE_1.17.0/STM32CubeIDE/plugins/com.st.stm32cube.ide.mcu.externaltools.gnu-tools-for-stm32.12.3.rel1.win32_1.1.0.202410251130/tools/bin/../lib/gcc/arm-none-eabi/12.3.1/../../../../arm-none-eabi/lib/thumb/v7e-m+fp/hard\libc_nano.a(libc_a-mallocr.o)
                              D:/Progs/STM32CubeIDE_1.17.0/STM32CubeIDE/plugins/com.st.stm32cube.ide.mcu.externaltools.gnu-tools-for-stm32.12.3.rel1.win32_1.1.0.202410251130/tools/bin/../lib/gcc/arm-none-eabi/12.3.1/../../../../arm-none-eabi/lib/thumb/v7e-m+fp/hard\libc_nano.a(libc_a-malloc.o) (_malloc_r)
D:/Progs/STM32CubeIDE_1.17.0/STM32CubeIDE/plugins/com.st.stm32cube.ide.mcu.externaltools.gnu-tools-for-stm32.12.3.rel1.win32_1.1.0.202410251130/tools/bin/../lib/gcc/arm-none-eabi/12.3.1/../../../../arm-none-eabi/lib/thumb/v7e-m+fp/hard\libc_nano.a(libc_a-mlock.o)
[...]
Memory Configuration

Name             Origin             Length             Attributes
CCMRAM           0x10000000         0x00010000         xrw
RAM              0x20000000         0x00020000         xrw
FLASH            0x08000000         0x00080000         xr
*default*        0x00000000         0xffffffff

Linker script and memory map

LOAD D:/Progs/STM32CubeIDE_1.17.0/STM32CubeIDE/plugins/com.st.stm32cube.ide.mcu.externaltools.gnu-tools-for-stm32.12.3.rel1.win32_1.1.0.202410251130/tools/bin/../lib/gcc/arm-none-eabi/12.3.1/thumb/v7e-m+fp/hard/crti.o
LOAD D:/Progs/STM32CubeIDE_1.17.0/STM32CubeIDE/plugins/com.st.stm32cube.ide.mcu.externaltools.gnu-tools-for-stm32.12.3.rel1.win32_1.1.0.202410251130/tools/bin/../lib/gcc/arm-none-eabi/12.3.1/thumb/v7e-m+fp/hard/crtbegin.o
LOAD D:/Progs/STM32CubeIDE_1.17.0/STM32CubeIDE/plugins/com.st.stm32cube.ide.mcu.externaltools.gnu-tools-for-stm32.12.3.rel1.win32_1.1.0.202410251130/tools/bin/../lib/gcc/arm-none-eabi/12.3.1/../../../../arm-none-eabi/lib/thumb/v7e-m+fp/hard/crt0.o
LOAD ./Core/Src/main.o
LOAD ./Core/Src/stm32f4xx_hal_msp.o
LOAD ./Core/Src/stm32f4xx_it.o
LOAD ./Core/Src/syscalls.o
LOAD ./Core/Src/sysmem.o
LOAD ./Core/Src/system_stm32f4xx.o
LOAD ./Core/Startup/startup_stm32f407vetx.o
LOAD ./Drivers/STM32F4xx_HAL_Driver/stm32f4xx_hal.o
LOAD ./Drivers/STM32F4xx_HAL_Driver/stm32f4xx_hal_adc.o
LOAD ./Drivers/STM32F4xx_HAL_Driver/stm32f4xx_hal_adc_ex.o
LOAD ./Drivers/STM32F4xx_HAL_Driver/stm32f4xx_hal_cortex.o
LOAD ./Drivers/STM32F4xx_HAL_Driver/stm32f4xx_hal_dma.o
LOAD ./Drivers/STM32F4xx_HAL_Driver/stm32f4xx_hal_dma_ex.o
LOAD ./Drivers/STM32F4xx_HAL_Driver/stm32f4xx_hal_exti.o
LOAD ./Drivers/STM32F4xx_HAL_Driver/stm32f4xx_hal_flash.o
LOAD ./Drivers/STM32F4xx_HAL_Driver/stm32f4xx_hal_flash_ex.o
LOAD ./Drivers/STM32F4xx_HAL_Driver/stm32f4xx_hal_flash_ramfunc.o
LOAD ./Drivers/STM32F4xx_HAL_Driver/stm32f4xx_hal_gpio.o
LOAD ./Drivers/STM32F4xx_HAL_Driver/stm32f4xx_hal_pwr.o
LOAD ./Drivers/STM32F4xx_HAL_Driver/stm32f4xx_hal_pwr_ex.o
LOAD ./Drivers/STM32F4xx_HAL_Driver/stm32f4xx_hal_rcc.o
LOAD ./Drivers/STM32F4xx_HAL_Driver/stm32f4xx_hal_rcc_ex.o
LOAD ./Drivers/STM32F4xx_HAL_Driver/stm32f4xx_hal_tim.o
LOAD ./Drivers/STM32F4xx_HAL_Driver/stm32f4xx_hal_tim_ex.o
LOAD ./Drivers/STM32F4xx_HAL_Driver/stm32f4xx_ll_adc.o
LOAD ./src/color_values.o
LOAD ./src/ws2812.o
LOAD ./src/ws2812_demos.o
LOAD C:/Users/ASUS/STM32Cube/Repository/Packs/STMicroelectronics/X-CUBE-ALGOBUILD/1.4.0/Middlewares/Third_Party/ARM/DSP/Lib\libarm_cortexM4lf_math.a
START GROUP
LOAD D:/Progs/STM32CubeIDE_1.17.0/STM32CubeIDE/plugins/com.st.stm32cube.ide.mcu.externaltools.gnu-tools-for-stm32.12.3.rel1.win32_1.1.0.202410251130/tools/bin/../lib/gcc/arm-none-eabi/12.3.1/../../../../arm-none-eabi/lib/thumb/v7e-m+fp/hard\libc_nano.a
LOAD D:/Progs/STM32CubeIDE_1.17.0/STM32CubeIDE/plugins/com.st.stm32cube.ide.mcu.externaltools.gnu-tools-for-stm32.12.3.rel1.win32_1.1.0.202410251130/tools/bin/../lib/gcc/arm-none-eabi/12.3.1/../../../../arm-none-eabi/lib/thumb/v7e-m+fp/hard\libm.a
END GROUP
START GROUP
LOAD D:/Progs/STM32CubeIDE_1.17.0/STM32CubeIDE/plugins/com.st.stm32cube.ide.mcu.externaltools.gnu-tools-for-stm32.12.3.rel1.win32_1.1.0.202410251130/tools/bin/../lib/gcc/arm-none-eabi/12.3.1/thumb/v7e-m+fp/hard\libgcc.a
LOAD D:/Progs/STM32CubeIDE_1.17.0/STM32CubeIDE/plugins/com.st.stm32cube.ide.mcu.externaltools.gnu-tools-for-stm32.12.3.rel1.win32_1.1.0.202410251130/tools/bin/../lib/gcc/arm-none-eabi/12.3.1/../../../../arm-none-eabi/lib/thumb/v7e-m+fp/hard\libc_nano.a
END GROUP
START GROUP
LOAD D:/Progs/STM32CubeIDE_1.17.0/STM32CubeIDE/plugins/com.st.stm32cube.ide.mcu.externaltools.gnu-tools-for-stm32.12.3.rel1.win32_1.1.0.202410251130/tools/bin/../lib/gcc/arm-none-eabi/12.3.1/thumb/v7e-m+fp/hard\libgcc.a
LOAD D:/Progs/STM32CubeIDE_1.17.0/STM32CubeIDE/plugins/com.st.stm32cube.ide.mcu.externaltools.gnu-tools-for-stm32.12.3.rel1.win32_1.1.0.202410251130/tools/bin/../lib/gcc/arm-none-eabi/12.3.1/../../../../arm-none-eabi/lib/thumb/v7e-m+fp/hard\libc_nano.a
LOAD D:/Progs/STM32CubeIDE_1.17.0/STM32CubeIDE/plugins/com.st.stm32cube.ide.mcu.externaltools.gnu-tools-for-stm32.12.3.rel1.win32_1.1.0.202410251130/tools/bin/../lib/gcc/arm-none-eabi/12.3.1/../../../../arm-none-eabi/lib/thumb/v7e-m+fp/hard\libnosys.a
END GROUP
START GROUP
LOAD D:/Progs/STM32CubeIDE_1.17.0/STM32CubeIDE/plugins/com.st.stm32cube.ide.mcu.externaltools.gnu-tools-for-stm32.12.3.rel1.win32_1.1.0.202410251130/tools/bin/../lib/gcc/arm-none-eabi/12.3.1/thumb/v7e-m+fp/hard\libgcc.a
LOAD D:/Progs/STM32CubeIDE_1.17.0/STM32CubeIDE/plugins/com.st.stm32cube.ide.mcu.externaltools.gnu-tools-for-stm32.12.3.rel1.win32_1.1.0.202410251130/tools/bin/../lib/gcc/arm-none-eabi/12.3.1/../../../../arm-none-eabi/lib/thumb/v7e-m+fp/hard\libc_nano.a
LOAD D:/Progs/STM32CubeIDE_1.17.0/STM32CubeIDE/plugins/com.st.stm32cube.ide.mcu.externaltools.gnu-tools-for-stm32.12.3.rel1.win32_1.1.0.202410251130/tools/bin/../lib/gcc/arm-none-eabi/12.3.1/../../../../arm-none-eabi/lib/thumb/v7e-m+fp/hard\libnosys.a
END GROUP
LOAD D:/Progs/STM32CubeIDE_1.17.0/STM32CubeIDE/plugins/com.st.stm32cube.ide.mcu.externaltools.gnu-tools-for-stm32.12.3.rel1.win32_1.1.0.202410251130/tools/bin/../lib/gcc/arm-none-eabi/12.3.1/thumb/v7e-m+fp/hard/crtend.o
LOAD D:/Progs/STM32CubeIDE_1.17.0/STM32CubeIDE/plugins/com.st.stm32cube.ide.mcu.externaltools.gnu-tools-for-stm32.12.3.rel1.win32_1.1.0.202410251130/tools/bin/../lib/gcc/arm-none-eabi/12.3.1/thumb/v7e-m+fp/hard/crtn.o
                0x20020000                        _estack = (ORIGIN (RAM) + LENGTH (RAM))
                0x00000200                        _Min_Heap_Size = 0x200
                0x00000400                        _Min_Stack_Size = 0x400

.isr_vector     0x08000000      0x188
                0x08000000                        . = ALIGN (0x4)
 *(.isr_vector)
 .isr_vector    0x08000000      0x188 ./Core/Startup/startup_stm32f407vetx.o
                0x08000000                g_pfnVectors
                0x08000188                        . = ALIGN (0x4)

.text           0x08000188     0x5f8c
                0x08000188                        . = ALIGN (0x4)
 *(.text)
 .text          0x08000188       0x40 D:/Progs/STM32CubeIDE_1.17.0/STM32CubeIDE/plugins/com.st.stm32cube.ide.mcu.externaltools.gnu-tools-for-stm32.12.3.rel1.win32_1.1.0.202410251130/tools/bin/../lib/gcc/arm-none-eabi/12.3.1/thumb/v7e-m+fp/hard/crtbegin.o
 .text          0x080001c8       0x30 D:/Progs/STM32CubeIDE_1.17.0/STM32CubeIDE/plugins/com.st.stm32cube.ide.mcu.externaltools.gnu-tools-for-stm32.12.3.rel1.win32_1.1.0.202410251130/tools/bin/../lib/gcc/arm-none-eabi/12.3.1/thumb/v7e-m+fp/hard\libgcc.a(_aeabi_uldivmod.o)
                0x080001c8                __aeabi_uldivmod
 .text          0x080001f8      0x2bc D:/Progs/STM32CubeIDE_1.17.0/STM32CubeIDE/plugins/com.st.stm32cube.ide.mcu.externaltools.gnu-tools-for-stm32.12.3.rel1.win32_1.1.0.202410251130/tools/bin/../lib/gcc/arm-none-eabi/12.3.1/thumb/v7e-m+fp/hard\libgcc.a(_udivmoddi4.o)
                0x080001f8                __udivmoddi4
 .text          0x080004b4        0x4 D:/Progs/STM32CubeIDE_1.17.0/STM32CubeIDE/plugins/com.st.stm32cube.ide.mcu.externaltools.gnu-tools-for-stm32.12.3.rel1.win32_1.1.0.202410251130/tools/bin/../lib/gcc/arm-none-eabi/12.3.1/thumb/v7e-m+fp/hard\libgcc.a(_dvmd_tls.o)
                0x080004b4                __aeabi_idiv0
                0x080004b4                __aeabi_ldiv0
 *(.text*)
 .text.HAL_TIM_PWM_PulseFinishedHalfCpltCallback
                0x080004b8       0x30 ./Core/Src/main.o
                0x080004b8                HAL_TIM_PWM_PulseFinishedHalfCpltCallback
 .text.HAL_TIM_PWM_PulseFinishedCallback
                0x080004e8       0x30 ./Core/Src/main.o
                0x080004e8                HAL_TIM_PWM_PulseFinishedCallback
 .text.ws2812_demos_freq
                0x08000518      0x190 ./Core/Src/main.o
                0x08000518                ws2812_demos_freq
 .text.HAL_GPIO_EXTI_Callback
                0x080006a8       0x78 ./Core/Src/main.o
                0x080006a8                HAL_GPIO_EXTI_Callback
 .text.main     0x08000720      0x184 ./Core/Src/main.o
                0x08000720                main
 .text.SystemClock_Config
                0x080008a4       0xbc ./Core/Src/main.o
                0x080008a4                SystemClock_Config
 .text.MX_ADC1_Init
                0x08000960       0xa4 ./Core/Src/main.o
 .text.MX_TIM3_Init
                0x08000a04       0xec ./Core/Src/main.o
 .text.MX_DMA_Init
                0x08000af0       0x40 ./Core/Src/main.o
 .text.MX_GPIO_Init
                0x08000b30       0xc4 ./Core/Src/main.o
 .text.Error_Handler
                0x08000bf4        0xc ./Core/Src/main.o
                0x08000bf4                Error_Handler
 .text.HAL_MspInit
                0x08000c00       0x5c ./Core/Src/stm32f4xx_hal_msp.o
                0x08000c00                HAL_MspInit
 .text.HAL_ADC_MspInit
                0x08000c5c       0x88 ./Core/Src/stm32f4xx_hal_msp.o
                0x08000c5c                HAL_ADC_MspInit
 .text.HAL_TIM_Base_MspInit
                0x08000ce4       0xb8 ./Core/Src/stm32f4xx_hal_msp.o
                0x08000ce4                HAL_TIM_Base_MspInit
 .text.HAL_TIM_MspPostInit
                0x08000d9c       0x74 ./Core/Src/stm32f4xx_hal_msp.o
                0x08000d9c                HAL_TIM_MspPostInit
 .text.NMI_Handler
                0x08000e10        0x8 ./Core/Src/stm32f4xx_it.o
                0x08000e10                NMI_Handler
 .text.HardFault_Handler
                0x08000e18        0x8 ./Core/Src/stm32f4xx_it.o
                0x08000e18                HardFault_Handler
 .text.MemManage_Handler
                0x08000e20        0x8 ./Core/Src/stm32f4xx_it.o
                0x08000e20                MemManage_Handler
 .text.BusFault_Handler
                0x08000e28        0x8 ./Core/Src/stm32f4xx_it.o
                0x08000e28                BusFault_Handler
 .text.UsageFault_Handler
                0x08000e30        0x8 ./Core/Src/stm32f4xx_it.o
                0x08000e30                UsageFault_Handler
 .text.SVC_Handler
                0x08000e38        0xe ./Core/Src/stm32f4xx_it.o
                0x08000e38                SVC_Handler
 .text.DebugMon_Handler
                0x08000e46        0xe ./Core/Src/stm32f4xx_it.o
                0x08000e46                DebugMon_Handler
 .text.PendSV_Handler
                0x08000e54        0xe ./Core/Src/stm32f4xx_it.o
                0x08000e54                PendSV_Handler
 .text.SysTick_Handler
                0x08000e62        0xc ./Core/Src/stm32f4xx_it.o
                0x08000e62                SysTick_Handler
 .text.RCC_IRQHandler
                0x08000e6e        0xe ./Core/Src/stm32f4xx_it.o
                0x08000e6e                RCC_IRQHandler
 .text.EXTI3_IRQHandler
                0x08000e7c        0xe ./Core/Src/stm32f4xx_it.o
                0x08000e7c                EXTI3_IRQHandler
 .text.EXTI4_IRQHandler
                0x08000e8a        0xe ./Core/Src/stm32f4xx_it.o
                0x08000e8a                EXTI4_IRQHandler
 .text.DMA1_Stream4_IRQHandler
                0x08000e98       0x14 ./Core/Src/stm32f4xx_it.o
                0x08000e98                DMA1_Stream4_IRQHandler
 .text._sbrk    0x08000eac       0x6c ./Core/Src/sysmem.o
                0x08000eac                _sbrk
 .text.SystemInit
                0x08000f18       0x24 ./Core/Src/system_stm32f4xx.o
                0x08000f18                SystemInit
 .text.Reset_Handler
                0x08000f3c       0x50 ./Core/Startup/startup_stm32f407vetx.o
                0x08000f3c                Reset_Handler
 .text.Default_Handler
                0x08000f8c        0x2 ./Core/Startup/startup_stm32f407vetx.o
                0x08000f8c                RTC_Alarm_IRQHandler
                0x08000f8c                HASH_RNG_IRQHandler
                0x08000f8c                EXTI2_IRQHandler
                0x08000f8c                TIM8_CC_IRQHandler
                0x08000f8c                TIM1_CC_IRQHandler
                0x08000f8c                DMA2_Stream5_IRQHandler
                0x08000f8c                DMA1_Stream5_IRQHandler
                0x08000f8c                PVD_IRQHandler
                0x08000f8c                SDIO_IRQHandler
                0x08000f8c                TAMP_STAMP_IRQHandler
                0x08000f8c                CAN2_RX1_IRQHandler
                0x08000f8c                TIM8_TRG_COM_TIM14_IRQHandler
                0x08000f8c                TIM1_UP_TIM10_IRQHandler
                0x08000f8c                TIM8_UP_TIM13_IRQHandler
                0x08000f8c                I2C3_ER_IRQHandler
                0x08000f8c                EXTI0_IRQHandler
                0x08000f8c                I2C2_EV_IRQHandler
                0x08000f8c                DMA1_Stream2_IRQHandler
                0x08000f8c                CAN1_RX0_IRQHandler
                0x08000f8c                FPU_IRQHandler
                0x08000f8c                OTG_HS_WKUP_IRQHandler
                0x08000f8c                CAN2_SCE_IRQHandler
                0x08000f8c                DMA2_Stream2_IRQHandler
                0x08000f8c                SPI1_IRQHandler
                0x08000f8c                TIM6_DAC_IRQHandler
                0x08000f8c                TIM1_BRK_TIM9_IRQHandler
                0x08000f8c                DCMI_IRQHandler
                0x08000f8c                CAN2_RX0_IRQHandler
                0x08000f8c                DMA2_Stream3_IRQHandler
                0x08000f8c                USART6_IRQHandler
                0x08000f8c                USART3_IRQHandler
                0x08000f8c                CAN1_RX1_IRQHandler
                0x08000f8c                UART5_IRQHandler
                0x08000f8c                DMA2_Stream0_IRQHandler
                0x08000f8c                TIM4_IRQHandler
                0x08000f8c                I2C1_EV_IRQHandler
                0x08000f8c                DMA1_Stream6_IRQHandler
                0x08000f8c                DMA1_Stream1_IRQHandler
                0x08000f8c                UART4_IRQHandler
                0x08000f8c                TIM3_IRQHandler
                0x08000f8c                TIM8_BRK_TIM12_IRQHandler
                0x08000f8c                Default_Handler
                0x08000f8c                EXTI15_10_IRQHandler
                0x08000f8c                ADC_IRQHandler
                0x08000f8c                DMA1_Stream7_IRQHandler
                0x08000f8c                TIM7_IRQHandler
                0x08000f8c                CAN2_TX_IRQHandler
                0x08000f8c                TIM5_IRQHandler
                0x08000f8c                DMA2_Stream7_IRQHandler
                0x08000f8c                I2C3_EV_IRQHandler
                0x08000f8c                EXTI9_5_IRQHandler
                0x08000f8c                RTC_WKUP_IRQHandler
                0x08000f8c                ETH_WKUP_IRQHandler
                0x08000f8c                SPI2_IRQHandler
                0x08000f8c                OTG_HS_EP1_IN_IRQHandler
                0x08000f8c                DMA1_Stream0_IRQHandler
                0x08000f8c                CAN1_TX_IRQHandler
                0x08000f8c                FSMC_IRQHandler
                0x08000f8c                ETH_IRQHandler
                0x08000f8c                OTG_HS_EP1_OUT_IRQHandler
                0x08000f8c                WWDG_IRQHandler
                0x08000f8c                TIM2_IRQHandler
                0x08000f8c                OTG_FS_WKUP_IRQHandler
                0x08000f8c                TIM1_TRG_COM_TIM11_IRQHandler
                0x08000f8c                OTG_HS_IRQHandler
                0x08000f8c                EXTI1_IRQHandler
                0x08000f8c                USART2_IRQHandler
                0x08000f8c                I2C2_ER_IRQHandler
                0x08000f8c                DMA2_Stream1_IRQHandler
                0x08000f8c                CAN1_SCE_IRQHandler
                0x08000f8c                FLASH_IRQHandler
                0x08000f8c                DMA2_Stream4_IRQHandler
                0x08000f8c                USART1_IRQHandler
                0x08000f8c                OTG_FS_IRQHandler
                0x08000f8c                SPI3_IRQHandler
                0x08000f8c                I2C1_ER_IRQHandler
                0x08000f8c                DMA2_Stream6_IRQHandler
                0x08000f8c                DMA1_Stream3_IRQHandler
 *fill*         0x08000f8e        0x2 
 .text.HAL_Init
                0x08000f90       0x44 ./Drivers/STM32F4xx_HAL_Driver/stm32f4xx_hal.o
                0x08000f90                HAL_Init
 .text.HAL_InitTick
                0x08000fd4       0x60 ./Drivers/STM32F4xx_HAL_Driver/stm32f4xx_hal.o
                0x08000fd4                HAL_InitTick
 .text.HAL_IncTick
                0x08001034       0x28 ./Drivers/STM32F4xx_HAL_Driver/stm32f4xx_hal.o
                0x08001034                HAL_IncTick
 .text.HAL_GetTick
                0x0800105c       0x18 ./Drivers/STM32F4xx_HAL_Driver/stm32f4xx_hal.o
                0x0800105c                HAL_GetTick
 .text.HAL_ADC_Init
                0x08001074       0x86 ./Drivers/STM32F4xx_HAL_Driver/stm32f4xx_hal_adc.o
                0x08001074                HAL_ADC_Init
 *fill*         0x080010fa        0x2 
 .text.HAL_ADC_Start
                0x080010fc      0x1a4 ./Drivers/STM32F4xx_HAL_Driver/stm32f4xx_hal_adc.o
                0x080010fc                HAL_ADC_Start
 .text.HAL_ADC_Stop
                0x080012a0       0x66 ./Drivers/STM32F4xx_HAL_Driver/stm32f4xx_hal_adc.o
                0x080012a0                HAL_ADC_Stop
 *fill*         0x08001306        0x2 
 .text.HAL_ADC_Start_DMA
                0x08001308      0x220 ./Drivers/STM32F4xx_HAL_Driver/stm32f4xx_hal_adc.o
                0x08001308                HAL_ADC_Start_DMA
 .text.HAL_ADC_GetValue
                0x08001528       0x1a ./Drivers/STM32F4xx_HAL_Driver/stm32f4xx_hal_adc.o
                0x08001528                HAL_ADC_GetValue
 .text.HAL_ADC_ConvCpltCallback
                0x08001542       0x14 ./Drivers/STM32F4xx_HAL_Driver/stm32f4xx_hal_adc.o
                0x08001542                HAL_ADC_ConvCpltCallback
 .text.HAL_ADC_ConvHalfCpltCallback
                0x08001556       0x14 ./Drivers/STM32F4xx_HAL_Driver/stm32f4xx_hal_adc.o
                0x08001556                HAL_ADC_ConvHalfCpltCallback
 .text.HAL_ADC_ErrorCallback
                0x0800156a       0x14 ./Drivers/STM32F4xx_HAL_Driver/stm32f4xx_hal_adc.o
                0x0800156a                HAL_ADC_ErrorCallback
 *fill*         0x0800157e        0x2 
 .text.HAL_ADC_ConfigChannel
                0x08001580      0x244 ./Drivers/STM32F4xx_HAL_Driver/stm32f4xx_hal_adc.o
                0x08001580                HAL_ADC_ConfigChannel
 .text.ADC_Init
                0x080017c4      0x1f8 ./Drivers/STM32F4xx_HAL_Driver/stm32f4xx_hal_adc.o
 .text.ADC_DMAConvCplt
                0x080019bc       0xba ./Drivers/STM32F4xx_HAL_Driver/stm32f4xx_hal_adc.o
 .text.ADC_DMAHalfConvCplt
                0x08001a76       0x1c ./Drivers/STM32F4xx_HAL_Driver/stm32f4xx_hal_adc.o
 .text.ADC_DMAError
                0x08001a92       0x2e ./Drivers/STM32F4xx_HAL_Driver/stm32f4xx_hal_adc.o
 .text.__NVIC_SetPriorityGrouping
                0x08001ac0       0x48 ./Drivers/STM32F4xx_HAL_Driver/stm32f4xx_hal_cortex.o
 .text.__NVIC_GetPriorityGrouping
                0x08001b08       0x1c ./Drivers/STM32F4xx_HAL_Driver/stm32f4xx_hal_cortex.o
 .text.__NVIC_EnableIRQ
                0x08001b24       0x3c ./Drivers/STM32F4xx_HAL_Driver/stm32f4xx_hal_cortex.o
 .text.__NVIC_SetPriority
                0x08001b60       0x54 ./Drivers/STM32F4xx_HAL_Driver/stm32f4xx_hal_cortex.o
 .text.NVIC_EncodePriority
                0x08001bb4       0x66 ./Drivers/STM32F4xx_HAL_Driver/stm32f4xx_hal_cortex.o
 *fill*         0x08001c1a        0x2 
 .text.SysTick_Config
                0x08001c1c       0x44 ./Drivers/STM32F4xx_HAL_Driver/stm32f4xx_hal_cortex.o
 .text.HAL_NVIC_SetPriorityGrouping
                0x08001c60       0x16 ./Drivers/STM32F4xx_HAL_Driver/stm32f4xx_hal_cortex.o
                0x08001c60                HAL_NVIC_SetPriorityGrouping
 .text.HAL_NVIC_SetPriority
                0x08001c76       0x38 ./Drivers/STM32F4xx_HAL_Driver/stm32f4xx_hal_cortex.o
                0x08001c76                HAL_NVIC_SetPriority
 .text.HAL_NVIC_EnableIRQ
                0x08001cae       0x1c ./Drivers/STM32F4xx_HAL_Driver/stm32f4xx_hal_cortex.o
                0x08001cae                HAL_NVIC_EnableIRQ
 .text.HAL_SYSTICK_Config
                0x08001cca       0x18 ./Drivers/STM32F4xx_HAL_Driver/stm32f4xx_hal_cortex.o
                0x08001cca                HAL_SYSTICK_Config
 *fill*         0x08001ce2        0x2 
 .text.HAL_DMA_Init
                0x08001ce4      0x15c ./Drivers/STM32F4xx_HAL_Driver/stm32f4xx_hal_dma.o
                0x08001ce4                HAL_DMA_Init
 .text.HAL_DMA_Start_IT
                0x08001e40       0xb0 ./Drivers/STM32F4xx_HAL_Driver/stm32f4xx_hal_dma.o
                0x08001e40                HAL_DMA_Start_IT
 .text.HAL_DMA_IRQHandler
                0x08001ef0      0x314 ./Drivers/STM32F4xx_HAL_Driver/stm32f4xx_hal_dma.o
                0x08001ef0                HAL_DMA_IRQHandler
 .text.DMA_SetConfig
                0x08002204       0x5c ./Drivers/STM32F4xx_HAL_Driver/stm32f4xx_hal_dma.o
 .text.DMA_CalcBaseAndBitshift
                0x08002260       0x6c ./Drivers/STM32F4xx_HAL_Driver/stm32f4xx_hal_dma.o
 .text.DMA_CheckFifoParam
                0x080022cc       0xf8 ./Drivers/STM32F4xx_HAL_Driver/stm32f4xx_hal_dma.o
 .text.HAL_GPIO_Init
                0x080023c4      0x338 ./Drivers/STM32F4xx_HAL_Driver/stm32f4xx_hal_gpio.o
                0x080023c4                HAL_GPIO_Init
 .text.HAL_GPIO_WritePin
                0x080026fc       0x32 ./Drivers/STM32F4xx_HAL_Driver/stm32f4xx_hal_gpio.o
                0x080026fc                HAL_GPIO_WritePin
 *fill*         0x0800272e        0x2 
 .text.HAL_GPIO_EXTI_IRQHandler
                0x08002730       0x30 ./Drivers/STM32F4xx_HAL_Driver/stm32f4xx_hal_gpio.o
                0x08002730                HAL_GPIO_EXTI_IRQHandler
 .text.HAL_RCC_OscConfig
                0x08002760      0x4f0 ./Drivers/STM32F4xx_HAL_Driver/stm32f4xx_hal_rcc.o
                0x08002760                HAL_RCC_OscConfig
 .text.HAL_RCC_ClockConfig
                0x08002c50      0x1cc ./Drivers/STM32F4xx_HAL_Driver/stm32f4xx_hal_rcc.o
                0x08002c50                HAL_RCC_ClockConfig
 .text.HAL_RCC_GetSysClockFreq
                0x08002e1c      0x18c ./Drivers/STM32F4xx_HAL_Driver/stm32f4xx_hal_rcc.o
                0x08002e1c                HAL_RCC_GetSysClockFreq
 .text.HAL_TIM_Base_Init
                0x08002fa8       0x9e ./Drivers/STM32F4xx_HAL_Driver/stm32f4xx_hal_tim.o
                0x08002fa8                HAL_TIM_Base_Init
 .text.HAL_TIM_PWM_Init
                0x08003046       0x9e ./Drivers/STM32F4xx_HAL_Driver/stm32f4xx_hal_tim.o
                0x08003046                HAL_TIM_PWM_Init
 .text.HAL_TIM_PWM_MspInit
                0x080030e4       0x14 ./Drivers/STM32F4xx_HAL_Driver/stm32f4xx_hal_tim.o
                0x080030e4                HAL_TIM_PWM_MspInit
 .text.HAL_TIM_PWM_Start_DMA
                0x080030f8      0x390 ./Drivers/STM32F4xx_HAL_Driver/stm32f4xx_hal_tim.o
                0x080030f8                HAL_TIM_PWM_Start_DMA
 .text.HAL_TIM_PWM_ConfigChannel
                0x08003488      0x184 ./Drivers/STM32F4xx_HAL_Driver/stm32f4xx_hal_tim.o
                0x08003488                HAL_TIM_PWM_ConfigChannel
 .text.HAL_TIM_ConfigClockSource
                0x0800360c      0x18e ./Drivers/STM32F4xx_HAL_Driver/stm32f4xx_hal_tim.o
                0x0800360c                HAL_TIM_ConfigClockSource
 .text.HAL_TIM_ErrorCallback
                0x0800379a       0x14 ./Drivers/STM32F4xx_HAL_Driver/stm32f4xx_hal_tim.o
                0x0800379a                HAL_TIM_ErrorCallback
 .text.TIM_DMAError
                0x080037ae       0x92 ./Drivers/STM32F4xx_HAL_Driver/stm32f4xx_hal_tim.o
                0x080037ae                TIM_DMAError
 .text.TIM_DMADelayPulseCplt
                0x08003840       0xa8 ./Drivers/STM32F4xx_HAL_Driver/stm32f4xx_hal_tim.o
 .text.TIM_DMADelayPulseHalfCplt
                0x080038e8       0x68 ./Drivers/STM32F4xx_HAL_Driver/stm32f4xx_hal_tim.o
                0x080038e8                TIM_DMADelayPulseHalfCplt
 .text.TIM_Base_SetConfig
                0x08003950      0x158 ./Drivers/STM32F4xx_HAL_Driver/stm32f4xx_hal_tim.o
                0x08003950                TIM_Base_SetConfig
 .text.TIM_OC1_SetConfig
                0x08003aa8       0xe0 ./Drivers/STM32F4xx_HAL_Driver/stm32f4xx_hal_tim.o
 .text.TIM_OC2_SetConfig
                0x08003b88       0xec ./Drivers/STM32F4xx_HAL_Driver/stm32f4xx_hal_tim.o
                0x08003b88                TIM_OC2_SetConfig
 .text.TIM_OC3_SetConfig
                0x08003c74       0xe8 ./Drivers/STM32F4xx_HAL_Driver/stm32f4xx_hal_tim.o
 .text.TIM_OC4_SetConfig
                0x08003d5c       0xac ./Drivers/STM32F4xx_HAL_Driver/stm32f4xx_hal_tim.o
 .text.TIM_TI1_ConfigInputStage
                0x08003e08       0x5e ./Drivers/STM32F4xx_HAL_Driver/stm32f4xx_hal_tim.o
 .text.TIM_TI2_ConfigInputStage
                0x08003e66       0x60 ./Drivers/STM32F4xx_HAL_Driver/stm32f4xx_hal_tim.o
 .text.TIM_ITRx_SetConfig
                0x08003ec6       0x36 ./Drivers/STM32F4xx_HAL_Driver/stm32f4xx_hal_tim.o
 .text.TIM_ETR_SetConfig
                0x08003efc       0x40 ./Drivers/STM32F4xx_HAL_Driver/stm32f4xx_hal_tim.o
                0x08003efc                TIM_ETR_SetConfig
 .text.TIM_CCxChannelCmd
                0x08003f3c       0x4a ./Drivers/STM32F4xx_HAL_Driver/stm32f4xx_hal_tim.o
                0x08003f3c                TIM_CCxChannelCmd
 *fill*         0x08003f86        0x2 
 .text.HAL_TIMEx_MasterConfigSynchronization
                0x08003f88       0xf8 ./Drivers/STM32F4xx_HAL_Driver/stm32f4xx_hal_tim_ex.o
                0x08003f88                HAL_TIMEx_MasterConfigSynchronization
 .text.ws2812_update_buffer
                0x08004080      0x150 ./src/ws2812.o
                0x08004080                ws2812_update_buffer
 .text.zeroLedValues
                0x080041d0       0x38 ./src/ws2812.o
                0x080041d0                zeroLedValues
 .text.setLedValues
                0x08004208       0x80 ./src/ws2812.o
                0x08004208                setLedValues
 .text.ws2812_init
                0x08004288       0x90 ./src/ws2812.o
                0x08004288                ws2812_init
 .text.ws2812_demos_set
                0x08004318       0x24 ./src/ws2812_demos.o
                0x08004318                ws2812_demos_set
 .text.ws2812_demos_tick
                0x0800433c      0x82c ./src/ws2812_demos.o
                0x0800433c                ws2812_demos_tick
 .text.arm_rfft_32_fast_init_f32
                0x08004b68       0x24 C:/Users/ASUS/STM32Cube/Repository/Packs/STMicroelectronics/X-CUBE-ALGOBUILD/1.4.0/Middlewares/Third_Party/ARM/DSP/Lib\libarm_cortexM4lf_math.a(arm_rfft_fast_init_f32.o)
 .text.arm_rfft_64_fast_init_f32
                0x08004b8c       0x24 C:/Users/ASUS/STM32Cube/Repository/Packs/STMicroelectronics/X-CUBE-ALGOBUILD/1.4.0/Middlewares/Third_Party/ARM/DSP/Lib\libarm_cortexM4lf_math.a(arm_rfft_fast_init_f32.o)
 .text.arm_rfft_128_fast_init_f32
                0x08004bb0       0x24 C:/Users/ASUS/STM32Cube/Repository/Packs/STMicroelectronics/X-CUBE-ALGOBUILD/1.4.0/Middlewares/Third_Party/ARM/DSP/Lib\libarm_cortexM4lf_math.a(arm_rfft_fast_init_f32.o)
 .text.arm_rfft_256_fast_init_f32
                0x08004bd4       0x24 C:/Users/ASUS/STM32Cube/Repository/Packs/STMicroelectronics/X-CUBE-ALGOBUILD/1.4.0/Middlewares/Third_Party/ARM/DSP/Lib\libarm_cortexM4lf_math.a(arm_rfft_fast_init_f32.o)
 .text.arm_rfft_512_fast_init_f32
                0x08004bf8       0x28 C:/Users/ASUS/STM32Cube/Repository/Packs/STMicroelectronics/X-CUBE-ALGOBUILD/1.4.0/Middlewares/Third_Party/ARM/DSP/Lib\libarm_cortexM4lf_math.a(arm_rfft_fast_init_f32.o)
 .text.arm_rfft_1024_fast_init_f32
                0x08004c20       0x28 C:/Users/ASUS/STM32Cube/Repository/Packs/STMicroelectronics/X-CUBE-ALGOBUILD/1.4.0/Middlewares/Third_Party/ARM/DSP/Lib\libarm_cortexM4lf_math.a(arm_rfft_fast_init_f32.o)
 .text.arm_rfft_2048_fast_init_f32
                0x08004c48       0x28 C:/Users/ASUS/STM32Cube/Repository/Packs/STMicroelectronics/X-CUBE-ALGOBUILD/1.4.0/Middlewares/Third_Party/ARM/DSP/Lib\libarm_cortexM4lf_math.a(arm_rfft_fast_init_f32.o)
 .text.arm_rfft_4096_fast_init_f32
                0x08004c70       0x28 C:/Users/ASUS/STM32Cube/Repository/Packs/STMicroelectronics/X-CUBE-ALGOBUILD/1.4.0/Middlewares/Third_Party/ARM/DSP/Lib\libarm_cortexM4lf_math.a(arm_rfft_fast_init_f32.o)
 .text.arm_rfft_fast_init_f32
                0x08004c98       0x74 C:/Users/ASUS/STM32Cube/Repository/Packs/STMicroelectronics/X-CUBE-ALGOBUILD/1.4.0/Middlewares/Third_Party/ARM/DSP/Lib\libarm_cortexM4lf_math.a(arm_rfft_fast_init_f32.o)
                0x08004c98                arm_rfft_fast_init_f32
 .text.stage_rfft_f32
                0x08004d0c       0xb4 C:/Users/ASUS/STM32Cube/Repository/Packs/STMicroelectronics/X-CUBE-ALGOBUILD/1.4.0/Middlewares/Third_Party/ARM/DSP/Lib\libarm_cortexM4lf_math.a(arm_rfft_fast_f32.o)
                0x08004d0c                stage_rfft_f32
 .text.merge_rfft_f32
                0x08004dc0       0xac C:/Users/ASUS/STM32Cube/Repository/Packs/STMicroelectronics/X-CUBE-ALGOBUILD/1.4.0/Middlewares/Third_Party/ARM/DSP/Lib\libarm_cortexM4lf_math.a(arm_rfft_fast_f32.o)
                0x08004dc0                merge_rfft_f32
 .text.arm_rfft_fast_f32
                0x08004e6c       0x38 C:/Users/ASUS/STM32Cube/Repository/Packs/STMicroelectronics/X-CUBE-ALGOBUILD/1.4.0/Middlewares/Third_Party/ARM/DSP/Lib\libarm_cortexM4lf_math.a(arm_rfft_fast_f32.o)
                0x08004e6c                arm_rfft_fast_f32
 .text.arm_cfft_radix8by2_f32
                0x08004ea4      0x1a4 C:/Users/ASUS/STM32Cube/Repository/Packs/STMicroelectronics/X-CUBE-ALGOBUILD/1.4.0/Middlewares/Third_Party/ARM/DSP/Lib\libarm_cortexM4lf_math.a(arm_cfft_f32.o)
                0x08004ea4                arm_cfft_radix8by2_f32
 .text.arm_cfft_radix8by4_f32
                0x08005048      0x4ac C:/Users/ASUS/STM32Cube/Repository/Packs/STMicroelectronics/X-CUBE-ALGOBUILD/1.4.0/Middlewares/Third_Party/ARM/DSP/Lib\libarm_cortexM4lf_math.a(arm_cfft_f32.o)
                0x08005048                arm_cfft_radix8by4_f32
 .text.arm_cfft_f32
                0x080054f4       0xf0 C:/Users/ASUS/STM32Cube/Repository/Packs/STMicroelectronics/X-CUBE-ALGOBUILD/1.4.0/Middlewares/Third_Party/ARM/DSP/Lib\libarm_cortexM4lf_math.a(arm_cfft_f32.o)
                0x080054f4                arm_cfft_f32
 .text.arm_bitreversal_32
                0x080055e4       0x40 C:/Users/ASUS/STM32Cube/Repository/Packs/STMicroelectronics/X-CUBE-ALGOBUILD/1.4.0/Middlewares/Third_Party/ARM/DSP/Lib\libarm_cortexM4lf_math.a(arm_bitreversal2.o)
                0x080055e4                arm_bitreversal_32
 .text.arm_cmplx_mag_f32
                0x08005624      0x248 C:/Users/ASUS/STM32Cube/Repository/Packs/STMicroelectronics/X-CUBE-ALGOBUILD/1.4.0/Middlewares/Third_Party/ARM/DSP/Lib\libarm_cortexM4lf_math.a(arm_cmplx_mag_f32.o)
                0x08005624                arm_cmplx_mag_f32
 .text.arm_cfft_init_f32
                0x0800586c       0xa4 C:/Users/ASUS/STM32Cube/Repository/Packs/STMicroelectronics/X-CUBE-ALGOBUILD/1.4.0/Middlewares/Third_Party/ARM/DSP/Lib\libarm_cortexM4lf_math.a(arm_cfft_init_f32.o)
                0x0800586c                arm_cfft_init_f32
 .text.arm_radix8_butterfly_f32
                0x08005910      0x598 C:/Users/ASUS/STM32Cube/Repository/Packs/STMicroelectronics/X-CUBE-ALGOBUILD/1.4.0/Middlewares/Third_Party/ARM/DSP/Lib\libarm_cortexM4lf_math.a(arm_cfft_radix8_f32.o)
                0x08005910                arm_radix8_butterfly_f32
 .text.malloc   0x08005ea8       0x10 D:/Progs/STM32CubeIDE_1.17.0/STM32CubeIDE/plugins/com.st.stm32cube.ide.mcu.externaltools.gnu-tools-for-stm32.12.3.rel1.win32_1.1.0.202410251130/tools/bin/../lib/gcc/arm-none-eabi/12.3.1/../../../../arm-none-eabi/lib/thumb/v7e-m+fp/hard\libc_nano.a(libc_a-malloc.o)
                0x08005ea8                malloc
 .text.sbrk_aligned
                0x08005eb8       0x44 D:/Progs/STM32CubeIDE_1.17.0/STM32CubeIDE/plugins/com.st.stm32cube.ide.mcu.externaltools.gnu-tools-for-stm32.12.3.rel1.win32_1.1.0.202410251130/tools/bin/../lib/gcc/arm-none-eabi/12.3.1/../../../../arm-none-eabi/lib/thumb/v7e-m+fp/hard\libc_nano.a(libc_a-mallocr.o)
 .text._malloc_r
                0x08005efc      0x100 D:/Progs/STM32CubeIDE_1.17.0/STM32CubeIDE/plugins/com.st.stm32cube.ide.mcu.externaltools.gnu-tools-for-stm32.12.3.rel1.win32_1.1.0.202410251130/tools/bin/../lib/gcc/arm-none-eabi/12.3.1/../../../../arm-none-eabi/lib/thumb/v7e-m+fp/hard\libc_nano.a(libc_a-mallocr.o)
                0x08005efc                _malloc_r
 .text.__malloc_lock
                0x08005ffc        0xc D:/Progs/STM32CubeIDE_1.17.0/STM32CubeIDE/plugins/com.st.stm32cube.ide.mcu.externaltools.gnu-tools-for-stm32.12.3.rel1.win32_1.1.0.202410251130/tools/bin/../lib/gcc/arm-none-eabi/12.3.1/../../../../arm-none-eabi/lib/thumb/v7e-m+fp/hard\libc_nano.a(libc_a-mlock.o)
                0x08005ffc                __malloc_lock
 .text.__malloc_unlock
                0x08006008        0xc D:/Progs/STM32CubeIDE_1.17.0/STM32CubeIDE/plugins/com.st.stm32cube.ide.mcu.externaltools.gnu-tools-for-stm32.12.3.rel1.win32_1.1.0.202410251130/tools/bin/../lib/gcc/arm-none-eabi/12.3.1/../../../../arm-none-eabi/lib/thumb/v7e-m+fp/hard\libc_nano.a(libc_a-mlock.o)
                0x08006008                __malloc_unlock
 .text.memset   0x08006014       0x10 D:/Progs/STM32CubeIDE_1.17.0/STM32CubeIDE/plugins/com.st.stm32cube.ide.mcu.externaltools.gnu-tools-for-stm32.12.3.rel1.win32_1.1.0.202410251130/tools/bin/../lib/gcc/arm-none-eabi/12.3.1/../../../../arm-none-eabi/lib/thumb/v7e-m+fp/hard\libc_nano.a(libc_a-memset.o)
                0x08006014                memset
 .text._sbrk_r  0x08006024       0x20 D:/Progs/STM32CubeIDE_1.17.0/STM32CubeIDE/plugins/com.st.stm32cube.ide.mcu.externaltools.gnu-tools-for-stm32.12.3.rel1.win32_1.1.0.202410251130/tools/bin/../lib/gcc/arm-none-eabi/12.3.1/../../../../arm-none-eabi/lib/thumb/v7e-m+fp/hard\libc_nano.a(libc_a-sbrkr.o)
                0x08006024                _sbrk_r
 .text.__errno  0x08006044        0xc D:/Progs/STM32CubeIDE_1.17.0/STM32CubeIDE/plugins/com.st.stm32cube.ide.mcu.externaltools.gnu-tools-for-stm32.12.3.rel1.win32_1.1.0.202410251130/tools/bin/../lib/gcc/arm-none-eabi/12.3.1/../../../../arm-none-eabi/lib/thumb/v7e-m+fp/hard\libc_nano.a(libc_a-errno.o)
                0x08006044                __errno
 .text.__libc_init_array
                0x08006050       0x48 D:/Progs/STM32CubeIDE_1.17.0/STM32CubeIDE/plugins/com.st.stm32cube.ide.mcu.externaltools.gnu-tools-for-stm32.12.3.rel1.win32_1.1.0.202410251130/tools/bin/../lib/gcc/arm-none-eabi/12.3.1/../../../../arm-none-eabi/lib/thumb/v7e-m+fp/hard\libc_nano.a(libc_a-init.o)
                0x08006050                __libc_init_array
 .text.__retarget_lock_acquire_recursive
                0x08006098        0x2 D:/Progs/STM32CubeIDE_1.17.0/STM32CubeIDE/plugins/com.st.stm32cube.ide.mcu.externaltools.gnu-tools-for-stm32.12.3.rel1.win32_1.1.0.202410251130/tools/bin/../lib/gcc/arm-none-eabi/12.3.1/../../../../arm-none-eabi/lib/thumb/v7e-m+fp/hard\libc_nano.a(libc_a-lock.o)
                0x08006098                __retarget_lock_acquire_recursive
 .text.__retarget_lock_release_recursive
                0x0800609a        0x2 D:/Progs/STM32CubeIDE_1.17.0/STM32CubeIDE/plugins/com.st.stm32cube.ide.mcu.externaltools.gnu-tools-for-stm32.12.3.rel1.win32_1.1.0.202410251130/tools/bin/../lib/gcc/arm-none-eabi/12.3.1/../../../../arm-none-eabi/lib/thumb/v7e-m+fp/hard\libc_nano.a(libc_a-lock.o)
                0x0800609a                __retarget_lock_release_recursive
 .text.memcpy   0x0800609c       0x1c D:/Progs/STM32CubeIDE_1.17.0/STM32CubeIDE/plugins/com.st.stm32cube.ide.mcu.externaltools.gnu-tools-for-stm32.12.3.rel1.win32_1.1.0.202410251130/tools/bin/../lib/gcc/arm-none-eabi/12.3.1/../../../../arm-none-eabi/lib/thumb/v7e-m+fp/hard\libc_nano.a(libc_a-memcpy-stub.o)
                0x0800609c                memcpy
 .text.sqrtf    0x080060b8       0x3c D:/Progs/STM32CubeIDE_1.17.0/STM32CubeIDE/plugins/com.st.stm32cube.ide.mcu.externaltools.gnu-tools-for-stm32.12.3.rel1.win32_1.1.0.202410251130/tools/bin/../lib/gcc/arm-none-eabi/12.3.1/../../../../arm-none-eabi/lib/thumb/v7e-m+fp/hard\libm.a(libm_a-wf_sqrt.o)
                0x080060b8                sqrtf
 .text.__ieee754_sqrtf
                0x080060f4        0x6 D:/Progs/STM32CubeIDE_1.17.0/STM32CubeIDE/plugins/com.st.stm32cube.ide.mcu.externaltools.gnu-tools-for-stm32.12.3.rel1.win32_1.1.0.202410251130/tools/bin/../lib/gcc/arm-none-eabi/12.3.1/../../../../arm-none-eabi/lib/thumb/v7e-m+fp/hard\libm.a(libm_a-ef_sqrt.o)
                0x080060f4                __ieee754_sqrtf
 *(.glue_7)
 .glue_7        0x080060fa        0x0 linker stubs
 *(.glue_7t)
 .glue_7t       0x080060fa        0x0 linker stubs
 *(.eh_frame)
 *fill*         0x080060fa        0x2 
 .eh_frame      0x080060fc        0x0 D:/Progs/STM32CubeIDE_1.17.0/STM32CubeIDE/plugins/com.st.stm32cube.ide.mcu.externaltools.gnu-tools-for-stm32.12.3.rel1.win32_1.1.0.202410251130/tools/bin/../lib/gcc/arm-none-eabi/12.3.1/thumb/v7e-m+fp/hard/crtbegin.o
 *(.init)
 .init          0x080060fc        0x4 D:/Progs/STM32CubeIDE_1.17.0/STM32CubeIDE/plugins/com.st.stm32cube.ide.mcu.externaltools.gnu-tools-for-stm32.12.3.rel1.win32_1.1.0.202410251130/tools/bin/../lib/gcc/arm-none-eabi/12.3.1/thumb/v7e-m+fp/hard/crti.o
                0x080060fc                _init
 .init          0x08006100        0x8 D:/Progs/STM32CubeIDE_1.17.0/STM32CubeIDE/plugins/com.st.stm32cube.ide.mcu.externaltools.gnu-tools-for-stm32.12.3.rel1.win32_1.1.0.202410251130/tools/bin/../lib/gcc/arm-none-eabi/12.3.1/thumb/v7e-m+fp/hard/crtn.o
 *(.fini)
 .fini          0x08006108        0x4 D:/Progs/STM32CubeIDE_1.17.0/STM32CubeIDE/plugins/com.st.stm32cube.ide.mcu.externaltools.gnu-tools-for-stm32.12.3.rel1.win32_1.1.0.202410251130/tools/bin/../lib/gcc/arm-none-eabi/12.3.1/thumb/v7e-m+fp/hard/crti.o
                0x08006108                _fini
 .fini          0x0800610c        0x8 D:/Progs/STM32CubeIDE_1.17.0/STM32CubeIDE/plugins/com.st.stm32cube.ide.mcu.externaltools.gnu-tools-for-stm32.12.3.rel1.win32_1.1.0.202410251130/tools/bin/../lib/gcc/arm-none-eabi/12.3.1/thumb/v7e-m+fp/hard/crtn.o
                0x08006114                        . = ALIGN (0x4)
                0x08006114                        _etext = .

.vfp11_veneer   0x08006114        0x0
 .vfp11_veneer  0x08006114        0x0 linker stubs

.v4_bx          0x08006114        0x0
 .v4_bx         0x08006114        0x0 linker stubs

.iplt           0x08006114        0x0
 .iplt          0x08006114        0x0 D:/Progs/STM32CubeIDE_1.17.0/STM32CubeIDE/plugins/com.st.stm32cube.ide.mcu.externaltools.gnu-tools-for-stm32.12.3.rel1.win32_1.1.0.202410251130/tools/bin/../lib/gcc/arm-none-eabi/12.3.1/thumb/v7e-m+fp/hard/crtbegin.o

.rodata         0x08006114    0x1e52c
                0x08006114                        . = ALIGN (0x4)
 *(.rodata)
 *(.rodata*)
 .rodata.AHBPrescTable
                0x08006114       0x10 ./Core/Src/system_stm32f4xx.o
                0x08006114                AHBPrescTable
 .rodata.flagBitshiftOffset.0
                0x08006124        0x8 ./Drivers/STM32F4xx_HAL_Driver/stm32f4xx_hal_dma.o
 .rodata.color_value
                0x0800612c     0x1000 ./src/color_values.o
                0x0800612c                color_value
 .rodata.led_line_colors
                0x0800712c       0x15 ./src/ws2812_demos.o
                0x0800712c                led_line_colors
 *fill*         0x08007141        0x3 
 .rodata.rainbow_colors
                0x08007144       0x60 ./src/ws2812_demos.o
                0x08007144                rainbow_colors
 .rodata.blue_to_red
                0x080071a4       0x30 ./src/ws2812_demos.o
                0x080071a4                blue_to_red
 .rodata.led_interval.4
                0x080071d4        0x4 ./src/ws2812_demos.o
 .rodata.armBitRevIndexTable1024
                0x080071d8      0xe10 C:/Users/ASUS/STM32Cube/Repository/Packs/STMicroelectronics/X-CUBE-ALGOBUILD/1.4.0/Middlewares/Third_Party/ARM/DSP/Lib\libarm_cortexM4lf_math.a(arm_common_tables.o)
                0x080071d8                armBitRevIndexTable1024
 .rodata.armBitRevIndexTable128
                0x08007fe8      0x1a0 C:/Users/ASUS/STM32Cube/Repository/Packs/STMicroelectronics/X-CUBE-ALGOBUILD/1.4.0/Middlewares/Third_Party/ARM/DSP/Lib\libarm_cortexM4lf_math.a(arm_common_tables.o)
                0x08007fe8                armBitRevIndexTable128
 .rodata.armBitRevIndexTable16
                0x08008188       0x28 C:/Users/ASUS/STM32Cube/Repository/Packs/STMicroelectronics/X-CUBE-ALGOBUILD/1.4.0/Middlewares/Third_Party/ARM/DSP/Lib\libarm_cortexM4lf_math.a(arm_common_tables.o)
                0x08008188                armBitRevIndexTable16
 .rodata.armBitRevIndexTable2048
                0x080081b0     0x1dc0 C:/Users/ASUS/STM32Cube/Repository/Packs/STMicroelectronics/X-CUBE-ALGOBUILD/1.4.0/Middlewares/Third_Party/ARM/DSP/Lib\libarm_cortexM4lf_math.a(arm_common_tables.o)
                0x080081b0                armBitRevIndexTable2048
 .rodata.armBitRevIndexTable256
                0x08009f70      0x370 C:/Users/ASUS/STM32Cube/Repository/Packs/STMicroelectronics/X-CUBE-ALGOBUILD/1.4.0/Middlewares/Third_Party/ARM/DSP/Lib\libarm_cortexM4lf_math.a(arm_common_tables.o)
                0x08009f70                armBitRevIndexTable256
 .rodata.armBitRevIndexTable32
                0x0800a2e0       0x60 C:/Users/ASUS/STM32Cube/Repository/Packs/STMicroelectronics/X-CUBE-ALGOBUILD/1.4.0/Middlewares/Third_Party/ARM/DSP/Lib\libarm_cortexM4lf_math.a(arm_common_tables.o)
                0x0800a2e0                armBitRevIndexTable32
 .rodata.armBitRevIndexTable4096
                0x0800a340     0x1f80 C:/Users/ASUS/STM32Cube/Repository/Packs/STMicroelectronics/X-CUBE-ALGOBUILD/1.4.0/Middlewares/Third_Party/ARM/DSP/Lib\libarm_cortexM4lf_math.a(arm_common_tables.o)
                0x0800a340                armBitRevIndexTable4096
 .rodata.armBitRevIndexTable512
                0x0800c2c0      0x380 C:/Users/ASUS/STM32Cube/Repository/Packs/STMicroelectronics/X-CUBE-ALGOBUILD/1.4.0/Middlewares/Third_Party/ARM/DSP/Lib\libarm_cortexM4lf_math.a(arm_common_tables.o)
                0x0800c2c0                armBitRevIndexTable512
 .rodata.armBitRevIndexTable64
                0x0800c640       0x70 C:/Users/ASUS/STM32Cube/Repository/Packs/STMicroelectronics/X-CUBE-ALGOBUILD/1.4.0/Middlewares/Third_Party/ARM/DSP/Lib\libarm_cortexM4lf_math.a(arm_common_tables.o)
                0x0800c640                armBitRevIndexTable64
 .rodata.twiddleCoef_1024
                0x0800c6b0     0x2000 C:/Users/ASUS/STM32Cube/Repository/Packs/STMicroelectronics/X-CUBE-ALGOBUILD/1.4.0/Middlewares/Third_Party/ARM/DSP/Lib\libarm_cortexM4lf_math.a(arm_common_tables.o)
                0x0800c6b0                twiddleCoef_1024
 .rodata.twiddleCoef_128
                0x0800e6b0      0x400 C:/Users/ASUS/STM32Cube/Repository/Packs/STMicroelectronics/X-CUBE-ALGOBUILD/1.4.0/Middlewares/Third_Party/ARM/DSP/Lib\libarm_cortexM4lf_math.a(arm_common_tables.o)
                0x0800e6b0                twiddleCoef_128
 .rodata.twiddleCoef_16
                0x0800eab0       0x80 C:/Users/ASUS/STM32Cube/Repository/Packs/STMicroelectronics/X-CUBE-ALGOBUILD/1.4.0/Middlewares/Third_Party/ARM/DSP/Lib\libarm_cortexM4lf_math.a(arm_common_tables.o)
                0x0800eab0                twiddleCoef_16
 .rodata.twiddleCoef_2048
                0x0800eb30     0x4000 C:/Users/ASUS/STM32Cube/Repository/Packs/STMicroelectronics/X-CUBE-ALGOBUILD/1.4.0/Middlewares/Third_Party/ARM/DSP/Lib\libarm_cortexM4lf_math.a(arm_common_tables.o)
                0x0800eb30                twiddleCoef_2048
 .rodata.twiddleCoef_256
                0x08012b30      0x800 C:/Users/ASUS/STM32Cube/Repository/Packs/STMicroelectronics/X-CUBE-ALGOBUILD/1.4.0/Middlewares/Third_Party/ARM/DSP/Lib\libarm_cortexM4lf_math.a(arm_common_tables.o)
                0x08012b30                twiddleCoef_256
 .rodata.twiddleCoef_32
                0x08013330      0x100 C:/Users/ASUS/STM32Cube/Repository/Packs/STMicroelectronics/X-CUBE-ALGOBUILD/1.4.0/Middlewares/Third_Party/ARM/DSP/Lib\libarm_cortexM4lf_math.a(arm_common_tables.o)
                0x08013330                twiddleCoef_32
 .rodata.twiddleCoef_4096
                0x08013430     0x8000 C:/Users/ASUS/STM32Cube/Repository/Packs/STMicroelectronics/X-CUBE-ALGOBUILD/1.4.0/Middlewares/Third_Party/ARM/DSP/Lib\libarm_cortexM4lf_math.a(arm_common_tables.o)
                0x08013430                twiddleCoef_4096
 .rodata.twiddleCoef_512
                0x0801b430     0x1000 C:/Users/ASUS/STM32Cube/Repository/Packs/STMicroelectronics/X-CUBE-ALGOBUILD/1.4.0/Middlewares/Third_Party/ARM/DSP/Lib\libarm_cortexM4lf_math.a(arm_common_tables.o)
                0x0801b430                twiddleCoef_512
 .rodata.twiddleCoef_64
                0x0801c430      0x200 C:/Users/ASUS/STM32Cube/Repository/Packs/STMicroelectronics/X-CUBE-ALGOBUILD/1.4.0/Middlewares/Third_Party/ARM/DSP/Lib\libarm_cortexM4lf_math.a(arm_common_tables.o)
                0x0801c430                twiddleCoef_64
 .rodata.twiddleCoef_rfft_1024
                0x0801c630     0x1000 C:/Users/ASUS/STM32Cube/Repository/Packs/STMicroelectronics/X-CUBE-ALGOBUILD/1.4.0/Middlewares/Third_Party/ARM/DSP/Lib\libarm_cortexM4lf_math.a(arm_common_tables.o)
                0x0801c630                twiddleCoef_rfft_1024
 .rodata.twiddleCoef_rfft_128
                0x0801d630      0x200 C:/Users/ASUS/STM32Cube/Repository/Packs/STMicroelectronics/X-CUBE-ALGOBUILD/1.4.0/Middlewares/Third_Party/ARM/DSP/Lib\libarm_cortexM4lf_math.a(arm_common_tables.o)
                0x0801d630                twiddleCoef_rfft_128
 .rodata.twiddleCoef_rfft_2048
                0x0801d830     0x2000 C:/Users/ASUS/STM32Cube/Repository/Packs/STMicroelectronics/X-CUBE-ALGOBUILD/1.4.0/Middlewares/Third_Party/ARM/DSP/Lib\libarm_cortexM4lf_math.a(arm_common_tables.o)
                0x0801d830                twiddleCoef_rfft_2048
 .rodata.twiddleCoef_rfft_256
                0x0801f830      0x400 C:/Users/ASUS/STM32Cube/Repository/Packs/STMicroelectronics/X-CUBE-ALGOBUILD/1.4.0/Middlewares/Third_Party/ARM/DSP/Lib\libarm_cortexM4lf_math.a(arm_common_tables.o)
                0x0801f830                twiddleCoef_rfft_256
 .rodata.twiddleCoef_rfft_32
                0x0801fc30       0x80 C:/Users/ASUS/STM32Cube/Repository/Packs/STMicroelectronics/X-CUBE-ALGOBUILD/1.4.0/Middlewares/Third_Party/ARM/DSP/Lib\libarm_cortexM4lf_math.a(arm_common_tables.o)
                0x0801fc30                twiddleCoef_rfft_32
 .rodata.twiddleCoef_rfft_4096
                0x0801fcb0     0x4000 C:/Users/ASUS/STM32Cube/Repository/Packs/STMicroelectronics/X-CUBE-ALGOBUILD/1.4.0/Middlewares/Third_Party/ARM/DSP/Lib\libarm_cortexM4lf_math.a(arm_common_tables.o)
                0x0801fcb0                twiddleCoef_rfft_4096
 .rodata.twiddleCoef_rfft_512
                0x08023cb0      0x800 C:/Users/ASUS/STM32Cube/Repository/Packs/STMicroelectronics/X-CUBE-ALGOBUILD/1.4.0/Middlewares/Third_Party/ARM/DSP/Lib\libarm_cortexM4lf_math.a(arm_common_tables.o)
                0x08023cb0                twiddleCoef_rfft_512
 .rodata.twiddleCoef_rfft_64
                0x080244b0      0x100 C:/Users/ASUS/STM32Cube/Repository/Packs/STMicroelectronics/X-CUBE-ALGOBUILD/1.4.0/Middlewares/Third_Party/ARM/DSP/Lib\libarm_cortexM4lf_math.a(arm_common_tables.o)
                0x080244b0                twiddleCoef_rfft_64
 .rodata.arm_cfft_sR_f32_len1024
                0x080245b0       0x10 C:/Users/ASUS/STM32Cube/Repository/Packs/STMicroelectronics/X-CUBE-ALGOBUILD/1.4.0/Middlewares/Third_Party/ARM/DSP/Lib\libarm_cortexM4lf_math.a(arm_const_structs.o)
                0x080245b0                arm_cfft_sR_f32_len1024
 .rodata.arm_cfft_sR_f32_len128
                0x080245c0       0x10 C:/Users/ASUS/STM32Cube/Repository/Packs/STMicroelectronics/X-CUBE-ALGOBUILD/1.4.0/Middlewares/Third_Party/ARM/DSP/Lib\libarm_cortexM4lf_math.a(arm_const_structs.o)
                0x080245c0                arm_cfft_sR_f32_len128
 .rodata.arm_cfft_sR_f32_len16
                0x080245d0       0x10 C:/Users/ASUS/STM32Cube/Repository/Packs/STMicroelectronics/X-CUBE-ALGOBUILD/1.4.0/Middlewares/Third_Party/ARM/DSP/Lib\libarm_cortexM4lf_math.a(arm_const_structs.o)
                0x080245d0                arm_cfft_sR_f32_len16
 .rodata.arm_cfft_sR_f32_len2048
                0x080245e0       0x10 C:/Users/ASUS/STM32Cube/Repository/Packs/STMicroelectronics/X-CUBE-ALGOBUILD/1.4.0/Middlewares/Third_Party/ARM/DSP/Lib\libarm_cortexM4lf_math.a(arm_const_structs.o)
                0x080245e0                arm_cfft_sR_f32_len2048
 .rodata.arm_cfft_sR_f32_len256
                0x080245f0       0x10 C:/Users/ASUS/STM32Cube/Repository/Packs/STMicroelectronics/X-CUBE-ALGOBUILD/1.4.0/Middlewares/Third_Party/ARM/DSP/Lib\libarm_cortexM4lf_math.a(arm_const_structs.o)
                0x080245f0                arm_cfft_sR_f32_len256
 .rodata.arm_cfft_sR_f32_len32
                0x08024600       0x10 C:/Users/ASUS/STM32Cube/Repository/Packs/STMicroelectronics/X-CUBE-ALGOBUILD/1.4.0/Middlewares/Third_Party/ARM/DSP/Lib\libarm_cortexM4lf_math.a(arm_const_structs.o)
                0x08024600                arm_cfft_sR_f32_len32
 .rodata.arm_cfft_sR_f32_len4096
                0x08024610       0x10 C:/Users/ASUS/STM32Cube/Repository/Packs/STMicroelectronics/X-CUBE-ALGOBUILD/1.4.0/Middlewares/Third_Party/ARM/DSP/Lib\libarm_cortexM4lf_math.a(arm_const_structs.o)
                0x08024610                arm_cfft_sR_f32_len4096
 .rodata.arm_cfft_sR_f32_len512
                0x08024620       0x10 C:/Users/ASUS/STM32Cube/Repository/Packs/STMicroelectronics/X-CUBE-ALGOBUILD/1.4.0/Middlewares/Third_Party/ARM/DSP/Lib\libarm_cortexM4lf_math.a(arm_const_structs.o)
                0x08024620                arm_cfft_sR_f32_len512
 .rodata.arm_cfft_sR_f32_len64
                0x08024630       0x10 C:/Users/ASUS/STM32Cube/Repository/Packs/STMicroelectronics/X-CUBE-ALGOBUILD/1.4.0/Middlewares/Third_Party/ARM/DSP/Lib\libarm_cortexM4lf_math.a(arm_const_structs.o)
                0x08024630                arm_cfft_sR_f32_len64
                0x08024640                        . = ALIGN (0x4)

.ARM.extab      0x08024640        0x0
                0x08024640                        . = ALIGN (0x4)
 *(.ARM.extab* .gnu.linkonce.armextab.*)
                0x08024640                        . = ALIGN (0x4)

.ARM            0x08024640        0x8
                0x08024640                        . = ALIGN (0x4)
                0x08024640                        __exidx_start = .
 *(.ARM.exidx*)
 .ARM.exidx     0x08024640        0x8 D:/Progs/STM32CubeIDE_1.17.0/STM32CubeIDE/plugins/com.st.stm32cube.ide.mcu.externaltools.gnu-tools-for-stm32.12.3.rel1.win32_1.1.0.202410251130/tools/bin/../lib/gcc/arm-none-eabi/12.3.1/thumb/v7e-m+fp/hard\libgcc.a(_udivmoddi4.o)
                0x08024648                        __exidx_end = .
                0x08024648                        . = ALIGN (0x4)

.preinit_array  0x08024648        0x0
                0x08024648                        . = ALIGN (0x4)
                0x08024648                        PROVIDE (__preinit_array_start = .)
 *(.preinit_array*)
                0x08024648                        PROVIDE (__preinit_array_end = .)
                0x08024648                        . = ALIGN (0x4)

.init_array     0x08024648        0x4
                0x08024648                        . = ALIGN (0x4)
                0x08024648                        PROVIDE (__init_array_start = .)
 *(SORT_BY_NAME(.init_array.*))
 *(.init_array*)
 .init_array    0x08024648        0x4 D:/Progs/STM32CubeIDE_1.17.0/STM32CubeIDE/plugins/com.st.stm32cube.ide.mcu.externaltools.gnu-tools-for-stm32.12.3.rel1.win32_1.1.0.202410251130/tools/bin/../lib/gcc/arm-none-eabi/12.3.1/thumb/v7e-m+fp/hard/crtbegin.o
                0x0802464c                        PROVIDE (__init_array_end = .)
                0x0802464c                        . = ALIGN (0x4)

.fini_array     0x0802464c        0x4
                0x0802464c                        . = ALIGN (0x4)
                [!provide]                        PROVIDE (__fini_array_start = .)
 *(SORT_BY_NAME(.fini_array.*))
 *(.fini_array*)
 .fini_array    0x0802464c        0x4 D:/Progs/STM32CubeIDE_1.17.0/STM32CubeIDE/plugins/com.st.stm32cube.ide.mcu.externaltools.gnu-tools-for-stm32.12.3.rel1.win32_1.1.0.202410251130/tools/bin/../lib/gcc/arm-none-eabi/12.3.1/thumb/v7e-m+fp/hard/crtbegin.o
                [!provide]                        PROVIDE (__fini_array_end = .)
                0x08024650                        . = ALIGN (0x4)
                0x08024650                        _sidata = LOADADDR (.data)

.rel.dyn        0x08024650        0x0
 .rel.iplt      0x08024650        0x0 D:/Progs/STM32CubeIDE_1.17.0/STM32CubeIDE/plugins/com.st.stm32cube.ide.mcu.externaltools.gnu-tools-for-stm32.12.3.rel1.win32_1.1.0.202410251130/tools/bin/../lib/gcc/arm-none-eabi/12.3.1/thumb/v7e-m+fp/hard/crtbegin.o

.data           0x20000000       0x68 load address 0x08024650
                0x20000000                        . = ALIGN (0x4)
                0x20000000                        _sdata = .
 *(.data)
 *(.data*)
 .data.SystemCoreClock
                0x20000000        0x4 ./Core/Src/system_stm32f4xx.o
                0x20000000                SystemCoreClock
 .data.uwTickPrio
                0x20000004        0x4 ./Drivers/STM32F4xx_HAL_Driver/stm32f4xx_hal.o
                0x20000004                uwTickPrio
 .data.uwTickFreq
                0x20000008        0x1 ./Drivers/STM32F4xx_HAL_Driver/stm32f4xx_hal.o
                0x20000008                uwTickFreq
 *fill*         0x20000009        0x3 
 .data.next_led.8
                0x2000000c        0x4 ./src/ws2812_demos.o
 .data.next_color.1
                0x20000010        0x4 ./src/ws2812_demos.o
 .data.fade.0   0x20000014        0x1 ./src/ws2812_demos.o
 *fill*         0x20000015        0x3 
 .data._impure_ptr
                0x20000018        0x4 D:/Progs/STM32CubeIDE_1.17.0/STM32CubeIDE/plugins/com.st.stm32cube.ide.mcu.externaltools.gnu-tools-for-stm32.12.3.rel1.win32_1.1.0.202410251130/tools/bin/../lib/gcc/arm-none-eabi/12.3.1/../../../../arm-none-eabi/lib/thumb/v7e-m+fp/hard\libc_nano.a(libc_a-impure.o)
                0x20000018                _impure_ptr
 .data._impure_data
                0x2000001c       0x4c D:/Progs/STM32CubeIDE_1.17.0/STM32CubeIDE/plugins/com.st.stm32cube.ide.mcu.externaltools.gnu-tools-for-stm32.12.3.rel1.win32_1.1.0.202410251130/tools/bin/../lib/gcc/arm-none-eabi/12.3.1/../../../../arm-none-eabi/lib/thumb/v7e-m+fp/hard\libc_nano.a(libc_a-impure.o)
                0x2000001c                _impure_data
 *(.RamFunc)
 *(.RamFunc*)
                0x20000068                        . = ALIGN (0x4)
                0x20000068                        _edata = .
                0x080246b8                        _siccmram = LOADADDR (.ccmram)

.igot.plt       0x20000068        0x0 load address 0x080246b8
 .igot.plt      0x20000068        0x0 D:/Progs/STM32CubeIDE_1.17.0/STM32CubeIDE/plugins/com.st.stm32cube.ide.mcu.externaltools.gnu-tools-for-stm32.12.3.rel1.win32_1.1.0.202410251130/tools/bin/../lib/gcc/arm-none-eabi/12.3.1/thumb/v7e-m+fp/hard/crtbegin.o

.ccmram         0x10000000        0x0 load address 0x080246b8
                0x10000000                        . = ALIGN (0x4)
                0x10000000                        _sccmram = .
 *(.ccmram)
 *(.ccmram*)
                0x10000000                        . = ALIGN (0x4)
                0x10000000                        _eccmram = .
                0x10000000                        . = ALIGN (0x4)

.bss            0x20000068     0x170c
                0x20000068                        _sbss = .
                0x20000068                        __bss_start__ = _sbss
 *(.bss)
 .bss           0x20000068       0x1c D:/Progs/STM32CubeIDE_1.17.0/STM32CubeIDE/plugins/com.st.stm32cube.ide.mcu.externaltools.gnu-tools-for-stm32.12.3.rel1.win32_1.1.0.202410251130/tools/bin/../lib/gcc/arm-none-eabi/12.3.1/thumb/v7e-m+fp/hard/crtbegin.o
 *(.bss*)
 .bss.hadc1     0x20000084       0x48 ./Core/Src/main.o
                0x20000084                hadc1
 .bss.htim3     0x200000cc       0x48 ./Core/Src/main.o
                0x200000cc                htim3
 .bss.hdma_tim3_ch1_trig
                0x20000114       0x60 ./Core/Src/main.o
                0x20000114                hdma_tim3_ch1_trig
 .bss.mode      0x20000174        0x1 ./Core/Src/main.o
                0x20000174                mode
 .bss.next      0x20000175        0x1 ./Core/Src/main.o
                0x20000175                next
 *fill*         0x20000176        0x2 
 .bss.input_fft
                0x20000178      0x800 ./Core/Src/main.o
                0x20000178                input_fft
 .bss.output_fft
                0x20000978      0x800 ./Core/Src/main.o
                0x20000978                output_fft
 .bss.output_fft_mag
                0x20001178      0x400 ./Core/Src/main.o
                0x20001178                output_fft_mag
 .bss.ws2812    0x20001578       0x80 ./Core/Src/main.o
                0x20001578                ws2812
 .bss.fft_instance
                0x200015f8       0x18 ./Core/Src/main.o
                0x200015f8                fft_instance
 .bss.__sbrk_heap_end
                0x20001610        0x4 ./Core/Src/sysmem.o
 .bss.uwTick    0x20001614        0x4 ./Drivers/STM32F4xx_HAL_Driver/stm32f4xx_hal.o
                0x20001614                uwTick
 .bss.active_demo
                0x20001618        0x1 ./src/ws2812_demos.o
                0x20001618                active_demo
 *fill*         0x20001619        0x1 
 .bss.line_led.7
                0x2000161a        0x2 ./src/ws2812_demos.o
 .bss.line_color.6
                0x2000161c        0x2 ./src/ws2812_demos.o
 *fill*         0x2000161e        0x2 
 .bss.line_count.5
                0x20001620        0x4 ./src/ws2812_demos.o
 .bss.smoothed_p1.3
                0x20001624        0x2 ./src/ws2812_demos.o
 *fill*         0x20001626        0x2 
 .bss.display_led.2
                0x20001628        0x4 ./src/ws2812_demos.o
 .bss.__malloc_sbrk_start
                0x2000162c        0x4 D:/Progs/STM32CubeIDE_1.17.0/STM32CubeIDE/plugins/com.st.stm32cube.ide.mcu.externaltools.gnu-tools-for-stm32.12.3.rel1.win32_1.1.0.202410251130/tools/bin/../lib/gcc/arm-none-eabi/12.3.1/../../../../arm-none-eabi/lib/thumb/v7e-m+fp/hard\libc_nano.a(libc_a-mallocr.o)
                0x2000162c                __malloc_sbrk_start
 .bss.__malloc_free_list
                0x20001630        0x4 D:/Progs/STM32CubeIDE_1.17.0/STM32CubeIDE/plugins/com.st.stm32cube.ide.mcu.externaltools.gnu-tools-for-stm32.12.3.rel1.win32_1.1.0.202410251130/tools/bin/../lib/gcc/arm-none-eabi/12.3.1/../../../../arm-none-eabi/lib/thumb/v7e-m+fp/hard\libc_nano.a(libc_a-mallocr.o)
                0x20001630                __malloc_free_list
 .bss.__sf      0x20001634      0x138 D:/Progs/STM32CubeIDE_1.17.0/STM32CubeIDE/plugins/com.st.stm32cube.ide.mcu.externaltools.gnu-tools-for-stm32.12.3.rel1.win32_1.1.0.202410251130/tools/bin/../lib/gcc/arm-none-eabi/12.3.1/../../../../arm-none-eabi/lib/thumb/v7e-m+fp/hard\libc_nano.a(libc_a-findfp.o)
                0x20001634                __sf
 .bss.errno     0x2000176c        0x4 D:/Progs/STM32CubeIDE_1.17.0/STM32CubeIDE/plugins/com.st.stm32cube.ide.mcu.externaltools.gnu-tools-for-stm32.12.3.rel1.win32_1.1.0.202410251130/tools/bin/../lib/gcc/arm-none-eabi/12.3.1/../../../../arm-none-eabi/lib/thumb/v7e-m+fp/hard\libc_nano.a(libc_a-reent.o)
                0x2000176c                errno
 .bss.__lock___malloc_recursive_mutex
                0x20001770        0x1 D:/Progs/STM32CubeIDE_1.17.0/STM32CubeIDE/plugins/com.st.stm32cube.ide.mcu.externaltools.gnu-tools-for-stm32.12.3.rel1.win32_1.1.0.202410251130/tools/bin/../lib/gcc/arm-none-eabi/12.3.1/../../../../arm-none-eabi/lib/thumb/v7e-m+fp/hard\libc_nano.a(libc_a-lock.o)
                0x20001770                __lock___malloc_recursive_mutex
 *(COMMON)
                0x20001774                        . = ALIGN (0x4)
 *fill*         0x20001771        0x3 
                0x20001774                        _ebss = .
                0x20001774                        __bss_end__ = _ebss

._user_heap_stack
                0x20001774      0x604
                0x20001778                        . = ALIGN (0x8)
 *fill*         0x20001774        0x4 
                [!provide]                        PROVIDE (end = .)
                0x20001778                        PROVIDE (_end = .)
                0x20001978                        . = (. + _Min_Heap_Size)
 *fill*         0x20001778      0x200 
                0x20001d78                        . = (. + _Min_Stack_Size)
 *fill*         0x20001978      0x400 
                0x20001d78                        . = ALIGN (0x8)

/DISCARD/
 libc.a(*)
 libm.a(*)
 libgcc.a(*)

.ARM.attributes
                0x00000000       0x30
 *(.ARM.attributes)
 .ARM.attributes
                0x00000000       0x22 D:/Progs/STM32CubeIDE_1.17.0/STM32CubeIDE/plugins/com.st.stm32cube.ide.mcu.externaltools.gnu-tools-for-stm32.12.3.rel1.win32_1.1.0.202410251130/tools/bin/../lib/gcc/arm-none-eabi/12.3.1/thumb/v7e-m+fp/hard/crti.o
 .ARM.attributes
                0x00000022       0x34 D:/Progs/STM32CubeIDE_1.17.0/STM32CubeIDE/plugins/com.st.stm32cube.ide.mcu.externaltools.gnu-tools-for-stm32.12.3.rel1.win32_1.1.0.202410251130/tools/bin/../lib/gcc/arm-none-eabi/12.3.1/thumb/v7e-m+fp/hard/crtbegin.o
 .ARM.attributes
                0x00000056       0x34 ./Core/Src/main.o
 .ARM.attributes
                0x0000008a       0x34 ./Core/Src/stm32f4xx_hal_msp.o
 .ARM.attributes
                0x000000be       0x34 ./Core/Src/stm32f4xx_it.o
 .ARM.attributes
                0x000000f2       0x34 ./Core/Src/sysmem.o
 .ARM.attributes
                0x00000126       0x34 ./Core/Src/system_stm32f4xx.o
 .ARM.attributes
                0x0000015a       0x21 ./Core/Startup/startup_stm32f407vetx.o
 .ARM.attributes
                0x0000017b       0x34 ./Drivers/STM32F4xx_HAL_Driver/stm32f4xx_hal.o
 .ARM.attributes
                0x000001af       0x34 ./Drivers/STM32F4xx_HAL_Driver/stm32f4xx_hal_adc.o
 .ARM.attributes
                0x000001e3       0x34 ./Drivers/STM32F4xx_HAL_Driver/stm32f4xx_hal_cortex.o
 .ARM.attributes
                0x00000217       0x34 ./Drivers/STM32F4xx_HAL_Driver/stm32f4xx_hal_dma.o
 .ARM.attributes
                0x0000024b       0x34 ./Drivers/STM32F4xx_HAL_Driver/stm32f4xx_hal_gpio.o
 .ARM.attributes
                0x0000027f       0x34 ./Drivers/STM32F4xx_HAL_Driver/stm32f4xx_hal_rcc.o
 .ARM.attributes
                0x000002b3       0x34 ./Drivers/STM32F4xx_HAL_Driver/stm32f4xx_hal_tim.o
 .ARM.attributes
                0x000002e7       0x34 ./Drivers/STM32F4xx_HAL_Driver/stm32f4xx_hal_tim_ex.o
 .ARM.attributes
                0x0000031b       0x34 ./src/color_values.o
 .ARM.attributes
                0x0000034f       0x34 ./src/ws2812.o
 .ARM.attributes
                0x00000383       0x34 ./src/ws2812_demos.o
 .ARM.attributes
                0x000003b7       0x34 C:/Users/ASUS/STM32Cube/Repository/Packs/STMicroelectronics/X-CUBE-ALGOBUILD/1.4.0/Middlewares/Third_Party/ARM/DSP/Lib\libarm_cortexM4lf_math.a(arm_rfft_fast_init_f32.o)
 .ARM.attributes
                0x000003eb       0x34 C:/Users/ASUS/STM32Cube/Repository/Packs/STMicroelectronics/X-CUBE-ALGOBUILD/1.4.0/Middlewares/Third_Party/ARM/DSP/Lib\libarm_cortexM4lf_math.a(arm_rfft_fast_f32.o)
 .ARM.attributes
                0x0000041f       0x34 C:/Users/ASUS/STM32Cube/Repository/Packs/STMicroelectronics/X-CUBE-ALGOBUILD/1.4.0/Middlewares/Third_Party/ARM/DSP/Lib\libarm_cortexM4lf_math.a(arm_cfft_f32.o)
 .ARM.attributes
                0x00000453       0x34 C:/Users/ASUS/STM32Cube/Repository/Packs/STMicroelectronics/X-CUBE-ALGOBUILD/1.4.0/Middlewares/Third_Party/ARM/DSP/Lib\libarm_cortexM4lf_math.a(arm_bitreversal2.o)
 .ARM.attributes
                0x00000487       0x34 C:/Users/ASUS/STM32Cube/Repository/Packs/STMicroelectronics/X-CUBE-ALGOBUILD/1.4.0/Middlewares/Third_Party/ARM/DSP/Lib\libarm_cortexM4lf_math.a(arm_cmplx_mag_f32.o)
 .ARM.attributes
                0x000004bb       0x39 C:/Users/ASUS/STM32Cube/Repository/Packs/STMicroelectronics/X-CUBE-ALGOBUILD/1.4.0/Middlewares/Third_Party/ARM/DSP/Lib\libarm_cortexM4lf_math.a(arm_common_tables.o)
 .ARM.attributes
                0x000004f4       0x34 C:/Users/ASUS/STM32Cube/Repository/Packs/STMicroelectronics/X-CUBE-ALGOBUILD/1.4.0/Middlewares/Third_Party/ARM/DSP/Lib\libarm_cortexM4lf_math.a(arm_cfft_init_f32.o)
 .ARM.attributes
                0x00000528       0x34 C:/Users/ASUS/STM32Cube/Repository/Packs/STMicroelectronics/X-CUBE-ALGOBUILD/1.4.0/Middlewares/Third_Party/ARM/DSP/Lib\libarm_cortexM4lf_math.a(arm_cfft_radix8_f32.o)
 .ARM.attributes
                0x0000055c       0x39 C:/Users/ASUS/STM32Cube/Repository/Packs/STMicroelectronics/X-CUBE-ALGOBUILD/1.4.0/Middlewares/Third_Party/ARM/DSP/Lib\libarm_cortexM4lf_math.a(arm_const_structs.o)
 .ARM.attributes
                0x00000595       0x34 D:/Progs/STM32CubeIDE_1.17.0/STM32CubeIDE/plugins/com.st.stm32cube.ide.mcu.externaltools.gnu-tools-for-stm32.12.3.rel1.win32_1.1.0.202410251130/tools/bin/../lib/gcc/arm-none-eabi/12.3.1/../../../../arm-none-eabi/lib/thumb/v7e-m+fp/hard\libc_nano.a(libc_a-malloc.o)
 .ARM.attributes
                0x000005c9       0x34 D:/Progs/STM32CubeIDE_1.17.0/STM32CubeIDE/plugins/com.st.stm32cube.ide.mcu.externaltools.gnu-tools-for-stm32.12.3.rel1.win32_1.1.0.202410251130/tools/bin/../lib/gcc/arm-none-eabi/12.3.1/../../../../arm-none-eabi/lib/thumb/v7e-m+fp/hard\libc_nano.a(libc_a-mallocr.o)
 .ARM.attributes
                0x000005fd       0x34 D:/Progs/STM32CubeIDE_1.17.0/STM32CubeIDE/plugins/com.st.stm32cube.ide.mcu.externaltools.gnu-tools-for-stm32.12.3.rel1.win32_1.1.0.202410251130/tools/bin/../lib/gcc/arm-none-eabi/12.3.1/../../../../arm-none-eabi/lib/thumb/v7e-m+fp/hard\libc_nano.a(libc_a-mlock.o)
 .ARM.attributes
                0x00000631       0x34 D:/Progs/STM32CubeIDE_1.17.0/STM32CubeIDE/plugins/com.st.stm32cube.ide.mcu.externaltools.gnu-tools-for-stm32.12.3.rel1.win32_1.1.0.202410251130/tools/bin/../lib/gcc/arm-none-eabi/12.3.1/../../../../arm-none-eabi/lib/thumb/v7e-m+fp/hard\libc_nano.a(libc_a-findfp.o)
 .ARM.attributes
                0x00000665       0x34 D:/Progs/STM32CubeIDE_1.17.0/STM32CubeIDE/plugins/com.st.stm32cube.ide.mcu.externaltools.gnu-tools-for-stm32.12.3.rel1.win32_1.1.0.202410251130/tools/bin/../lib/gcc/arm-none-eabi/12.3.1/../../../../arm-none-eabi/lib/thumb/v7e-m+fp/hard\libc_nano.a(libc_a-memset.o)
 .ARM.attributes
                0x00000699       0x34 D:/Progs/STM32CubeIDE_1.17.0/STM32CubeIDE/plugins/com.st.stm32cube.ide.mcu.externaltools.gnu-tools-for-stm32.12.3.rel1.win32_1.1.0.202410251130/tools/bin/../lib/gcc/arm-none-eabi/12.3.1/../../../../arm-none-eabi/lib/thumb/v7e-m+fp/hard\libc_nano.a(libc_a-reent.o)
 .ARM.attributes
                0x000006cd       0x34 D:/Progs/STM32CubeIDE_1.17.0/STM32CubeIDE/plugins/com.st.stm32cube.ide.mcu.externaltools.gnu-tools-for-stm32.12.3.rel1.win32_1.1.0.202410251130/tools/bin/../lib/gcc/arm-none-eabi/12.3.1/../../../../arm-none-eabi/lib/thumb/v7e-m+fp/hard\libc_nano.a(libc_a-impure.o)
 .ARM.attributes
                0x00000701       0x34 D:/Progs/STM32CubeIDE_1.17.0/STM32CubeIDE/plugins/com.st.stm32cube.ide.mcu.externaltools.gnu-tools-for-stm32.12.3.rel1.win32_1.1.0.202410251130/tools/bin/../lib/gcc/arm-none-eabi/12.3.1/../../../../arm-none-eabi/lib/thumb/v7e-m+fp/hard\libc_nano.a(libc_a-sbrkr.o)
 .ARM.attributes
                0x00000735       0x34 D:/Progs/STM32CubeIDE_1.17.0/STM32CubeIDE/plugins/com.st.stm32cube.ide.mcu.externaltools.gnu-tools-for-stm32.12.3.rel1.win32_1.1.0.202410251130/tools/bin/../lib/gcc/arm-none-eabi/12.3.1/../../../../arm-none-eabi/lib/thumb/v7e-m+fp/hard\libc_nano.a(libc_a-errno.o)
 .ARM.attributes
                0x00000769       0x34 D:/Progs/STM32CubeIDE_1.17.0/STM32CubeIDE/plugins/com.st.stm32cube.ide.mcu.externaltools.gnu-tools-for-stm32.12.3.rel1.win32_1.1.0.202410251130/tools/bin/../lib/gcc/arm-none-eabi/12.3.1/../../../../arm-none-eabi/lib/thumb/v7e-m+fp/hard\libc_nano.a(libc_a-init.o)
 .ARM.attributes
                0x0000079d       0x34 D:/Progs/STM32CubeIDE_1.17.0/STM32CubeIDE/plugins/com.st.stm32cube.ide.mcu.externaltools.gnu-tools-for-stm32.12.3.rel1.win32_1.1.0.202410251130/tools/bin/../lib/gcc/arm-none-eabi/12.3.1/../../../../arm-none-eabi/lib/thumb/v7e-m+fp/hard\libc_nano.a(libc_a-lock.o)
 .ARM.attributes
                0x000007d1       0x34 D:/Progs/STM32CubeIDE_1.17.0/STM32CubeIDE/plugins/com.st.stm32cube.ide.mcu.externaltools.gnu-tools-for-stm32.12.3.rel1.win32_1.1.0.202410251130/tools/bin/../lib/gcc/arm-none-eabi/12.3.1/../../../../arm-none-eabi/lib/thumb/v7e-m+fp/hard\libc_nano.a(libc_a-memcpy-stub.o)
 .ARM.attributes
                0x00000805       0x34 D:/Progs/STM32CubeIDE_1.17.0/STM32CubeIDE/plugins/com.st.stm32cube.ide.mcu.externaltools.gnu-tools-for-stm32.12.3.rel1.win32_1.1.0.202410251130/tools/bin/../lib/gcc/arm-none-eabi/12.3.1/../../../../arm-none-eabi/lib/thumb/v7e-m+fp/hard\libm.a(libm_a-wf_sqrt.o)
 .ARM.attributes
                0x00000839       0x34 D:/Progs/STM32CubeIDE_1.17.0/STM32CubeIDE/plugins/com.st.stm32cube.ide.mcu.externaltools.gnu-tools-for-stm32.12.3.rel1.win32_1.1.0.202410251130/tools/bin/../lib/gcc/arm-none-eabi/12.3.1/../../../../arm-none-eabi/lib/thumb/v7e-m+fp/hard\libm.a(libm_a-ef_sqrt.o)
 .ARM.attributes
                0x0000086d       0x22 D:/Progs/STM32CubeIDE_1.17.0/STM32CubeIDE/plugins/com.st.stm32cube.ide.mcu.externaltools.gnu-tools-for-stm32.12.3.rel1.win32_1.1.0.202410251130/tools/bin/../lib/gcc/arm-none-eabi/12.3.1/thumb/v7e-m+fp/hard\libgcc.a(_aeabi_uldivmod.o)
 .ARM.attributes
                0x0000088f       0x34 D:/Progs/STM32CubeIDE_1.17.0/STM32CubeIDE/plugins/com.st.stm32cube.ide.mcu.externaltools.gnu-tools-for-stm32.12.3.rel1.win32_1.1.0.202410251130/tools/bin/../lib/gcc/arm-none-eabi/12.3.1/thumb/v7e-m+fp/hard\libgcc.a(_udivmoddi4.o)
 .ARM.attributes
                0x000008c3       0x22 D:/Progs/STM32CubeIDE_1.17.0/STM32CubeIDE/plugins/com.st.stm32cube.ide.mcu.externaltools.gnu-tools-for-stm32.12.3.rel1.win32_1.1.0.202410251130/tools/bin/../lib/gcc/arm-none-eabi/12.3.1/thumb/v7e-m+fp/hard\libgcc.a(_dvmd_tls.o)
 .ARM.attributes
                0x000008e5       0x22 D:/Progs/STM32CubeIDE_1.17.0/STM32CubeIDE/plugins/com.st.stm32cube.ide.mcu.externaltools.gnu-tools-for-stm32.12.3.rel1.win32_1.1.0.202410251130/tools/bin/../lib/gcc/arm-none-eabi/12.3.1/thumb/v7e-m+fp/hard/crtn.o
OUTPUT(leds.elf elf32-littlearm)
LOAD linker stubs
LOAD D:/Progs/STM32CubeIDE_1.17.0/STM32CubeIDE/plugins/com.st.stm32cube.ide.mcu.externaltools.gnu-tools-for-stm32.12.3.rel1.win32_1.1.0.202410251130/tools/bin/../lib/gcc/arm-none-eabi/12.3.1/../../../../arm-none-eabi/lib/thumb/v7e-m+fp/hard\libc.a
LOAD D:/Progs/STM32CubeIDE_1.17.0/STM32CubeIDE/plugins/com.st.stm32cube.ide.mcu.externaltools.gnu-tools-for-stm32.12.3.rel1.win32_1.1.0.202410251130/tools/bin/../lib/gcc/arm-none-eabi/12.3.1/../../../../arm-none-eabi/lib/thumb/v7e-m+fp/hard\libm.a
LOAD D:/Progs/STM32CubeIDE_1.17.0/STM32CubeIDE/plugins/com.st.stm32cube.ide.mcu.externaltools.gnu-tools-for-stm32.12.3.rel1.win32_1.1.0.202410251130/tools/bin/../lib/gcc/arm-none-eabi/12.3.1/thumb/v7e-m+fp/hard\libgcc.a

.debug_info     0x00000000    0x19fe4
 .debug_info    0x00000000     0x1984 ./Core/Src/main.o
 .debug_info    0x00001984      0xfe3 ./Core/Src/stm32f4xx_hal_msp.o
 .debug_info    0x00002967      0x403 ./Core/Src/stm32f4xx_it.o
 .debug_info    0x00002d6a      0x168 ./Core/Src/sysmem.o
 .debug_info    0x00002ed2      0x512 ./Core/Src/system_stm32f4xx.o
 .debug_info    0x000033e4       0x30 ./Core/Startup/startup_stm32f407vetx.o
 .debug_info    0x00003414      0x944 ./Drivers/STM32F4xx_HAL_Driver/stm32f4xx_hal.o
 .debug_info    0x00003d58      0xcd4 ./Drivers/STM32F4xx_HAL_Driver/stm32f4xx_hal_adc.o
 .debug_info    0x00004a2c      0xd8c ./Drivers/STM32F4xx_HAL_Driver/stm32f4xx_hal_cortex.o
 .debug_info    0x000057b8      0x8e7 ./Drivers/STM32F4xx_HAL_Driver/stm32f4xx_hal_dma.o
 .debug_info    0x0000609f      0x6c3 ./Drivers/STM32F4xx_HAL_Driver/stm32f4xx_hal_gpio.o
 .debug_info    0x00006762      0x8af ./Drivers/STM32F4xx_HAL_Driver/stm32f4xx_hal_rcc.o
 .debug_info    0x00007011     0x299d ./Drivers/STM32F4xx_HAL_Driver/stm32f4xx_hal_tim.o
 .debug_info    0x000099ae     0x14db ./Drivers/STM32F4xx_HAL_Driver/stm32f4xx_hal_tim_ex.o
 .debug_info    0x0000ae89       0xc2 ./src/color_values.o
 .debug_info    0x0000af4b      0xa29 ./src/ws2812.o
 .debug_info    0x0000b974      0xa06 ./src/ws2812_demos.o
 .debug_info    0x0000c37a     0x1c2f C:/Users/ASUS/STM32Cube/Repository/Packs/STMicroelectronics/X-CUBE-ALGOBUILD/1.4.0/Middlewares/Third_Party/ARM/DSP/Lib\libarm_cortexM4lf_math.a(arm_rfft_fast_init_f32.o)
 .debug_info    0x0000dfa9      0xfb8 C:/Users/ASUS/STM32Cube/Repository/Packs/STMicroelectronics/X-CUBE-ALGOBUILD/1.4.0/Middlewares/Third_Party/ARM/DSP/Lib\libarm_cortexM4lf_math.a(arm_rfft_fast_f32.o)
 .debug_info    0x0000ef61     0x1ed6 C:/Users/ASUS/STM32Cube/Repository/Packs/STMicroelectronics/X-CUBE-ALGOBUILD/1.4.0/Middlewares/Third_Party/ARM/DSP/Lib\libarm_cortexM4lf_math.a(arm_cfft_f32.o)
 .debug_info    0x00010e37     0x19aa C:/Users/ASUS/STM32Cube/Repository/Packs/STMicroelectronics/X-CUBE-ALGOBUILD/1.4.0/Middlewares/Third_Party/ARM/DSP/Lib\libarm_cortexM4lf_math.a(arm_bitreversal2.o)
 .debug_info    0x000127e1      0xcbb C:/Users/ASUS/STM32Cube/Repository/Packs/STMicroelectronics/X-CUBE-ALGOBUILD/1.4.0/Middlewares/Third_Party/ARM/DSP/Lib\libarm_cortexM4lf_math.a(arm_cmplx_mag_f32.o)
 .debug_info    0x0001349c     0x1e86 C:/Users/ASUS/STM32Cube/Repository/Packs/STMicroelectronics/X-CUBE-ALGOBUILD/1.4.0/Middlewares/Third_Party/ARM/DSP/Lib\libarm_cortexM4lf_math.a(arm_common_tables.o)
 .debug_info    0x00015322     0x1c05 C:/Users/ASUS/STM32Cube/Repository/Packs/STMicroelectronics/X-CUBE-ALGOBUILD/1.4.0/Middlewares/Third_Party/ARM/DSP/Lib\libarm_cortexM4lf_math.a(arm_cfft_init_f32.o)
 .debug_info    0x00016f27      0xeda C:/Users/ASUS/STM32Cube/Repository/Packs/STMicroelectronics/X-CUBE-ALGOBUILD/1.4.0/Middlewares/Third_Party/ARM/DSP/Lib\libarm_cortexM4lf_math.a(arm_cfft_radix8_f32.o)
 .debug_info    0x00017e01     0x21e3 C:/Users/ASUS/STM32Cube/Repository/Packs/STMicroelectronics/X-CUBE-ALGOBUILD/1.4.0/Middlewares/Third_Party/ARM/DSP/Lib\libarm_cortexM4lf_math.a(arm_const_structs.o)

.debug_abbrev   0x00000000     0x34bb
 .debug_abbrev  0x00000000      0x2c8 ./Core/Src/main.o
 .debug_abbrev  0x000002c8      0x215 ./Core/Src/stm32f4xx_hal_msp.o
 .debug_abbrev  0x000004dd      0x17e ./Core/Src/stm32f4xx_it.o
 .debug_abbrev  0x0000065b       0xbc ./Core/Src/sysmem.o
 .debug_abbrev  0x00000717      0x11a ./Core/Src/system_stm32f4xx.o
 .debug_abbrev  0x00000831       0x24 ./Core/Startup/startup_stm32f407vetx.o
 .debug_abbrev  0x00000855      0x214 ./Drivers/STM32F4xx_HAL_Driver/stm32f4xx_hal.o
 .debug_abbrev  0x00000a69      0x252 ./Drivers/STM32F4xx_HAL_Driver/stm32f4xx_hal_adc.o
 .debug_abbrev  0x00000cbb      0x31d ./Drivers/STM32F4xx_HAL_Driver/stm32f4xx_hal_cortex.o
 .debug_abbrev  0x00000fd8      0x264 ./Drivers/STM32F4xx_HAL_Driver/stm32f4xx_hal_dma.o
 .debug_abbrev  0x0000123c      0x1d4 ./Drivers/STM32F4xx_HAL_Driver/stm32f4xx_hal_gpio.o
 .debug_abbrev  0x00001410      0x2b7 ./Drivers/STM32F4xx_HAL_Driver/stm32f4xx_hal_rcc.o
 .debug_abbrev  0x000016c7      0x278 ./Drivers/STM32F4xx_HAL_Driver/stm32f4xx_hal_tim.o
 .debug_abbrev  0x0000193f      0x283 ./Drivers/STM32F4xx_HAL_Driver/stm32f4xx_hal_tim_ex.o
 .debug_abbrev  0x00001bc2       0x72 ./src/color_values.o
 .debug_abbrev  0x00001c34      0x216 ./src/ws2812.o
 .debug_abbrev  0x00001e4a      0x205 ./src/ws2812_demos.o
 .debug_abbrev  0x0000204f      0x2c9 C:/Users/ASUS/STM32Cube/Repository/Packs/STMicroelectronics/X-CUBE-ALGOBUILD/1.4.0/Middlewares/Third_Party/ARM/DSP/Lib\libarm_cortexM4lf_math.a(arm_rfft_fast_init_f32.o)
 .debug_abbrev  0x00002318      0x260 C:/Users/ASUS/STM32Cube/Repository/Packs/STMicroelectronics/X-CUBE-ALGOBUILD/1.4.0/Middlewares/Third_Party/ARM/DSP/Lib\libarm_cortexM4lf_math.a(arm_rfft_fast_f32.o)
 .debug_abbrev  0x00002578      0x288 C:/Users/ASUS/STM32Cube/Repository/Packs/STMicroelectronics/X-CUBE-ALGOBUILD/1.4.0/Middlewares/Third_Party/ARM/DSP/Lib\libarm_cortexM4lf_math.a(arm_cfft_f32.o)
 .debug_abbrev  0x00002800      0x21a C:/Users/ASUS/STM32Cube/Repository/Packs/STMicroelectronics/X-CUBE-ALGOBUILD/1.4.0/Middlewares/Third_Party/ARM/DSP/Lib\libarm_cortexM4lf_math.a(arm_bitreversal2.o)
 .debug_abbrev  0x00002a1a      0x288 C:/Users/ASUS/STM32Cube/Repository/Packs/STMicroelectronics/X-CUBE-ALGOBUILD/1.4.0/Middlewares/Third_Party/ARM/DSP/Lib\libarm_cortexM4lf_math.a(arm_cmplx_mag_f32.o)
 .debug_abbrev  0x00002ca2      0x1ec C:/Users/ASUS/STM32Cube/Repository/Packs/STMicroelectronics/X-CUBE-ALGOBUILD/1.4.0/Middlewares/Third_Party/ARM/DSP/Lib\libarm_cortexM4lf_math.a(arm_common_tables.o)
 .debug_abbrev  0x00002e8e      0x232 C:/Users/ASUS/STM32Cube/Repository/Packs/STMicroelectronics/X-CUBE-ALGOBUILD/1.4.0/Middlewares/Third_Party/ARM/DSP/Lib\libarm_cortexM4lf_math.a(arm_cfft_init_f32.o)
 .debug_abbrev  0x000030c0      0x20b C:/Users/ASUS/STM32Cube/Repository/Packs/STMicroelectronics/X-CUBE-ALGOBUILD/1.4.0/Middlewares/Third_Party/ARM/DSP/Lib\libarm_cortexM4lf_math.a(arm_cfft_radix8_f32.o)
 .debug_abbrev  0x000032cb      0x1f0 C:/Users/ASUS/STM32Cube/Repository/Packs/STMicroelectronics/X-CUBE-ALGOBUILD/1.4.0/Middlewares/Third_Party/ARM/DSP/Lib\libarm_cortexM4lf_math.a(arm_const_structs.o)

.debug_aranges  0x00000000      0xd58
 .debug_aranges
                0x00000000       0x70 ./Core/Src/main.o
 .debug_aranges
                0x00000070       0x48 ./Core/Src/stm32f4xx_hal_msp.o
 .debug_aranges
                0x000000b8       0x80 ./Core/Src/stm32f4xx_it.o
 .debug_aranges
                0x00000138       0x20 ./Core/Src/sysmem.o
 .debug_aranges
                0x00000158       0x28 ./Core/Src/system_stm32f4xx.o
 .debug_aranges
                0x00000180       0x28 ./Core/Startup/startup_stm32f407vetx.o
 .debug_aranges
                0x000001a8       0xf0 ./Drivers/STM32F4xx_HAL_Driver/stm32f4xx_hal.o
 .debug_aranges
                0x00000298       0xe8 ./Drivers/STM32F4xx_HAL_Driver/stm32f4xx_hal_adc.o
 .debug_aranges
                0x00000380      0x130 ./Drivers/STM32F4xx_HAL_Driver/stm32f4xx_hal_cortex.o
 .debug_aranges
                0x000004b0       0x90 ./Drivers/STM32F4xx_HAL_Driver/stm32f4xx_hal_dma.o
 .debug_aranges
                0x00000540       0x58 ./Drivers/STM32F4xx_HAL_Driver/stm32f4xx_hal_gpio.o
 .debug_aranges
                0x00000598       0x88 ./Drivers/STM32F4xx_HAL_Driver/stm32f4xx_hal_rcc.o
 .debug_aranges
                0x00000620      0x3d0 ./Drivers/STM32F4xx_HAL_Driver/stm32f4xx_hal_tim.o
 .debug_aranges
                0x000009f0      0x168 ./Drivers/STM32F4xx_HAL_Driver/stm32f4xx_hal_tim_ex.o
 .debug_aranges
                0x00000b58       0x18 ./src/color_values.o
 .debug_aranges
                0x00000b70       0x40 ./src/ws2812.o
 .debug_aranges
                0x00000bb0       0x28 ./src/ws2812_demos.o
 .debug_aranges
                0x00000bd8       0x60 C:/Users/ASUS/STM32Cube/Repository/Packs/STMicroelectronics/X-CUBE-ALGOBUILD/1.4.0/Middlewares/Third_Party/ARM/DSP/Lib\libarm_cortexM4lf_math.a(arm_rfft_fast_init_f32.o)
 .debug_aranges
                0x00000c38       0x30 C:/Users/ASUS/STM32Cube/Repository/Packs/STMicroelectronics/X-CUBE-ALGOBUILD/1.4.0/Middlewares/Third_Party/ARM/DSP/Lib\libarm_cortexM4lf_math.a(arm_rfft_fast_f32.o)
 .debug_aranges
                0x00000c68       0x30 C:/Users/ASUS/STM32Cube/Repository/Packs/STMicroelectronics/X-CUBE-ALGOBUILD/1.4.0/Middlewares/Third_Party/ARM/DSP/Lib\libarm_cortexM4lf_math.a(arm_cfft_f32.o)
 .debug_aranges
                0x00000c98       0x30 C:/Users/ASUS/STM32Cube/Repository/Packs/STMicroelectronics/X-CUBE-ALGOBUILD/1.4.0/Middlewares/Third_Party/ARM/DSP/Lib\libarm_cortexM4lf_math.a(arm_bitreversal2.o)
 .debug_aranges
                0x00000cc8       0x20 C:/Users/ASUS/STM32Cube/Repository/Packs/STMicroelectronics/X-CUBE-ALGOBUILD/1.4.0/Middlewares/Third_Party/ARM/DSP/Lib\libarm_cortexM4lf_math.a(arm_cmplx_mag_f32.o)
 .debug_aranges
                0x00000ce8       0x18 C:/Users/ASUS/STM32Cube/Repository/Packs/STMicroelectronics/X-CUBE-ALGOBUILD/1.4.0/Middlewares/Third_Party/ARM/DSP/Lib\libarm_cortexM4lf_math.a(arm_common_tables.o)
 .debug_aranges
                0x00000d00       0x20 C:/Users/ASUS/STM32Cube/Repository/Packs/STMicroelectronics/X-CUBE-ALGOBUILD/1.4.0/Middlewares/Third_Party/ARM/DSP/Lib\libarm_cortexM4lf_math.a(arm_cfft_init_f32.o)
 .debug_aranges
                0x00000d20       0x20 C:/Users/ASUS/STM32Cube/Repository/Packs/STMicroelectronics/X-CUBE-ALGOBUILD/1.4.0/Middlewares/Third_Party/ARM/DSP/Lib\libarm_cortexM4lf_math.a(arm_cfft_radix8_f32.o)
 .debug_aranges
                0x00000d40       0x18 C:/Users/ASUS/STM32Cube/Repository/Packs/STMicroelectronics/X-CUBE-ALGOBUILD/1.4.0/Middlewares/Third_Party/ARM/DSP/Lib\libarm_cortexM4lf_math.a(arm_const_structs.o)

.debug_rnglists
                0x00000000      0x909
 .debug_rnglists
                0x00000000       0x55 ./Core/Src/main.o
 .debug_rnglists
                0x00000055       0x33 ./Core/Src/stm32f4xx_hal_msp.o
 .debug_rnglists
                0x00000088       0x5b ./Core/Src/stm32f4xx_it.o
 .debug_rnglists
                0x000000e3       0x13 ./Core/Src/sysmem.o
 .debug_rnglists
                0x000000f6       0x1a ./Core/Src/system_stm32f4xx.o
 .debug_rnglists
                0x00000110       0x19 ./Core/Startup/startup_stm32f407vetx.o
 .debug_rnglists
                0x00000129       0xaf ./Drivers/STM32F4xx_HAL_Driver/stm32f4xx_hal.o
 .debug_rnglists
                0x000001d8       0xb5 ./Drivers/STM32F4xx_HAL_Driver/stm32f4xx_hal_adc.o
 .debug_rnglists
                0x0000028d       0xe0 ./Drivers/STM32F4xx_HAL_Driver/stm32f4xx_hal_cortex.o
 .debug_rnglists
                0x0000036d       0x70 ./Drivers/STM32F4xx_HAL_Driver/stm32f4xx_hal_dma.o
 .debug_rnglists
                0x000003dd       0x3f ./Drivers/STM32F4xx_HAL_Driver/stm32f4xx_hal_gpio.o
 .debug_rnglists
                0x0000041c       0x66 ./Drivers/STM32F4xx_HAL_Driver/stm32f4xx_hal_rcc.o
 .debug_rnglists
                0x00000482      0x31a ./Drivers/STM32F4xx_HAL_Driver/stm32f4xx_hal_tim.o
 .debug_rnglists
                0x0000079c      0x125 ./Drivers/STM32F4xx_HAL_Driver/stm32f4xx_hal_tim_ex.o
 .debug_rnglists
                0x000008c1       0x2e ./src/ws2812.o
 .debug_rnglists
                0x000008ef       0x1a ./src/ws2812_demos.o

.debug_macro    0x00000000    0x230ee
 .debug_macro   0x00000000      0x398 ./Core/Src/main.o
 .debug_macro   0x00000398      0xaba ./Core/Src/main.o
 .debug_macro   0x00000e52      0x29b ./Core/Src/main.o
 .debug_macro   0x000010ed       0x2e ./Core/Src/main.o
 .debug_macro   0x0000111b       0x2f ./Core/Src/main.o
 .debug_macro   0x0000114a       0x22 ./Core/Src/main.o
 .debug_macro   0x0000116c       0x8e ./Core/Src/main.o
 .debug_macro   0x000011fa       0x51 ./Core/Src/main.o
 .debug_macro   0x0000124b      0x103 ./Core/Src/main.o
 .debug_macro   0x0000134e       0x6a ./Core/Src/main.o
 .debug_macro   0x000013b8      0x1df ./Core/Src/main.o
 .debug_macro   0x00001597       0x1c ./Core/Src/main.o
 .debug_macro   0x000015b3       0x22 ./Core/Src/main.o
 .debug_macro   0x000015d5       0xfb ./Core/Src/main.o
 .debug_macro   0x000016d0     0x1011 ./Core/Src/main.o
 .debug_macro   0x000026e1      0x11f ./Core/Src/main.o
 .debug_macro   0x00002800    0x15e97 ./Core/Src/main.o
 .debug_macro   0x00018697       0x6d ./Core/Src/main.o
 .debug_macro   0x00018704     0x369a ./Core/Src/main.o
 .debug_macro   0x0001bd9e      0x189 ./Core/Src/main.o
 .debug_macro   0x0001bf27       0x5c ./Core/Src/main.o
 .debug_macro   0x0001bf83      0x980 ./Core/Src/main.o
 .debug_macro   0x0001c903      0x9e9 ./Core/Src/main.o
 .debug_macro   0x0001d2ec      0x115 ./Core/Src/main.o
 .debug_macro   0x0001d401      0x13e ./Core/Src/main.o
 .debug_macro   0x0001d53f       0xa5 ./Core/Src/main.o
 .debug_macro   0x0001d5e4      0x174 ./Core/Src/main.o
 .debug_macro   0x0001d758      0x287 ./Core/Src/main.o
 .debug_macro   0x0001d9df       0x5f ./Core/Src/main.o
 .debug_macro   0x0001da3e      0x236 ./Core/Src/main.o
 .debug_macro   0x0001dc74      0xb5b ./Core/Src/main.o
 .debug_macro   0x0001e7cf      0x38b ./Core/Src/main.o
 .debug_macro   0x0001eb5a      0x176 ./Core/Src/main.o
 .debug_macro   0x0001ecd0       0xf9 ./Core/Src/main.o
 .debug_macro   0x0001edc9      0x12c ./Core/Src/main.o
 .debug_macro   0x0001eef5      0x21e ./Core/Src/main.o
 .debug_macro   0x0001f113       0x2e ./Core/Src/main.o
 .debug_macro   0x0001f141      0x127 ./Core/Src/main.o
 .debug_macro   0x0001f268       0x7e ./Core/Src/main.o
 .debug_macro   0x0001f2e6       0x89 ./Core/Src/main.o
 .debug_macro   0x0001f36f      0x8ed ./Core/Src/main.o
 .debug_macro   0x0001fc5c       0x4d ./Core/Src/main.o
 .debug_macro   0x0001fca9      0x12d ./Core/Src/main.o
 .debug_macro   0x0001fdd6       0x52 ./Core/Src/main.o
 .debug_macro   0x0001fe28       0x61 ./Core/Src/main.o
 .debug_macro   0x0001fe89       0x2a ./Core/Src/main.o
 .debug_macro   0x0001feb3       0x43 ./Core/Src/main.o
 .debug_macro   0x0001fef6       0x34 ./Core/Src/main.o
 .debug_macro   0x0001ff2a       0x16 ./Core/Src/main.o
 .debug_macro   0x0001ff40       0x43 ./Core/Src/main.o
 .debug_macro   0x0001ff83       0x34 ./Core/Src/main.o
 .debug_macro   0x0001ffb7       0x10 ./Core/Src/main.o
 .debug_macro   0x0001ffc7       0x58 ./Core/Src/main.o
 .debug_macro   0x0002001f       0x8e ./Core/Src/main.o
 .debug_macro   0x000200ad       0x1c ./Core/Src/main.o
 .debug_macro   0x000200c9      0x177 ./Core/Src/main.o
 .debug_macro   0x00020240      0x369 ./Core/Src/main.o
 .debug_macro   0x000205a9       0x10 ./Core/Src/main.o
 .debug_macro   0x000205b9       0x35 ./Core/Src/main.o
 .debug_macro   0x000205ee       0x20 ./Core/Src/main.o
 .debug_macro   0x0002060e       0x16 ./Core/Src/main.o
 .debug_macro   0x00020624       0x16 ./Core/Src/main.o
 .debug_macro   0x0002063a       0x29 ./Core/Src/main.o
 .debug_macro   0x00020663       0x22 ./Core/Src/main.o
 .debug_macro   0x00020685       0x2e ./Core/Src/main.o
 .debug_macro   0x000206b3       0x46 ./Core/Src/main.o
 .debug_macro   0x000206f9      0x19b ./Core/Src/main.o
 .debug_macro   0x00020894      0x201 ./Core/Src/main.o
 .debug_macro   0x00020a95       0x7c ./Core/Src/main.o
 .debug_macro   0x00020b11       0x17 ./Core/Src/main.o
 .debug_macro   0x00020b28      0x118 ./Core/Src/main.o
 .debug_macro   0x00020c40      0x169 ./Core/Src/main.o
 .debug_macro   0x00020da9      0x1fb ./Core/Src/stm32f4xx_hal_msp.o
 .debug_macro   0x00020fa4      0x205 ./Core/Src/stm32f4xx_it.o
 .debug_macro   0x000211a9       0xff ./Core/Src/sysmem.o
 .debug_macro   0x000212a8      0x23c ./Core/Src/sysmem.o
 .debug_macro   0x000214e4      0x1ec ./Core/Src/system_stm32f4xx.o
 .debug_macro   0x000216d0      0x24c ./Drivers/STM32F4xx_HAL_Driver/stm32f4xx_hal.o
 .debug_macro   0x0002191c      0x1ed ./Drivers/STM32F4xx_HAL_Driver/stm32f4xx_hal_adc.o
 .debug_macro   0x00021b09      0x1ec ./Drivers/STM32F4xx_HAL_Driver/stm32f4xx_hal_cortex.o
 .debug_macro   0x00021cf5      0x1f2 ./Drivers/STM32F4xx_HAL_Driver/stm32f4xx_hal_dma.o
 .debug_macro   0x00021ee7      0x1f2 ./Drivers/STM32F4xx_HAL_Driver/stm32f4xx_hal_gpio.o
 .debug_macro   0x000220d9      0x210 ./Drivers/STM32F4xx_HAL_Driver/stm32f4xx_hal_rcc.o
 .debug_macro   0x000222e9      0x1ed ./Drivers/STM32F4xx_HAL_Driver/stm32f4xx_hal_tim.o
 .debug_macro   0x000224d6      0x1ec ./Drivers/STM32F4xx_HAL_Driver/stm32f4xx_hal_tim_ex.o
 .debug_macro   0x000226c2      0x20e ./src/color_values.o
 .debug_macro   0x000228d0      0x30d ./src/ws2812.o
 .debug_macro   0x00022bdd      0x11c ./src/ws2812.o
 .debug_macro   0x00022cf9       0x94 ./src/ws2812.o
 .debug_macro   0x00022d8d       0x16 ./src/ws2812.o
 .debug_macro   0x00022da3       0x56 ./src/ws2812.o
 .debug_macro   0x00022df9      0x2f5 ./src/ws2812_demos.o

.debug_line     0x00000000    0x1372b
 .debug_line    0x00000000      0xf4d ./Core/Src/main.o
 .debug_line    0x00000f4d      0x93b ./Core/Src/stm32f4xx_hal_msp.o
 .debug_line    0x00001888      0x97f ./Core/Src/stm32f4xx_it.o
 .debug_line    0x00002207      0x588 ./Core/Src/sysmem.o
 .debug_line    0x0000278f      0x8e6 ./Core/Src/system_stm32f4xx.o
 .debug_line    0x00003075       0x7a ./Core/Startup/startup_stm32f407vetx.o
 .debug_line    0x000030ef      0xb87 ./Drivers/STM32F4xx_HAL_Driver/stm32f4xx_hal.o
 .debug_line    0x00003c76     0x140f ./Drivers/STM32F4xx_HAL_Driver/stm32f4xx_hal_adc.o
 .debug_line    0x00005085      0xe79 ./Drivers/STM32F4xx_HAL_Driver/stm32f4xx_hal_cortex.o
 .debug_line    0x00005efe     0x10f7 ./Drivers/STM32F4xx_HAL_Driver/stm32f4xx_hal_dma.o
 .debug_line    0x00006ff5      0xd13 ./Drivers/STM32F4xx_HAL_Driver/stm32f4xx_hal_gpio.o
 .debug_line    0x00007d08      0xf10 ./Drivers/STM32F4xx_HAL_Driver/stm32f4xx_hal_rcc.o
 .debug_line    0x00008c18     0x392b ./Drivers/STM32F4xx_HAL_Driver/stm32f4xx_hal_tim.o
 .debug_line    0x0000c543     0x1b7d ./Drivers/STM32F4xx_HAL_Driver/stm32f4xx_hal_tim_ex.o
 .debug_line    0x0000e0c0      0x85d ./src/color_values.o
 .debug_line    0x0000e91d      0xbbc ./src/ws2812.o
 .debug_line    0x0000f4d9      0xe04 ./src/ws2812_demos.o
 .debug_line    0x000102dd      0x4d0 C:/Users/ASUS/STM32Cube/Repository/Packs/STMicroelectronics/X-CUBE-ALGOBUILD/1.4.0/Middlewares/Third_Party/ARM/DSP/Lib\libarm_cortexM4lf_math.a(arm_rfft_fast_init_f32.o)
 .debug_line    0x000107ad      0x4ab C:/Users/ASUS/STM32Cube/Repository/Packs/STMicroelectronics/X-CUBE-ALGOBUILD/1.4.0/Middlewares/Third_Party/ARM/DSP/Lib\libarm_cortexM4lf_math.a(arm_rfft_fast_f32.o)
 .debug_line    0x00010c58      0xef2 C:/Users/ASUS/STM32Cube/Repository/Packs/STMicroelectronics/X-CUBE-ALGOBUILD/1.4.0/Middlewares/Third_Party/ARM/DSP/Lib\libarm_cortexM4lf_math.a(arm_cfft_f32.o)
 .debug_line    0x00011b4a      0x39a C:/Users/ASUS/STM32Cube/Repository/Packs/STMicroelectronics/X-CUBE-ALGOBUILD/1.4.0/Middlewares/Third_Party/ARM/DSP/Lib\libarm_cortexM4lf_math.a(arm_bitreversal2.o)
 .debug_line    0x00011ee4      0x501 C:/Users/ASUS/STM32Cube/Repository/Packs/STMicroelectronics/X-CUBE-ALGOBUILD/1.4.0/Middlewares/Third_Party/ARM/DSP/Lib\libarm_cortexM4lf_math.a(arm_cmplx_mag_f32.o)
 .debug_line    0x000123e5      0x1f7 C:/Users/ASUS/STM32Cube/Repository/Packs/STMicroelectronics/X-CUBE-ALGOBUILD/1.4.0/Middlewares/Third_Party/ARM/DSP/Lib\libarm_cortexM4lf_math.a(arm_common_tables.o)
 .debug_line    0x000125dc      0x2a5 C:/Users/ASUS/STM32Cube/Repository/Packs/STMicroelectronics/X-CUBE-ALGOBUILD/1.4.0/Middlewares/Third_Party/ARM/DSP/Lib\libarm_cortexM4lf_math.a(arm_cfft_init_f32.o)
 .debug_line    0x00012881      0xc9c C:/Users/ASUS/STM32Cube/Repository/Packs/STMicroelectronics/X-CUBE-ALGOBUILD/1.4.0/Middlewares/Third_Party/ARM/DSP/Lib\libarm_cortexM4lf_math.a(arm_cfft_radix8_f32.o)
 .debug_line    0x0001351d      0x20e C:/Users/ASUS/STM32Cube/Repository/Packs/STMicroelectronics/X-CUBE-ALGOBUILD/1.4.0/Middlewares/Third_Party/ARM/DSP/Lib\libarm_cortexM4lf_math.a(arm_const_structs.o)

.debug_str      0x00000000    0xd8d58
 .debug_str     0x00000000    0xd4483 ./Core/Src/main.o
                              0xd4979 (size before relaxing)
 .debug_str     0x000d4483       0xb5 ./Core/Src/stm32f4xx_hal_msp.o
                              0xcf3eb (size before relaxing)
 .debug_str     0x000d4538      0x13e ./Core/Src/stm32f4xx_it.o
                              0xce90f (size before relaxing)
 .debug_str     0x000d4676      0x4dc ./Core/Src/sysmem.o
                               0x60d2 (size before relaxing)
 .debug_str     0x000d4b52       0xdb ./Core/Src/system_stm32f4xx.o
                              0xce62d (size before relaxing)
 .debug_str     0x000d4c2d       0x44 ./Core/Startup/startup_stm32f407vetx.o
                                 0x76 (size before relaxing)
 .debug_str     0x000d4c71      0x648 ./Drivers/STM32F4xx_HAL_Driver/stm32f4xx_hal.o
                              0xcf1e9 (size before relaxing)
 .debug_str     0x000d52b9      0x2cd ./Drivers/STM32F4xx_HAL_Driver/stm32f4xx_hal_adc.o
                              0xcec52 (size before relaxing)
 .debug_str     0x000d5586      0x3b7 ./Drivers/STM32F4xx_HAL_Driver/stm32f4xx_hal_cortex.o
                              0xcef65 (size before relaxing)
 .debug_str     0x000d593d      0x307 ./Drivers/STM32F4xx_HAL_Driver/stm32f4xx_hal_dma.o
                              0xcea7f (size before relaxing)
 .debug_str     0x000d5c44      0x120 ./Drivers/STM32F4xx_HAL_Driver/stm32f4xx_hal_gpio.o
                              0xce7e0 (size before relaxing)
 .debug_str     0x000d5d64      0x26b ./Drivers/STM32F4xx_HAL_Driver/stm32f4xx_hal_rcc.o
                              0xcea99 (size before relaxing)
 .debug_str     0x000d5fcf      0xd52 ./Drivers/STM32F4xx_HAL_Driver/stm32f4xx_hal_tim.o
                              0xcf9ef (size before relaxing)
 .debug_str     0x000d6d21      0x4cb ./Drivers/STM32F4xx_HAL_Driver/stm32f4xx_hal_tim_ex.o
                              0xcf1fb (size before relaxing)
 .debug_str     0x000d71ec       0x22 ./src/color_values.o
                              0xce638 (size before relaxing)
 .debug_str     0x000d720e       0x4a ./src/ws2812.o
                              0xd1f9c (size before relaxing)
 .debug_str     0x000d7258       0xc0 ./src/ws2812_demos.o
                              0xd2806 (size before relaxing)
 .debug_str     0x000d7318      0xf78 C:/Users/ASUS/STM32Cube/Repository/Packs/STMicroelectronics/X-CUBE-ALGOBUILD/1.4.0/Middlewares/Third_Party/ARM/DSP/Lib\libarm_cortexM4lf_math.a(arm_rfft_fast_init_f32.o)