Archive member included to satisfy reference by file (symbol)

D:/Progs/STM32CubeIDE_1.17.0/STM32CubeIDE/plugins/com.st.stm32cube.ide.mcu.externaltools.gnu-tools-for-stm32.12.3.rel1.win32_1.1.0.202410251130/tools/bin/../lib/gcc/arm-none-eabi/12.3.1/../../../../arm-none-eabi/lib/thumb/v7e-m+fp/hard\libc_nano.a(libc_a-exit.o)
                              D:/Progs/STM32CubeIDE_1.17.0/STM32CubeIDE/plugins/com.st.stm32cube.ide.mcu.externaltools.gnu-tools-for-stm32.12.3.rel1.win32_1.1.0.202410251130/tools/bin/../lib/gcc/arm-none-eabi/12.3.1/../../../../arm-none-eabi/lib/thumb/v7e-m+fp/hard/crt0.o (exit)
D:/Progs/STM32CubeIDE_1.17.0/STM32CubeIDE/plugins/com.st.stm32cube.ide.mcu.externaltools.gnu-tools-for-stm32.12.3.rel1.win32_1.1.0.202410251130/tools/bin/../lib/gcc/arm-none-eabi/12.3.1/../../../../arm-none-eabi/lib/thumb/v7e-m+fp/hard\libc_nano.a(libc_a-malloc.o)
                              ./src/ws2812.o (malloc)
D:/Progs/STM32CubeIDE_1.17.0/STM32CubeIDE/plugins/com.st.stm32cube.ide.mcu.externaltools.gnu-tools-for-stm32.12.3.rel1.win32_1.1.0.202410251130/tools/bin/../lib/gcc/arm-none-eabi/12.3.1/../../../../arm-none-eabi/lib/thumb/v7e-m+fp/hard\libc_nano.a(libc_a-mallocr.o)
                              D:/Progs/STM32CubeIDE_1.17.0/STM32CubeIDE/plugins/com.st.stm32cube.ide.mcu.externaltools.gnu-tools-for-stm32.12.3.rel1.win32_1.1.0.202410251130/tools/bin/../lib/gcc/arm-none-eabi/12.3.1/../../../../arm-none-eabi/lib/thumb/v7e-m+fp/hard\libc_nano.a(libc_a-malloc.o) (_malloc_r)
D:/Progs/STM32CubeIDE_1.17.0/STM32CubeIDE/plugins/com.st.stm32cube.ide.mcu.externaltools.gnu-tools-for-stm32.12.3.rel1.win32_1.1.0.202410251130/tools/bin/../lib/gcc/arm-none-eabi/12.3.1/../../../../arm-none-eabi/lib/thumb/v7e-m+fp/hard\libc_nano.a(libc_a-mlock.o)
                              D:/Progs/STM32CubeIDE_1.17.0/STM32CubeIDE/plugins/com.st.stm32cube.ide.mcu.externaltools.gnu-tools-for-stm32.12.3.rel1.win32_1.1.0.202410251130/tools/bin/../lib/gcc/arm-none-eabi/12.3.1/../../../../arm-none-eabi/lib/thumb/v7e-m+fp/hard\libc_nano.a(libc_a-mallocr.o) (__malloc_lock)
D:/Progs/STM32CubeIDE_1.17.0/STM32CubeIDE/plugins/com.st.stm32cube.ide.mcu.externaltools.gnu-tools-for-stm32.12.3.rel1.win32_1.1.0.202410251130/tools/bin/../lib/gcc/arm-none-eabi/12.3.1/../../../../arm-none-eabi/lib/thumb/v7e-m+fp/hard\libc_nano.a(libc_a-findfp.o)
                              D:/Progs/STM32CubeIDE_1.17.0/STM32CubeIDE/plugins/com.st.stm32cube.ide.mcu.externaltools.gnu-tools-for-stm32.12.3.rel1.win32_1.1.0.202410251130/tools/bin/../lib/gcc/arm-none-eabi/12.3.1/../../../../arm-none-eabi/lib/thumb/v7e-m+fp/hard\libc_nano.a(libc_a-exit.o) (__stdio_exit_handler)
D:/Progs/STM32CubeIDE_1.17.0/STM32CubeIDE/plugins/com.st.stm32cube.ide.mcu.externaltools.gnu-tools-for-stm32.12.3.rel1.win32_1.1.0.202410251130/tools/bin/../lib/gcc/arm-none-eabi/12.3.1/../../../../arm-none-eabi/lib/thumb/v7e-m+fp/hard\libc_nano.a(libc_a-fwalk.o)
                              D:/Progs/STM32CubeIDE_1.17.0/STM32CubeIDE/plugins/com.st.stm32cube.ide.mcu.externaltools.gnu-tools-for-stm32.12.3.rel1.win32_1.1.0.202410251130/tools/bin/../lib/gcc/arm-none-eabi/12.3.1/../../../../arm-none-eabi/lib/thumb/v7e-m+fp/hard\libc_nano.a(libc_a-findfp.o) (_fwalk_sglue)
D:/Progs/STM32CubeIDE_1.17.0/STM32CubeIDE/plugins/com.st.stm32cube.ide.mcu.externaltools.gnu-tools-for-stm32.12.3.rel1.win32_1.1.0.202410251130/tools/bin/../lib/gcc/arm-none-eabi/12.3.1/../../../../arm-none-eabi/lib/thumb/v7e-m+fp/hard\libc_nano.a(libc_a-stdio.o)
                              D:/Progs/STM32CubeIDE_1.17.0/STM32CubeIDE/plugins/com.st.stm32cube.ide.mcu.externaltools.gnu-tools-for-stm32.12.3.rel1.win32_1.1.0.202410251130/tools/bin/../lib/gcc/arm-none-eabi/12.3.1/../../../../arm-none-eabi/lib/thumb/v7e-m+fp/hard\libc_nano.a(libc_a-findfp.o) (__sread)
D:/Progs/STM32CubeIDE_1.17.0/STM32CubeIDE/plugins/com.st.stm32cube.ide.mcu.externaltools.gnu-tools-for-stm32.12.3.rel1.win32_1.1.0.202410251130/tools/bin/../lib/gcc/arm-none-eabi/12.3.1/../../../../arm-none-eabi/lib/thumb/v7e-m+fp/hard\libc_nano.a(libc_a-memset.o)
                              D:/Progs/STM32CubeIDE_1.17.0/STM32CubeIDE/plugins/com.st.stm32cube.ide.mcu.externaltools.gnu-tools-for-stm32.12.3.rel1.win32_1.1.0.202410251130/tools/bin/../lib/gcc/arm-none-eabi/12.3.1/../../../../arm-none-eabi/lib/thumb/v7e-m+fp/hard/crt0.o (memset)
D:/Progs/STM32CubeIDE_1.17.0/STM32CubeIDE/plugins/com.st.stm32cube.ide.mcu.externaltools.gnu-tools-for-stm32.12.3.rel1.win32_1.1.0.202410251130/tools/bin/../lib/gcc/arm-none-eabi/12.3.1/../../../../arm-none-eabi/lib/thumb/v7e-m+fp/hard\libc_nano.a(libc_a-closer.o)
                              D:/Progs/STM32CubeIDE_1.17.0/STM32CubeIDE/plugins/com.st.stm32cube.ide.mcu.externaltools.gnu-tools-for-stm32.12.3.rel1.win32_1.1.0.202410251130/tools/bin/../lib/gcc/arm-none-eabi/12.3.1/../../../../arm-none-eabi/lib/thumb/v7e-m+fp/hard\libc_nano.a(libc_a-stdio.o) (_close_r)
[...]
Memory Configuration

Name             Origin             Length             Attributes
CCMRAM           0x10000000         0x00010000         xrw
RAM              0x20000000         0x00020000         xrw
FLASH            0x08000000         0x00080000         xr
*default*        0x00000000         0xffffffff

Linker script and memory map

LOAD D:/Progs/STM32CubeIDE_1.17.0/STM32CubeIDE/plugins/com.st.stm32cube.ide.mcu.externaltools.gnu-tools-for-stm32.12.3.rel1.win32_1.1.0.202410251130/tools/bin/../lib/gcc/arm-none-eabi/12.3.1/thumb/v7e-m+fp/hard/crti.o
LOAD D:/Progs/STM32CubeIDE_1.17.0/STM32CubeIDE/plugins/com.st.stm32cube.ide.mcu.externaltools.gnu-tools-for-stm32.12.3.rel1.win32_1.1.0.202410251130/tools/bin/../lib/gcc/arm-none-eabi/12.3.1/thumb/v7e-m+fp/hard/crtbegin.o
LOAD D:/Progs/STM32CubeIDE_1.17.0/STM32CubeIDE/plugins/com.st.stm32cube.ide.mcu.externaltools.gnu-tools-for-stm32.12.3.rel1.win32_1.1.0.202410251130/tools/bin/../lib/gcc/arm-none-eabi/12.3.1/../../../../arm-none-eabi/lib/thumb/v7e-m+fp/hard/crt0.o
LOAD ./Core/Src/main.o
LOAD ./Core/Src/stm32f4xx_hal_msp.o
LOAD ./Core/Src/stm32f4xx_it.o
LOAD ./Core/Src/syscalls.o
LOAD ./Core/Src/sysmem.o
LOAD ./Core/Src/system_stm32f4xx.o
LOAD ./Core/Startup/startup_stm32f407vetx.o
LOAD ./Drivers/STM32F4xx_HAL_Driver/stm32f4xx_hal.o
LOAD ./Drivers/STM32F4xx_HAL_Driver/stm32f4xx_hal_adc.o
LOAD ./Drivers/STM32F4xx_HAL_Driver/stm32f4xx_hal_adc_ex.o
LOAD ./Drivers/STM32F4xx_HAL_Driver/stm32f4xx_hal_cortex.o
LOAD ./Drivers/STM32F4xx_HAL_Driver/stm32f4xx_hal_dma.o
LOAD ./Drivers/STM32F4xx_HAL_Driver/stm32f4xx_hal_dma_ex.o
LOAD ./Drivers/STM32F4xx_HAL_Driver/stm32f4xx_hal_exti.o
LOAD ./Drivers/STM32F4xx_HAL_Driver/stm32f4xx_hal_flash.o
LOAD ./Drivers/STM32F4xx_HAL_Driver/stm32f4xx_hal_flash_ex.o
LOAD ./Drivers/STM32F4xx_HAL_Driver/stm32f4xx_hal_flash_ramfunc.o
LOAD ./Drivers/STM32F4xx_HAL_Driver/stm32f4xx_hal_gpio.o
LOAD ./Drivers/STM32F4xx_HAL_Driver/stm32f4xx_hal_pwr.o
LOAD ./Drivers/STM32F4xx_HAL_Driver/stm32f4xx_hal_pwr_ex.o
LOAD ./Drivers/STM32F4xx_HAL_Driver/stm32f4xx_hal_rcc.o
LOAD ./Drivers/STM32F4xx_HAL_Driver/stm32f4xx_hal_rcc_ex.o
LOAD ./Drivers/STM32F4xx_HAL_Driver/stm32f4xx_hal_tim.o
LOAD ./Drivers/STM32F4xx_HAL_Driver/stm32f4xx_hal_tim_ex.o
LOAD ./Drivers/STM32F4xx_HAL_Driver/stm32f4xx_ll_adc.o
LOAD ./src/color_values.o
LOAD ./src/ws2812.o
LOAD ./src/ws2812_demos.o
START GROUP
LOAD D:/Progs/STM32CubeIDE_1.17.0/STM32CubeIDE/plugins/com.st.stm32cube.ide.mcu.externaltools.gnu-tools-for-stm32.12.3.rel1.win32_1.1.0.202410251130/tools/bin/../lib/gcc/arm-none-eabi/12.3.1/../../../../arm-none-eabi/lib/thumb/v7e-m+fp/hard\libc_nano.a
LOAD D:/Progs/STM32CubeIDE_1.17.0/STM32CubeIDE/plugins/com.st.stm32cube.ide.mcu.externaltools.gnu-tools-for-stm32.12.3.rel1.win32_1.1.0.202410251130/tools/bin/../lib/gcc/arm-none-eabi/12.3.1/../../../../arm-none-eabi/lib/thumb/v7e-m+fp/hard\libm.a
END GROUP
START GROUP
LOAD D:/Progs/STM32CubeIDE_1.17.0/STM32CubeIDE/plugins/com.st.stm32cube.ide.mcu.externaltools.gnu-tools-for-stm32.12.3.rel1.win32_1.1.0.202410251130/tools/bin/../lib/gcc/arm-none-eabi/12.3.1/thumb/v7e-m+fp/hard\libgcc.a
LOAD D:/Progs/STM32CubeIDE_1.17.0/STM32CubeIDE/plugins/com.st.stm32cube.ide.mcu.externaltools.gnu-tools-for-stm32.12.3.rel1.win32_1.1.0.202410251130/tools/bin/../lib/gcc/arm-none-eabi/12.3.1/../../../../arm-none-eabi/lib/thumb/v7e-m+fp/hard\libc_nano.a
END GROUP
START GROUP
LOAD D:/Progs/STM32CubeIDE_1.17.0/STM32CubeIDE/plugins/com.st.stm32cube.ide.mcu.externaltools.gnu-tools-for-stm32.12.3.rel1.win32_1.1.0.202410251130/tools/bin/../lib/gcc/arm-none-eabi/12.3.1/thumb/v7e-m+fp/hard\libgcc.a
LOAD D:/Progs/STM32CubeIDE_1.17.0/STM32CubeIDE/plugins/com.st.stm32cube.ide.mcu.externaltools.gnu-tools-for-stm32.12.3.rel1.win32_1.1.0.202410251130/tools/bin/../lib/gcc/arm-none-eabi/12.3.1/../../../../arm-none-eabi/lib/thumb/v7e-m+fp/hard\libc_nano.a
LOAD D:/Progs/STM32CubeIDE_1.17.0/STM32CubeIDE/plugins/com.st.stm32cube.ide.mcu.externaltools.gnu-tools-for-stm32.12.3.rel1.win32_1.1.0.202410251130/tools/bin/../lib/gcc/arm-none-eabi/12.3.1/../../../../arm-none-eabi/lib/thumb/v7e-m+fp/hard\libnosys.a
END GROUP
START GROUP
LOAD D:/Progs/STM32CubeIDE_1.17.0/STM32CubeIDE/plugins/com.st.stm32cube.ide.mcu.externaltools.gnu-tools-for-stm32.12.3.rel1.win32_1.1.0.202410251130/tools/bin/../lib/gcc/arm-none-eabi/12.3.1/thumb/v7e-m+fp/hard\libgcc.a
LOAD D:/Progs/STM32CubeIDE_1.17.0/STM32CubeIDE/plugins/com.st.stm32cube.ide.mcu.externaltools.gnu-tools-for-stm32.12.3.rel1.win32_1.1.0.202410251130/tools/bin/../lib/gcc/arm-none-eabi/12.3.1/../../../../arm-none-eabi/lib/thumb/v7e-m+fp/hard\libc_nano.a
LOAD D:/Progs/STM32CubeIDE_1.17.0/STM32CubeIDE/plugins/com.st.stm32cube.ide.mcu.externaltools.gnu-tools-for-stm32.12.3.rel1.win32_1.1.0.202410251130/tools/bin/../lib/gcc/arm-none-eabi/12.3.1/../../../../arm-none-eabi/lib/thumb/v7e-m+fp/hard\libnosys.a
END GROUP
LOAD D:/Progs/STM32CubeIDE_1.17.0/STM32CubeIDE/plugins/com.st.stm32cube.ide.mcu.externaltools.gnu-tools-for-stm32.12.3.rel1.win32_1.1.0.202410251130/tools/bin/../lib/gcc/arm-none-eabi/12.3.1/thumb/v7e-m+fp/hard/crtend.o
LOAD D:/Progs/STM32CubeIDE_1.17.0/STM32CubeIDE/plugins/com.st.stm32cube.ide.mcu.externaltools.gnu-tools-for-stm32.12.3.rel1.win32_1.1.0.202410251130/tools/bin/../lib/gcc/arm-none-eabi/12.3.1/thumb/v7e-m+fp/hard/crtn.o
                0x20020000                        _estack = (ORIGIN (RAM) + LENGTH (RAM))
                0x00000200                        _Min_Heap_Size = 0x200
                0x00000400                        _Min_Stack_Size = 0x400

.isr_vector     0x08000000      0x188
                0x08000000                        . = ALIGN (0x4)
 *(.isr_vector)
 .isr_vector    0x08000000      0x188 ./Core/Startup/startup_stm32f407vetx.o
                0x08000000                g_pfnVectors
                0x08000188                        . = ALIGN (0x4)

.text           0x08000188     0x4424
                0x08000188                        . = ALIGN (0x4)
 *(.text)
 .text          0x08000188       0x40 D:/Progs/STM32CubeIDE_1.17.0/STM32CubeIDE/plugins/com.st.stm32cube.ide.mcu.externaltools.gnu-tools-for-stm32.12.3.rel1.win32_1.1.0.202410251130/tools/bin/../lib/gcc/arm-none-eabi/12.3.1/thumb/v7e-m+fp/hard/crtbegin.o
 .text          0x080001c8       0x30 D:/Progs/STM32CubeIDE_1.17.0/STM32CubeIDE/plugins/com.st.stm32cube.ide.mcu.externaltools.gnu-tools-for-stm32.12.3.rel1.win32_1.1.0.202410251130/tools/bin/../lib/gcc/arm-none-eabi/12.3.1/thumb/v7e-m+fp/hard\libgcc.a(_aeabi_uldivmod.o)
                0x080001c8                __aeabi_uldivmod
 .text          0x080001f8      0x2bc D:/Progs/STM32CubeIDE_1.17.0/STM32CubeIDE/plugins/com.st.stm32cube.ide.mcu.externaltools.gnu-tools-for-stm32.12.3.rel1.win32_1.1.0.202410251130/tools/bin/../lib/gcc/arm-none-eabi/12.3.1/thumb/v7e-m+fp/hard\libgcc.a(_udivmoddi4.o)
                0x080001f8                __udivmoddi4
 .text          0x080004b4        0x4 D:/Progs/STM32CubeIDE_1.17.0/STM32CubeIDE/plugins/com.st.stm32cube.ide.mcu.externaltools.gnu-tools-for-stm32.12.3.rel1.win32_1.1.0.202410251130/tools/bin/../lib/gcc/arm-none-eabi/12.3.1/thumb/v7e-m+fp/hard\libgcc.a(_dvmd_tls.o)
                0x080004b4                __aeabi_idiv0
                0x080004b4                __aeabi_ldiv0
 *(.text*)
 .text.HAL_TIM_PWM_PulseFinishedHalfCpltCallback
                0x080004b8       0x30 ./Core/Src/main.o
                0x080004b8                HAL_TIM_PWM_PulseFinishedHalfCpltCallback
 .text.HAL_TIM_PWM_PulseFinishedCallback
                0x080004e8       0x30 ./Core/Src/main.o
                0x080004e8                HAL_TIM_PWM_PulseFinishedCallback
 .text.main     0x08000518       0xe4 ./Core/Src/main.o
                0x08000518                main
 .text.SystemClock_Config
                0x080005fc       0xbc ./Core/Src/main.o
                0x080005fc                SystemClock_Config
 .text.MX_ADC1_Init
                0x080006b8       0xa4 ./Core/Src/main.o
 .text.MX_TIM3_Init
                0x0800075c       0xec ./Core/Src/main.o
 .text.MX_DMA_Init
                0x08000848       0x40 ./Core/Src/main.o
 .text.MX_GPIO_Init
                0x08000888       0x64 ./Core/Src/main.o
 .text.Error_Handler
                0x080008ec        0xc ./Core/Src/main.o
                0x080008ec                Error_Handler
 .text.HAL_MspInit
                0x080008f8       0x50 ./Core/Src/stm32f4xx_hal_msp.o
                0x080008f8                HAL_MspInit
 .text.HAL_ADC_MspInit
                0x08000948       0x88 ./Core/Src/stm32f4xx_hal_msp.o
                0x08000948                HAL_ADC_MspInit
 .text.HAL_TIM_Base_MspInit
                0x080009d0       0xb8 ./Core/Src/stm32f4xx_hal_msp.o
                0x080009d0                HAL_TIM_Base_MspInit
 .text.HAL_TIM_MspPostInit
                0x08000a88       0x74 ./Core/Src/stm32f4xx_hal_msp.o
                0x08000a88                HAL_TIM_MspPostInit
 .text.NMI_Handler
                0x08000afc        0x8 ./Core/Src/stm32f4xx_it.o
                0x08000afc                NMI_Handler
 .text.HardFault_Handler
                0x08000b04        0x8 ./Core/Src/stm32f4xx_it.o
                0x08000b04                HardFault_Handler
 .text.MemManage_Handler
                0x08000b0c        0x8 ./Core/Src/stm32f4xx_it.o
                0x08000b0c                MemManage_Handler
 .text.BusFault_Handler
                0x08000b14        0x8 ./Core/Src/stm32f4xx_it.o
                0x08000b14                BusFault_Handler
 .text.UsageFault_Handler
                0x08000b1c        0x8 ./Core/Src/stm32f4xx_it.o
                0x08000b1c                UsageFault_Handler
 .text.SVC_Handler
                0x08000b24        0xe ./Core/Src/stm32f4xx_it.o
                0x08000b24                SVC_Handler
 .text.DebugMon_Handler
                0x08000b32        0xe ./Core/Src/stm32f4xx_it.o
                0x08000b32                DebugMon_Handler
 .text.PendSV_Handler
                0x08000b40        0xe ./Core/Src/stm32f4xx_it.o
                0x08000b40                PendSV_Handler
 .text.SysTick_Handler
                0x08000b4e        0xc ./Core/Src/stm32f4xx_it.o
                0x08000b4e                SysTick_Handler
 *fill*         0x08000b5a        0x2 
 .text.DMA1_Stream4_IRQHandler
                0x08000b5c       0x14 ./Core/Src/stm32f4xx_it.o
                0x08000b5c                DMA1_Stream4_IRQHandler
 .text._sbrk    0x08000b70       0x6c ./Core/Src/sysmem.o
                0x08000b70                _sbrk
 .text.SystemInit
                0x08000bdc       0x24 ./Core/Src/system_stm32f4xx.o
                0x08000bdc                SystemInit
 .text.Reset_Handler
                0x08000c00       0x50 ./Core/Startup/startup_stm32f407vetx.o
                0x08000c00                Reset_Handler
 .text.Default_Handler
                0x08000c50        0x2 ./Core/Startup/startup_stm32f407vetx.o
                0x08000c50                RTC_Alarm_IRQHandler
                0x08000c50                HASH_RNG_IRQHandler
                0x08000c50                EXTI2_IRQHandler
                0x08000c50                TIM8_CC_IRQHandler
                0x08000c50                TIM1_CC_IRQHandler
                0x08000c50                DMA2_Stream5_IRQHandler
                0x08000c50                DMA1_Stream5_IRQHandler
                0x08000c50                PVD_IRQHandler
                0x08000c50                SDIO_IRQHandler
                0x08000c50                TAMP_STAMP_IRQHandler
                0x08000c50                CAN2_RX1_IRQHandler
                0x08000c50                EXTI3_IRQHandler
                0x08000c50                TIM8_TRG_COM_TIM14_IRQHandler
                0x08000c50                TIM1_UP_TIM10_IRQHandler
                0x08000c50                TIM8_UP_TIM13_IRQHandler
                0x08000c50                I2C3_ER_IRQHandler
                0x08000c50                EXTI0_IRQHandler
                0x08000c50                I2C2_EV_IRQHandler
                0x08000c50                DMA1_Stream2_IRQHandler
                0x08000c50                CAN1_RX0_IRQHandler
                0x08000c50                FPU_IRQHandler
                0x08000c50                OTG_HS_WKUP_IRQHandler
                0x08000c50                CAN2_SCE_IRQHandler
                0x08000c50                DMA2_Stream2_IRQHandler
                0x08000c50                SPI1_IRQHandler
                0x08000c50                TIM6_DAC_IRQHandler
                0x08000c50                TIM1_BRK_TIM9_IRQHandler
                0x08000c50                DCMI_IRQHandler
                0x08000c50                CAN2_RX0_IRQHandler
                0x08000c50                DMA2_Stream3_IRQHandler
                0x08000c50                USART6_IRQHandler
                0x08000c50                USART3_IRQHandler
                0x08000c50                CAN1_RX1_IRQHandler
                0x08000c50                UART5_IRQHandler
                0x08000c50                DMA2_Stream0_IRQHandler
                0x08000c50                TIM4_IRQHandler
                0x08000c50                I2C1_EV_IRQHandler
                0x08000c50                DMA1_Stream6_IRQHandler
                0x08000c50                DMA1_Stream1_IRQHandler
                0x08000c50                UART4_IRQHandler
                0x08000c50                TIM3_IRQHandler
                0x08000c50                RCC_IRQHandler
                0x08000c50                TIM8_BRK_TIM12_IRQHandler
                0x08000c50                Default_Handler
                0x08000c50                EXTI15_10_IRQHandler
                0x08000c50                ADC_IRQHandler
                0x08000c50                DMA1_Stream7_IRQHandler
                0x08000c50                TIM7_IRQHandler
                0x08000c50                CAN2_TX_IRQHandler
                0x08000c50                TIM5_IRQHandler
                0x08000c50                DMA2_Stream7_IRQHandler
                0x08000c50                I2C3_EV_IRQHandler
                0x08000c50                EXTI9_5_IRQHandler
                0x08000c50                RTC_WKUP_IRQHandler
                0x08000c50                ETH_WKUP_IRQHandler
                0x08000c50                SPI2_IRQHandler
                0x08000c50                OTG_HS_EP1_IN_IRQHandler
                0x08000c50                DMA1_Stream0_IRQHandler
                0x08000c50                CAN1_TX_IRQHandler
                0x08000c50                EXTI4_IRQHandler
                0x08000c50                FSMC_IRQHandler
                0x08000c50                ETH_IRQHandler
                0x08000c50                OTG_HS_EP1_OUT_IRQHandler
                0x08000c50                WWDG_IRQHandler
                0x08000c50                TIM2_IRQHandler
                0x08000c50                OTG_FS_WKUP_IRQHandler
                0x08000c50                TIM1_TRG_COM_TIM11_IRQHandler
                0x08000c50                OTG_HS_IRQHandler
                0x08000c50                EXTI1_IRQHandler
                0x08000c50                USART2_IRQHandler
                0x08000c50                I2C2_ER_IRQHandler
                0x08000c50                DMA2_Stream1_IRQHandler
                0x08000c50                CAN1_SCE_IRQHandler
                0x08000c50                FLASH_IRQHandler
                0x08000c50                DMA2_Stream4_IRQHandler
                0x08000c50                USART1_IRQHandler
                0x08000c50                OTG_FS_IRQHandler
                0x08000c50                SPI3_IRQHandler
                0x08000c50                I2C1_ER_IRQHandler
                0x08000c50                DMA2_Stream6_IRQHandler
                0x08000c50                DMA1_Stream3_IRQHandler
 *fill*         0x08000c52        0x2 
 .text.HAL_Init
                0x08000c54       0x44 ./Drivers/STM32F4xx_HAL_Driver/stm32f4xx_hal.o
                0x08000c54                HAL_Init
 .text.HAL_InitTick
                0x08000c98       0x60 ./Drivers/STM32F4xx_HAL_Driver/stm32f4xx_hal.o
                0x08000c98                HAL_InitTick
 .text.HAL_IncTick
                0x08000cf8       0x28 ./Drivers/STM32F4xx_HAL_Driver/stm32f4xx_hal.o
                0x08000cf8                HAL_IncTick
 .text.HAL_GetTick
                0x08000d20       0x18 ./Drivers/STM32F4xx_HAL_Driver/stm32f4xx_hal.o
                0x08000d20                HAL_GetTick
 .text.HAL_ADC_Init
                0x08000d38       0x86 ./Drivers/STM32F4xx_HAL_Driver/stm32f4xx_hal_adc.o
                0x08000d38                HAL_ADC_Init
 *fill*         0x08000dbe        0x2 
 .text.HAL_ADC_Start
                0x08000dc0      0x1a4 ./Drivers/STM32F4xx_HAL_Driver/stm32f4xx_hal_adc.o
                0x08000dc0                HAL_ADC_Start
 .text.HAL_ADC_PollForConversion
                0x08000f64      0x116 ./Drivers/STM32F4xx_HAL_Driver/stm32f4xx_hal_adc.o
                0x08000f64                HAL_ADC_PollForConversion
 *fill*         0x0800107a        0x2 
 .text.HAL_ADC_Start_DMA
                0x0800107c      0x220 ./Drivers/STM32F4xx_HAL_Driver/stm32f4xx_hal_adc.o
                0x0800107c                HAL_ADC_Start_DMA
 .text.HAL_ADC_GetValue
                0x0800129c       0x1a ./Drivers/STM32F4xx_HAL_Driver/stm32f4xx_hal_adc.o
                0x0800129c                HAL_ADC_GetValue
 .text.HAL_ADC_ConvCpltCallback
                0x080012b6       0x14 ./Drivers/STM32F4xx_HAL_Driver/stm32f4xx_hal_adc.o
                0x080012b6                HAL_ADC_ConvCpltCallback
 .text.HAL_ADC_ConvHalfCpltCallback
                0x080012ca       0x14 ./Drivers/STM32F4xx_HAL_Driver/stm32f4xx_hal_adc.o
                0x080012ca                HAL_ADC_ConvHalfCpltCallback
 .text.HAL_ADC_ErrorCallback
                0x080012de       0x14 ./Drivers/STM32F4xx_HAL_Driver/stm32f4xx_hal_adc.o
                0x080012de                HAL_ADC_ErrorCallback
 *fill*         0x080012f2        0x2 
 .text.HAL_ADC_ConfigChannel
                0x080012f4      0x244 ./Drivers/STM32F4xx_HAL_Driver/stm32f4xx_hal_adc.o
                0x080012f4                HAL_ADC_ConfigChannel
 .text.ADC_Init
                0x08001538      0x1f8 ./Drivers/STM32F4xx_HAL_Driver/stm32f4xx_hal_adc.o
 .text.ADC_DMAConvCplt
                0x08001730       0xba ./Drivers/STM32F4xx_HAL_Driver/stm32f4xx_hal_adc.o
 .text.ADC_DMAHalfConvCplt
                0x080017ea       0x1c ./Drivers/STM32F4xx_HAL_Driver/stm32f4xx_hal_adc.o
 .text.ADC_DMAError
                0x08001806       0x2e ./Drivers/STM32F4xx_HAL_Driver/stm32f4xx_hal_adc.o
 .text.__NVIC_SetPriorityGrouping
                0x08001834       0x48 ./Drivers/STM32F4xx_HAL_Driver/stm32f4xx_hal_cortex.o
 .text.__NVIC_GetPriorityGrouping
                0x0800187c       0x1c ./Drivers/STM32F4xx_HAL_Driver/stm32f4xx_hal_cortex.o
 .text.__NVIC_EnableIRQ
                0x08001898       0x3c ./Drivers/STM32F4xx_HAL_Driver/stm32f4xx_hal_cortex.o
 .text.__NVIC_SetPriority
                0x080018d4       0x54 ./Drivers/STM32F4xx_HAL_Driver/stm32f4xx_hal_cortex.o
 .text.NVIC_EncodePriority
                0x08001928       0x66 ./Drivers/STM32F4xx_HAL_Driver/stm32f4xx_hal_cortex.o
 *fill*         0x0800198e        0x2 
 .text.SysTick_Config
                0x08001990       0x44 ./Drivers/STM32F4xx_HAL_Driver/stm32f4xx_hal_cortex.o
 .text.HAL_NVIC_SetPriorityGrouping
                0x080019d4       0x16 ./Drivers/STM32F4xx_HAL_Driver/stm32f4xx_hal_cortex.o
                0x080019d4                HAL_NVIC_SetPriorityGrouping
 .text.HAL_NVIC_SetPriority
                0x080019ea       0x38 ./Drivers/STM32F4xx_HAL_Driver/stm32f4xx_hal_cortex.o
                0x080019ea                HAL_NVIC_SetPriority
 .text.HAL_NVIC_EnableIRQ
                0x08001a22       0x1c ./Drivers/STM32F4xx_HAL_Driver/stm32f4xx_hal_cortex.o
                0x08001a22                HAL_NVIC_EnableIRQ
 .text.HAL_SYSTICK_Config
                0x08001a3e       0x18 ./Drivers/STM32F4xx_HAL_Driver/stm32f4xx_hal_cortex.o
                0x08001a3e                HAL_SYSTICK_Config
 *fill*         0x08001a56        0x2 
 .text.HAL_DMA_Init
                0x08001a58      0x15c ./Drivers/STM32F4xx_HAL_Driver/stm32f4xx_hal_dma.o
                0x08001a58                HAL_DMA_Init
 .text.HAL_DMA_Start_IT
                0x08001bb4       0xb0 ./Drivers/STM32F4xx_HAL_Driver/stm32f4xx_hal_dma.o
                0x08001bb4                HAL_DMA_Start_IT
 .text.HAL_DMA_IRQHandler
                0x08001c64      0x314 ./Drivers/STM32F4xx_HAL_Driver/stm32f4xx_hal_dma.o
                0x08001c64                HAL_DMA_IRQHandler
 .text.DMA_SetConfig
                0x08001f78       0x5c ./Drivers/STM32F4xx_HAL_Driver/stm32f4xx_hal_dma.o
 .text.DMA_CalcBaseAndBitshift
                0x08001fd4       0x6c ./Drivers/STM32F4xx_HAL_Driver/stm32f4xx_hal_dma.o
 .text.DMA_CheckFifoParam
                0x08002040       0xf8 ./Drivers/STM32F4xx_HAL_Driver/stm32f4xx_hal_dma.o
 .text.HAL_GPIO_Init
                0x08002138      0x338 ./Drivers/STM32F4xx_HAL_Driver/stm32f4xx_hal_gpio.o
                0x08002138                HAL_GPIO_Init
 .text.HAL_GPIO_WritePin
                0x08002470       0x32 ./Drivers/STM32F4xx_HAL_Driver/stm32f4xx_hal_gpio.o
                0x08002470                HAL_GPIO_WritePin
 *fill*         0x080024a2        0x2 
 .text.HAL_RCC_OscConfig
                0x080024a4      0x4f0 ./Drivers/STM32F4xx_HAL_Driver/stm32f4xx_hal_rcc.o
                0x080024a4                HAL_RCC_OscConfig
 .text.HAL_RCC_ClockConfig
                0x08002994      0x1cc ./Drivers/STM32F4xx_HAL_Driver/stm32f4xx_hal_rcc.o
                0x08002994                HAL_RCC_ClockConfig
 .text.HAL_RCC_GetSysClockFreq
                0x08002b60      0x18c ./Drivers/STM32F4xx_HAL_Driver/stm32f4xx_hal_rcc.o
                0x08002b60                HAL_RCC_GetSysClockFreq
 .text.HAL_TIM_Base_Init
                0x08002cec       0x9e ./Drivers/STM32F4xx_HAL_Driver/stm32f4xx_hal_tim.o
                0x08002cec                HAL_TIM_Base_Init
 .text.HAL_TIM_PWM_Init
                0x08002d8a       0x9e ./Drivers/STM32F4xx_HAL_Driver/stm32f4xx_hal_tim.o
                0x08002d8a                HAL_TIM_PWM_Init
 .text.HAL_TIM_PWM_MspInit
                0x08002e28       0x14 ./Drivers/STM32F4xx_HAL_Driver/stm32f4xx_hal_tim.o
                0x08002e28                HAL_TIM_PWM_MspInit
 .text.HAL_TIM_PWM_Start_DMA
                0x08002e3c      0x390 ./Drivers/STM32F4xx_HAL_Driver/stm32f4xx_hal_tim.o
                0x08002e3c                HAL_TIM_PWM_Start_DMA
 .text.HAL_TIM_PWM_ConfigChannel
                0x080031cc      0x184 ./Drivers/STM32F4xx_HAL_Driver/stm32f4xx_hal_tim.o
                0x080031cc                HAL_TIM_PWM_ConfigChannel
 .text.HAL_TIM_ConfigClockSource
                0x08003350      0x18e ./Drivers/STM32F4xx_HAL_Driver/stm32f4xx_hal_tim.o
                0x08003350                HAL_TIM_ConfigClockSource
 .text.HAL_TIM_ErrorCallback
                0x080034de       0x14 ./Drivers/STM32F4xx_HAL_Driver/stm32f4xx_hal_tim.o
                0x080034de                HAL_TIM_ErrorCallback
 .text.TIM_DMAError
                0x080034f2       0x92 ./Drivers/STM32F4xx_HAL_Driver/stm32f4xx_hal_tim.o
                0x080034f2                TIM_DMAError
 .text.TIM_DMADelayPulseCplt
                0x08003584       0xa8 ./Drivers/STM32F4xx_HAL_Driver/stm32f4xx_hal_tim.o
 .text.TIM_DMADelayPulseHalfCplt
                0x0800362c       0x68 ./Drivers/STM32F4xx_HAL_Driver/stm32f4xx_hal_tim.o
                0x0800362c                TIM_DMADelayPulseHalfCplt
 .text.TIM_Base_SetConfig
                0x08003694      0x158 ./Drivers/STM32F4xx_HAL_Driver/stm32f4xx_hal_tim.o
                0x08003694                TIM_Base_SetConfig
 .text.TIM_OC1_SetConfig
                0x080037ec       0xe0 ./Drivers/STM32F4xx_HAL_Driver/stm32f4xx_hal_tim.o
 .text.TIM_OC2_SetConfig
                0x080038cc       0xec ./Drivers/STM32F4xx_HAL_Driver/stm32f4xx_hal_tim.o
                0x080038cc                TIM_OC2_SetConfig
 .text.TIM_OC3_SetConfig
                0x080039b8       0xe8 ./Drivers/STM32F4xx_HAL_Driver/stm32f4xx_hal_tim.o
 .text.TIM_OC4_SetConfig
                0x08003aa0       0xac ./Drivers/STM32F4xx_HAL_Driver/stm32f4xx_hal_tim.o
 .text.TIM_TI1_ConfigInputStage
                0x08003b4c       0x5e ./Drivers/STM32F4xx_HAL_Driver/stm32f4xx_hal_tim.o
 .text.TIM_TI2_ConfigInputStage
                0x08003baa       0x60 ./Drivers/STM32F4xx_HAL_Driver/stm32f4xx_hal_tim.o
 .text.TIM_ITRx_SetConfig
                0x08003c0a       0x36 ./Drivers/STM32F4xx_HAL_Driver/stm32f4xx_hal_tim.o
 .text.TIM_ETR_SetConfig
                0x08003c40       0x40 ./Drivers/STM32F4xx_HAL_Driver/stm32f4xx_hal_tim.o
                0x08003c40                TIM_ETR_SetConfig
 .text.TIM_CCxChannelCmd
                0x08003c80       0x4a ./Drivers/STM32F4xx_HAL_Driver/stm32f4xx_hal_tim.o
                0x08003c80                TIM_CCxChannelCmd
 *fill*         0x08003cca        0x2 
 .text.HAL_TIMEx_MasterConfigSynchronization
                0x08003ccc       0xf8 ./Drivers/STM32F4xx_HAL_Driver/stm32f4xx_hal_tim_ex.o
                0x08003ccc                HAL_TIMEx_MasterConfigSynchronization
 .text.ws2812_update_buffer
                0x08003dc4      0x150 ./src/ws2812.o
                0x08003dc4                ws2812_update_buffer
 .text.zeroLedValues
                0x08003f14       0x38 ./src/ws2812.o
                0x08003f14                zeroLedValues
 .text.setLedValues
                0x08003f4c       0x80 ./src/ws2812.o
                0x08003f4c                setLedValues
 .text.ws2812_init
                0x08003fcc       0x90 ./src/ws2812.o
                0x08003fcc                ws2812_init
 .text.ws2812_demos_set
                0x0800405c       0x24 ./src/ws2812_demos.o
                0x0800405c                ws2812_demos_set
 .text.ws2812_demos_tick
                0x08004080      0x304 ./src/ws2812_demos.o
                0x08004080                ws2812_demos_tick
 .text.malloc   0x08004384       0x10 D:/Progs/STM32CubeIDE_1.17.0/STM32CubeIDE/plugins/com.st.stm32cube.ide.mcu.externaltools.gnu-tools-for-stm32.12.3.rel1.win32_1.1.0.202410251130/tools/bin/../lib/gcc/arm-none-eabi/12.3.1/../../../../arm-none-eabi/lib/thumb/v7e-m+fp/hard\libc_nano.a(libc_a-malloc.o)
                0x08004384                malloc
 .text.sbrk_aligned
                0x08004394       0x44 D:/Progs/STM32CubeIDE_1.17.0/STM32CubeIDE/plugins/com.st.stm32cube.ide.mcu.externaltools.gnu-tools-for-stm32.12.3.rel1.win32_1.1.0.202410251130/tools/bin/../lib/gcc/arm-none-eabi/12.3.1/../../../../arm-none-eabi/lib/thumb/v7e-m+fp/hard\libc_nano.a(libc_a-mallocr.o)
 .text._malloc_r
                0x080043d8      0x100 D:/Progs/STM32CubeIDE_1.17.0/STM32CubeIDE/plugins/com.st.stm32cube.ide.mcu.externaltools.gnu-tools-for-stm32.12.3.rel1.win32_1.1.0.202410251130/tools/bin/../lib/gcc/arm-none-eabi/12.3.1/../../../../arm-none-eabi/lib/thumb/v7e-m+fp/hard\libc_nano.a(libc_a-mallocr.o)
                0x080043d8                _malloc_r
 .text.__malloc_lock
                0x080044d8        0xc D:/Progs/STM32CubeIDE_1.17.0/STM32CubeIDE/plugins/com.st.stm32cube.ide.mcu.externaltools.gnu-tools-for-stm32.12.3.rel1.win32_1.1.0.202410251130/tools/bin/../lib/gcc/arm-none-eabi/12.3.1/../../../../arm-none-eabi/lib/thumb/v7e-m+fp/hard\libc_nano.a(libc_a-mlock.o)
                0x080044d8                __malloc_lock
 .text.__malloc_unlock
                0x080044e4        0xc D:/Progs/STM32CubeIDE_1.17.0/STM32CubeIDE/plugins/com.st.stm32cube.ide.mcu.externaltools.gnu-tools-for-stm32.12.3.rel1.win32_1.1.0.202410251130/tools/bin/../lib/gcc/arm-none-eabi/12.3.1/../../../../arm-none-eabi/lib/thumb/v7e-m+fp/hard\libc_nano.a(libc_a-mlock.o)
                0x080044e4                __malloc_unlock
 .text.memset   0x080044f0       0x10 D:/Progs/STM32CubeIDE_1.17.0/STM32CubeIDE/plugins/com.st.stm32cube.ide.mcu.externaltools.gnu-tools-for-stm32.12.3.rel1.win32_1.1.0.202410251130/tools/bin/../lib/gcc/arm-none-eabi/12.3.1/../../../../arm-none-eabi/lib/thumb/v7e-m+fp/hard\libc_nano.a(libc_a-memset.o)
                0x080044f0                memset
 .text._sbrk_r  0x08004500       0x20 D:/Progs/STM32CubeIDE_1.17.0/STM32CubeIDE/plugins/com.st.stm32cube.ide.mcu.externaltools.gnu-tools-for-stm32.12.3.rel1.win32_1.1.0.202410251130/tools/bin/../lib/gcc/arm-none-eabi/12.3.1/../../../../arm-none-eabi/lib/thumb/v7e-m+fp/hard\libc_nano.a(libc_a-sbrkr.o)
                0x08004500                _sbrk_r
 .text.__errno  0x08004520        0xc D:/Progs/STM32CubeIDE_1.17.0/STM32CubeIDE/plugins/com.st.stm32cube.ide.mcu.externaltools.gnu-tools-for-stm32.12.3.rel1.win32_1.1.0.202410251130/tools/bin/../lib/gcc/arm-none-eabi/12.3.1/../../../../arm-none-eabi/lib/thumb/v7e-m+fp/hard\libc_nano.a(libc_a-errno.o)
                0x08004520                __errno
 .text.__libc_init_array
                0x0800452c       0x48 D:/Progs/STM32CubeIDE_1.17.0/STM32CubeIDE/plugins/com.st.stm32cube.ide.mcu.externaltools.gnu-tools-for-stm32.12.3.rel1.win32_1.1.0.202410251130/tools/bin/../lib/gcc/arm-none-eabi/12.3.1/../../../../arm-none-eabi/lib/thumb/v7e-m+fp/hard\libc_nano.a(libc_a-init.o)
                0x0800452c                __libc_init_array
 .text.__retarget_lock_acquire_recursive
                0x08004574        0x2 D:/Progs/STM32CubeIDE_1.17.0/STM32CubeIDE/plugins/com.st.stm32cube.ide.mcu.externaltools.gnu-tools-for-stm32.12.3.rel1.win32_1.1.0.202410251130/tools/bin/../lib/gcc/arm-none-eabi/12.3.1/../../../../arm-none-eabi/lib/thumb/v7e-m+fp/hard\libc_nano.a(libc_a-lock.o)
                0x08004574                __retarget_lock_acquire_recursive
 .text.__retarget_lock_release_recursive
                0x08004576        0x2 D:/Progs/STM32CubeIDE_1.17.0/STM32CubeIDE/plugins/com.st.stm32cube.ide.mcu.externaltools.gnu-tools-for-stm32.12.3.rel1.win32_1.1.0.202410251130/tools/bin/../lib/gcc/arm-none-eabi/12.3.1/../../../../arm-none-eabi/lib/thumb/v7e-m+fp/hard\libc_nano.a(libc_a-lock.o)
                0x08004576                __retarget_lock_release_recursive
 .text.memcpy   0x08004578       0x1c D:/Progs/STM32CubeIDE_1.17.0/STM32CubeIDE/plugins/com.st.stm32cube.ide.mcu.externaltools.gnu-tools-for-stm32.12.3.rel1.win32_1.1.0.202410251130/tools/bin/../lib/gcc/arm-none-eabi/12.3.1/../../../../arm-none-eabi/lib/thumb/v7e-m+fp/hard\libc_nano.a(libc_a-memcpy-stub.o)
                0x08004578                memcpy
 *(.glue_7)
 .glue_7        0x08004594        0x0 linker stubs
 *(.glue_7t)
 .glue_7t       0x08004594        0x0 linker stubs
 *(.eh_frame)
 .eh_frame      0x08004594        0x0 D:/Progs/STM32CubeIDE_1.17.0/STM32CubeIDE/plugins/com.st.stm32cube.ide.mcu.externaltools.gnu-tools-for-stm32.12.3.rel1.win32_1.1.0.202410251130/tools/bin/../lib/gcc/arm-none-eabi/12.3.1/thumb/v7e-m+fp/hard/crtbegin.o
 *(.init)
 .init          0x08004594        0x4 D:/Progs/STM32CubeIDE_1.17.0/STM32CubeIDE/plugins/com.st.stm32cube.ide.mcu.externaltools.gnu-tools-for-stm32.12.3.rel1.win32_1.1.0.202410251130/tools/bin/../lib/gcc/arm-none-eabi/12.3.1/thumb/v7e-m+fp/hard/crti.o
                0x08004594                _init
 .init          0x08004598        0x8 D:/Progs/STM32CubeIDE_1.17.0/STM32CubeIDE/plugins/com.st.stm32cube.ide.mcu.externaltools.gnu-tools-for-stm32.12.3.rel1.win32_1.1.0.202410251130/tools/bin/../lib/gcc/arm-none-eabi/12.3.1/thumb/v7e-m+fp/hard/crtn.o
 *(.fini)
 .fini          0x080045a0        0x4 D:/Progs/STM32CubeIDE_1.17.0/STM32CubeIDE/plugins/com.st.stm32cube.ide.mcu.externaltools.gnu-tools-for-stm32.12.3.rel1.win32_1.1.0.202410251130/tools/bin/../lib/gcc/arm-none-eabi/12.3.1/thumb/v7e-m+fp/hard/crti.o
                0x080045a0                _fini
 .fini          0x080045a4        0x8 D:/Progs/STM32CubeIDE_1.17.0/STM32CubeIDE/plugins/com.st.stm32cube.ide.mcu.externaltools.gnu-tools-for-stm32.12.3.rel1.win32_1.1.0.202410251130/tools/bin/../lib/gcc/arm-none-eabi/12.3.1/thumb/v7e-m+fp/hard/crtn.o
                0x080045ac                        . = ALIGN (0x4)
                0x080045ac                        _etext = .

.vfp11_veneer   0x080045ac        0x0
 .vfp11_veneer  0x080045ac        0x0 linker stubs

.v4_bx          0x080045ac        0x0
 .v4_bx         0x080045ac        0x0 linker stubs

.iplt           0x080045ac        0x0
 .iplt          0x080045ac        0x0 D:/Progs/STM32CubeIDE_1.17.0/STM32CubeIDE/plugins/com.st.stm32cube.ide.mcu.externaltools.gnu-tools-for-stm32.12.3.rel1.win32_1.1.0.202410251130/tools/bin/../lib/gcc/arm-none-eabi/12.3.1/thumb/v7e-m+fp/hard/crtbegin.o

.rodata         0x080045ac     0x1064
                0x080045ac                        . = ALIGN (0x4)
 *(.rodata)
 *(.rodata*)
 .rodata.AHBPrescTable
                0x080045ac       0x10 ./Core/Src/system_stm32f4xx.o
                0x080045ac                AHBPrescTable
 .rodata.flagBitshiftOffset.0
                0x080045bc        0x8 ./Drivers/STM32F4xx_HAL_Driver/stm32f4xx_hal_dma.o
 .rodata.color_value
                0x080045c4     0x1000 ./src/color_values.o
                0x080045c4                color_value
 .rodata.led_line_colors
                0x080055c4       0x15 ./src/ws2812_demos.o
                0x080055c4                led_line_colors
 *fill*         0x080055d9        0x3 
 .rodata.rainbow_colors
                0x080055dc       0x30 ./src/ws2812_demos.o
                0x080055dc                rainbow_colors
 .rodata.led_interval.2
                0x0800560c        0x4 ./src/ws2812_demos.o
                0x08005610                        . = ALIGN (0x4)

.ARM.extab      0x08005610        0x0
                0x08005610                        . = ALIGN (0x4)
 *(.ARM.extab* .gnu.linkonce.armextab.*)
                0x08005610                        . = ALIGN (0x4)

.ARM            0x08005610        0x8
                0x08005610                        . = ALIGN (0x4)
                0x08005610                        __exidx_start = .
 *(.ARM.exidx*)
 .ARM.exidx     0x08005610        0x8 D:/Progs/STM32CubeIDE_1.17.0/STM32CubeIDE/plugins/com.st.stm32cube.ide.mcu.externaltools.gnu-tools-for-stm32.12.3.rel1.win32_1.1.0.202410251130/tools/bin/../lib/gcc/arm-none-eabi/12.3.1/thumb/v7e-m+fp/hard\libgcc.a(_udivmoddi4.o)
                0x08005618                        __exidx_end = .
                0x08005618                        . = ALIGN (0x4)

.preinit_array  0x08005618        0x0
                0x08005618                        . = ALIGN (0x4)
                0x08005618                        PROVIDE (__preinit_array_start = .)
 *(.preinit_array*)
                0x08005618                        PROVIDE (__preinit_array_end = .)
                0x08005618                        . = ALIGN (0x4)

.init_array     0x08005618        0x4
                0x08005618                        . = ALIGN (0x4)
                0x08005618                        PROVIDE (__init_array_start = .)
 *(SORT_BY_NAME(.init_array.*))
 *(.init_array*)
 .init_array    0x08005618        0x4 D:/Progs/STM32CubeIDE_1.17.0/STM32CubeIDE/plugins/com.st.stm32cube.ide.mcu.externaltools.gnu-tools-for-stm32.12.3.rel1.win32_1.1.0.202410251130/tools/bin/../lib/gcc/arm-none-eabi/12.3.1/thumb/v7e-m+fp/hard/crtbegin.o
                0x0800561c                        PROVIDE (__init_array_end = .)
                0x0800561c                        . = ALIGN (0x4)

.fini_array     0x0800561c        0x4
                0x0800561c                        . = ALIGN (0x4)
                [!provide]                        PROVIDE (__fini_array_start = .)
 *(SORT_BY_NAME(.fini_array.*))
 *(.fini_array*)
 .fini_array    0x0800561c        0x4 D:/Progs/STM32CubeIDE_1.17.0/STM32CubeIDE/plugins/com.st.stm32cube.ide.mcu.externaltools.gnu-tools-for-stm32.12.3.rel1.win32_1.1.0.202410251130/tools/bin/../lib/gcc/arm-none-eabi/12.3.1/thumb/v7e-m+fp/hard/crtbegin.o
                [!provide]                        PROVIDE (__fini_array_end = .)
                0x08005620                        . = ALIGN (0x4)
                0x08005620                        _sidata = LOADADDR (.data)

.rel.dyn        0x08005620        0x0
 .rel.iplt      0x08005620        0x0 D:/Progs/STM32CubeIDE_1.17.0/STM32CubeIDE/plugins/com.st.stm32cube.ide.mcu.externaltools.gnu-tools-for-stm32.12.3.rel1.win32_1.1.0.202410251130/tools/bin/../lib/gcc/arm-none-eabi/12.3.1/thumb/v7e-m+fp/hard/crtbegin.o

.data           0x20000000       0x60 load address 0x08005620
                0x20000000                        . = ALIGN (0x4)
                0x20000000                        _sdata = .
 *(.data)
 *(.data*)
 .data.SystemCoreClock
                0x20000000        0x4 ./Core/Src/system_stm32f4xx.o
                0x20000000                SystemCoreClock
 .data.uwTickPrio
                0x20000004        0x4 ./Drivers/STM32F4xx_HAL_Driver/stm32f4xx_hal.o
                0x20000004                uwTickPrio
 .data.uwTickFreq
                0x20000008        0x1 ./Drivers/STM32F4xx_HAL_Driver/stm32f4xx_hal.o
                0x20000008                uwTickFreq
 *fill*         0x20000009        0x3 
 .data.next_led.6
                0x2000000c        0x4 ./src/ws2812_demos.o
 .data._impure_ptr
                0x20000010        0x4 D:/Progs/STM32CubeIDE_1.17.0/STM32CubeIDE/plugins/com.st.stm32cube.ide.mcu.externaltools.gnu-tools-for-stm32.12.3.rel1.win32_1.1.0.202410251130/tools/bin/../lib/gcc/arm-none-eabi/12.3.1/../../../../arm-none-eabi/lib/thumb/v7e-m+fp/hard\libc_nano.a(libc_a-impure.o)
                0x20000010                _impure_ptr
 .data._impure_data
                0x20000014       0x4c D:/Progs/STM32CubeIDE_1.17.0/STM32CubeIDE/plugins/com.st.stm32cube.ide.mcu.externaltools.gnu-tools-for-stm32.12.3.rel1.win32_1.1.0.202410251130/tools/bin/../lib/gcc/arm-none-eabi/12.3.1/../../../../arm-none-eabi/lib/thumb/v7e-m+fp/hard\libc_nano.a(libc_a-impure.o)
                0x20000014                _impure_data
 *(.RamFunc)
 *(.RamFunc*)
                0x20000060                        . = ALIGN (0x4)
                0x20000060                        _edata = .
                0x08005680                        _siccmram = LOADADDR (.ccmram)

.igot.plt       0x20000060        0x0 load address 0x08005680
 .igot.plt      0x20000060        0x0 D:/Progs/STM32CubeIDE_1.17.0/STM32CubeIDE/plugins/com.st.stm32cube.ide.mcu.externaltools.gnu-tools-for-stm32.12.3.rel1.win32_1.1.0.202410251130/tools/bin/../lib/gcc/arm-none-eabi/12.3.1/thumb/v7e-m+fp/hard/crtbegin.o

.ccmram         0x10000000        0x0 load address 0x08005680
                0x10000000                        . = ALIGN (0x4)
                0x10000000                        _sccmram = .
 *(.ccmram)
 *(.ccmram*)
                0x10000000                        . = ALIGN (0x4)
                0x10000000                        _eccmram = .
                0x10000000                        . = ALIGN (0x4)

.bss            0x20000060      0x2f0
                0x20000060                        _sbss = .
                0x20000060                        __bss_start__ = _sbss
 *(.bss)
 .bss           0x20000060       0x1c D:/Progs/STM32CubeIDE_1.17.0/STM32CubeIDE/plugins/com.st.stm32cube.ide.mcu.externaltools.gnu-tools-for-stm32.12.3.rel1.win32_1.1.0.202410251130/tools/bin/../lib/gcc/arm-none-eabi/12.3.1/thumb/v7e-m+fp/hard/crtbegin.o
 *(.bss*)
 .bss.hadc1     0x2000007c       0x48 ./Core/Src/main.o
                0x2000007c                hadc1
 .bss.htim3     0x200000c4       0x48 ./Core/Src/main.o
                0x200000c4                htim3
 .bss.hdma_tim3_ch1_trig
                0x2000010c       0x60 ./Core/Src/main.o
                0x2000010c                hdma_tim3_ch1_trig
 .bss.ws2812    0x2000016c       0x80 ./Core/Src/main.o
                0x2000016c                ws2812
 .bss.__sbrk_heap_end
                0x200001ec        0x4 ./Core/Src/sysmem.o
 .bss.uwTick    0x200001f0        0x4 ./Drivers/STM32F4xx_HAL_Driver/stm32f4xx_hal.o
                0x200001f0                uwTick
 .bss.active_demo
                0x200001f4        0x1 ./src/ws2812_demos.o
                0x200001f4                active_demo
 *fill*         0x200001f5        0x1 
 .bss.line_led.5
                0x200001f6        0x2 ./src/ws2812_demos.o
 .bss.line_color.4
                0x200001f8        0x1 ./src/ws2812_demos.o
 *fill*         0x200001f9        0x3 
 .bss.line_count.3
                0x200001fc        0x4 ./src/ws2812_demos.o
 .bss.smoothed_p1.1
                0x20000200        0x2 ./src/ws2812_demos.o
 *fill*         0x20000202        0x2 
 .bss.display_led.0
                0x20000204        0x4 ./src/ws2812_demos.o
 .bss.__malloc_sbrk_start
                0x20000208        0x4 D:/Progs/STM32CubeIDE_1.17.0/STM32CubeIDE/plugins/com.st.stm32cube.ide.mcu.externaltools.gnu-tools-for-stm32.12.3.rel1.win32_1.1.0.202410251130/tools/bin/../lib/gcc/arm-none-eabi/12.3.1/../../../../arm-none-eabi/lib/thumb/v7e-m+fp/hard\libc_nano.a(libc_a-mallocr.o)
                0x20000208                __malloc_sbrk_start
 .bss.__malloc_free_list
                0x2000020c        0x4 D:/Progs/STM32CubeIDE_1.17.0/STM32CubeIDE/plugins/com.st.stm32cube.ide.mcu.externaltools.gnu-tools-for-stm32.12.3.rel1.win32_1.1.0.202410251130/tools/bin/../lib/gcc/arm-none-eabi/12.3.1/../../../../arm-none-eabi/lib/thumb/v7e-m+fp/hard\libc_nano.a(libc_a-mallocr.o)
                0x2000020c                __malloc_free_list
 .bss.__sf      0x20000210      0x138 D:/Progs/STM32CubeIDE_1.17.0/STM32CubeIDE/plugins/com.st.stm32cube.ide.mcu.externaltools.gnu-tools-for-stm32.12.3.rel1.win32_1.1.0.202410251130/tools/bin/../lib/gcc/arm-none-eabi/12.3.1/../../../../arm-none-eabi/lib/thumb/v7e-m+fp/hard\libc_nano.a(libc_a-findfp.o)
                0x20000210                __sf
 .bss.errno     0x20000348        0x4 D:/Progs/STM32CubeIDE_1.17.0/STM32CubeIDE/plugins/com.st.stm32cube.ide.mcu.externaltools.gnu-tools-for-stm32.12.3.rel1.win32_1.1.0.202410251130/tools/bin/../lib/gcc/arm-none-eabi/12.3.1/../../../../arm-none-eabi/lib/thumb/v7e-m+fp/hard\libc_nano.a(libc_a-reent.o)
                0x20000348                errno
 .bss.__lock___malloc_recursive_mutex
                0x2000034c        0x1 D:/Progs/STM32CubeIDE_1.17.0/STM32CubeIDE/plugins/com.st.stm32cube.ide.mcu.externaltools.gnu-tools-for-stm32.12.3.rel1.win32_1.1.0.202410251130/tools/bin/../lib/gcc/arm-none-eabi/12.3.1/../../../../arm-none-eabi/lib/thumb/v7e-m+fp/hard\libc_nano.a(libc_a-lock.o)
                0x2000034c                __lock___malloc_recursive_mutex
 *(COMMON)
                0x20000350                        . = ALIGN (0x4)
 *fill*         0x2000034d        0x3 
                0x20000350                        _ebss = .
                0x20000350                        __bss_end__ = _ebss

._user_heap_stack
                0x20000350      0x600
                0x20000350                        . = ALIGN (0x8)
                [!provide]                        PROVIDE (end = .)
                0x20000350                        PROVIDE (_end = .)
                0x20000550                        . = (. + _Min_Heap_Size)
 *fill*         0x20000350      0x200 
                0x20000950                        . = (. + _Min_Stack_Size)
 *fill*         0x20000550      0x400 
                0x20000950                        . = ALIGN (0x8)

/DISCARD/
 libc.a(*)
 libm.a(*)
 libgcc.a(*)

.ARM.attributes
                0x00000000       0x30
 *(.ARM.attributes)
 .ARM.attributes
                0x00000000       0x22 D:/Progs/STM32CubeIDE_1.17.0/STM32CubeIDE/plugins/com.st.stm32cube.ide.mcu.externaltools.gnu-tools-for-stm32.12.3.rel1.win32_1.1.0.202410251130/tools/bin/../lib/gcc/arm-none-eabi/12.3.1/thumb/v7e-m+fp/hard/crti.o
 .ARM.attributes
                0x00000022       0x34 D:/Progs/STM32CubeIDE_1.17.0/STM32CubeIDE/plugins/com.st.stm32cube.ide.mcu.externaltools.gnu-tools-for-stm32.12.3.rel1.win32_1.1.0.202410251130/tools/bin/../lib/gcc/arm-none-eabi/12.3.1/thumb/v7e-m+fp/hard/crtbegin.o
 .ARM.attributes
                0x00000056       0x34 ./Core/Src/main.o
 .ARM.attributes
                0x0000008a       0x34 ./Core/Src/stm32f4xx_hal_msp.o
 .ARM.attributes
                0x000000be       0x34 ./Core/Src/stm32f4xx_it.o
 .ARM.attributes
                0x000000f2       0x34 ./Core/Src/sysmem.o
 .ARM.attributes
                0x00000126       0x34 ./Core/Src/system_stm32f4xx.o
 .ARM.attributes
                0x0000015a       0x21 ./Core/Startup/startup_stm32f407vetx.o
 .ARM.attributes
                0x0000017b       0x34 ./Drivers/STM32F4xx_HAL_Driver/stm32f4xx_hal.o
 .ARM.attributes
                0x000001af       0x34 ./Drivers/STM32F4xx_HAL_Driver/stm32f4xx_hal_adc.o
 .ARM.attributes
                0x000001e3       0x34 ./Drivers/STM32F4xx_HAL_Driver/stm32f4xx_hal_cortex.o
 .ARM.attributes
                0x00000217       0x34 ./Drivers/STM32F4xx_HAL_Driver/stm32f4xx_hal_dma.o
 .ARM.attributes
                0x0000024b       0x34 ./Drivers/STM32F4xx_HAL_Driver/stm32f4xx_hal_gpio.o
 .ARM.attributes
                0x0000027f       0x34 ./Drivers/STM32F4xx_HAL_Driver/stm32f4xx_hal_rcc.o
 .ARM.attributes
                0x000002b3       0x34 ./Drivers/STM32F4xx_HAL_Driver/stm32f4xx_hal_tim.o
 .ARM.attributes
                0x000002e7       0x34 ./Drivers/STM32F4xx_HAL_Driver/stm32f4xx_hal_tim_ex.o
 .ARM.attributes
                0x0000031b       0x34 ./src/color_values.o
 .ARM.attributes
                0x0000034f       0x34 ./src/ws2812.o
 .ARM.attributes
                0x00000383       0x34 ./src/ws2812_demos.o
 .ARM.attributes
                0x000003b7       0x34 D:/Progs/STM32CubeIDE_1.17.0/STM32CubeIDE/plugins/com.st.stm32cube.ide.mcu.externaltools.gnu-tools-for-stm32.12.3.rel1.win32_1.1.0.202410251130/tools/bin/../lib/gcc/arm-none-eabi/12.3.1/../../../../arm-none-eabi/lib/thumb/v7e-m+fp/hard\libc_nano.a(libc_a-malloc.o)
 .ARM.attributes
                0x000003eb       0x34 D:/Progs/STM32CubeIDE_1.17.0/STM32CubeIDE/plugins/com.st.stm32cube.ide.mcu.externaltools.gnu-tools-for-stm32.12.3.rel1.win32_1.1.0.202410251130/tools/bin/../lib/gcc/arm-none-eabi/12.3.1/../../../../arm-none-eabi/lib/thumb/v7e-m+fp/hard\libc_nano.a(libc_a-mallocr.o)
 .ARM.attributes
                0x0000041f       0x34 D:/Progs/STM32CubeIDE_1.17.0/STM32CubeIDE/plugins/com.st.stm32cube.ide.mcu.externaltools.gnu-tools-for-stm32.12.3.rel1.win32_1.1.0.202410251130/tools/bin/../lib/gcc/arm-none-eabi/12.3.1/../../../../arm-none-eabi/lib/thumb/v7e-m+fp/hard\libc_nano.a(libc_a-mlock.o)
 .ARM.attributes
                0x00000453       0x34 D:/Progs/STM32CubeIDE_1.17.0/STM32CubeIDE/plugins/com.st.stm32cube.ide.mcu.externaltools.gnu-tools-for-stm32.12.3.rel1.win32_1.1.0.202410251130/tools/bin/../lib/gcc/arm-none-eabi/12.3.1/../../../../arm-none-eabi/lib/thumb/v7e-m+fp/hard\libc_nano.a(libc_a-findfp.o)
 .ARM.attributes
                0x00000487       0x34 D:/Progs/STM32CubeIDE_1.17.0/STM32CubeIDE/plugins/com.st.stm32cube.ide.mcu.externaltools.gnu-tools-for-stm32.12.3.rel1.win32_1.1.0.202410251130/tools/bin/../lib/gcc/arm-none-eabi/12.3.1/../../../../arm-none-eabi/lib/thumb/v7e-m+fp/hard\libc_nano.a(libc_a-memset.o)
 .ARM.attributes
                0x000004bb       0x34 D:/Progs/STM32CubeIDE_1.17.0/STM32CubeIDE/plugins/com.st.stm32cube.ide.mcu.externaltools.gnu-tools-for-stm32.12.3.rel1.win32_1.1.0.202410251130/tools/bin/../lib/gcc/arm-none-eabi/12.3.1/../../../../arm-none-eabi/lib/thumb/v7e-m+fp/hard\libc_nano.a(libc_a-reent.o)
 .ARM.attributes
                0x000004ef       0x34 D:/Progs/STM32CubeIDE_1.17.0/STM32CubeIDE/plugins/com.st.stm32cube.ide.mcu.externaltools.gnu-tools-for-stm32.12.3.rel1.win32_1.1.0.202410251130/tools/bin/../lib/gcc/arm-none-eabi/12.3.1/../../../../arm-none-eabi/lib/thumb/v7e-m+fp/hard\libc_nano.a(libc_a-impure.o)
 .ARM.attributes
                0x00000523       0x34 D:/Progs/STM32CubeIDE_1.17.0/STM32CubeIDE/plugins/com.st.stm32cube.ide.mcu.externaltools.gnu-tools-for-stm32.12.3.rel1.win32_1.1.0.202410251130/tools/bin/../lib/gcc/arm-none-eabi/12.3.1/../../../../arm-none-eabi/lib/thumb/v7e-m+fp/hard\libc_nano.a(libc_a-sbrkr.o)
 .ARM.attributes
                0x00000557       0x34 D:/Progs/STM32CubeIDE_1.17.0/STM32CubeIDE/plugins/com.st.stm32cube.ide.mcu.externaltools.gnu-tools-for-stm32.12.3.rel1.win32_1.1.0.202410251130/tools/bin/../lib/gcc/arm-none-eabi/12.3.1/../../../../arm-none-eabi/lib/thumb/v7e-m+fp/hard\libc_nano.a(libc_a-errno.o)
 .ARM.attributes
                0x0000058b       0x34 D:/Progs/STM32CubeIDE_1.17.0/STM32CubeIDE/plugins/com.st.stm32cube.ide.mcu.externaltools.gnu-tools-for-stm32.12.3.rel1.win32_1.1.0.202410251130/tools/bin/../lib/gcc/arm-none-eabi/12.3.1/../../../../arm-none-eabi/lib/thumb/v7e-m+fp/hard\libc_nano.a(libc_a-init.o)
 .ARM.attributes
                0x000005bf       0x34 D:/Progs/STM32CubeIDE_1.17.0/STM32CubeIDE/plugins/com.st.stm32cube.ide.mcu.externaltools.gnu-tools-for-stm32.12.3.rel1.win32_1.1.0.202410251130/tools/bin/../lib/gcc/arm-none-eabi/12.3.1/../../../../arm-none-eabi/lib/thumb/v7e-m+fp/hard\libc_nano.a(libc_a-lock.o)
 .ARM.attributes
                0x000005f3       0x34 D:/Progs/STM32CubeIDE_1.17.0/STM32CubeIDE/plugins/com.st.stm32cube.ide.mcu.externaltools.gnu-tools-for-stm32.12.3.rel1.win32_1.1.0.202410251130/tools/bin/../lib/gcc/arm-none-eabi/12.3.1/../../../../arm-none-eabi/lib/thumb/v7e-m+fp/hard\libc_nano.a(libc_a-memcpy-stub.o)
 .ARM.attributes
                0x00000627       0x22 D:/Progs/STM32CubeIDE_1.17.0/STM32CubeIDE/plugins/com.st.stm32cube.ide.mcu.externaltools.gnu-tools-for-stm32.12.3.rel1.win32_1.1.0.202410251130/tools/bin/../lib/gcc/arm-none-eabi/12.3.1/thumb/v7e-m+fp/hard\libgcc.a(_aeabi_uldivmod.o)
 .ARM.attributes
                0x00000649       0x34 D:/Progs/STM32CubeIDE_1.17.0/STM32CubeIDE/plugins/com.st.stm32cube.ide.mcu.externaltools.gnu-tools-for-stm32.12.3.rel1.win32_1.1.0.202410251130/tools/bin/../lib/gcc/arm-none-eabi/12.3.1/thumb/v7e-m+fp/hard\libgcc.a(_udivmoddi4.o)
 .ARM.attributes
                0x0000067d       0x22 D:/Progs/STM32CubeIDE_1.17.0/STM32CubeIDE/plugins/com.st.stm32cube.ide.mcu.externaltools.gnu-tools-for-stm32.12.3.rel1.win32_1.1.0.202410251130/tools/bin/../lib/gcc/arm-none-eabi/12.3.1/thumb/v7e-m+fp/hard\libgcc.a(_dvmd_tls.o)
 .ARM.attributes
                0x0000069f       0x22 D:/Progs/STM32CubeIDE_1.17.0/STM32CubeIDE/plugins/com.st.stm32cube.ide.mcu.externaltools.gnu-tools-for-stm32.12.3.rel1.win32_1.1.0.202410251130/tools/bin/../lib/gcc/arm-none-eabi/12.3.1/thumb/v7e-m+fp/hard/crtn.o
OUTPUT(leds.elf elf32-littlearm)
LOAD linker stubs
LOAD D:/Progs/STM32CubeIDE_1.17.0/STM32CubeIDE/plugins/com.st.stm32cube.ide.mcu.externaltools.gnu-tools-for-stm32.12.3.rel1.win32_1.1.0.202410251130/tools/bin/../lib/gcc/arm-none-eabi/12.3.1/../../../../arm-none-eabi/lib/thumb/v7e-m+fp/hard\libc.a
LOAD D:/Progs/STM32CubeIDE_1.17.0/STM32CubeIDE/plugins/com.st.stm32cube.ide.mcu.externaltools.gnu-tools-for-stm32.12.3.rel1.win32_1.1.0.202410251130/tools/bin/../lib/gcc/arm-none-eabi/12.3.1/../../../../arm-none-eabi/lib/thumb/v7e-m+fp/hard\libm.a
LOAD D:/Progs/STM32CubeIDE_1.17.0/STM32CubeIDE/plugins/com.st.stm32cube.ide.mcu.externaltools.gnu-tools-for-stm32.12.3.rel1.win32_1.1.0.202410251130/tools/bin/../lib/gcc/arm-none-eabi/12.3.1/thumb/v7e-m+fp/hard\libgcc.a

.debug_info     0x00000000     0xbe49
 .debug_info    0x00000000     0x17dd ./Core/Src/main.o
 .debug_info    0x000017dd      0xd84 ./Core/Src/stm32f4xx_hal_msp.o
 .debug_info    0x00002561      0x3a9 ./Core/Src/stm32f4xx_it.o
 .debug_info    0x0000290a      0x168 ./Core/Src/sysmem.o
 .debug_info    0x00002a72      0x512 ./Core/Src/system_stm32f4xx.o
 .debug_info    0x00002f84       0x30 ./Core/Startup/startup_stm32f407vetx.o
 .debug_info    0x00002fb4      0x944 ./Drivers/STM32F4xx_HAL_Driver/stm32f4xx_hal.o
 .debug_info    0x000038f8      0xcd4 ./Drivers/STM32F4xx_HAL_Driver/stm32f4xx_hal_adc.o
 .debug_info    0x000045cc      0xd8c ./Drivers/STM32F4xx_HAL_Driver/stm32f4xx_hal_cortex.o
 .debug_info    0x00005358      0x8e7 ./Drivers/STM32F4xx_HAL_Driver/stm32f4xx_hal_dma.o
 .debug_info    0x00005c3f      0x6c3 ./Drivers/STM32F4xx_HAL_Driver/stm32f4xx_hal_gpio.o
 .debug_info    0x00006302      0x8af ./Drivers/STM32F4xx_HAL_Driver/stm32f4xx_hal_rcc.o
 .debug_info    0x00006bb1     0x299d ./Drivers/STM32F4xx_HAL_Driver/stm32f4xx_hal_tim.o
 .debug_info    0x0000954e     0x14db ./Drivers/STM32F4xx_HAL_Driver/stm32f4xx_hal_tim_ex.o
 .debug_info    0x0000aa29       0xc2 ./src/color_values.o
 .debug_info    0x0000aaeb      0xa29 ./src/ws2812.o
 .debug_info    0x0000b514      0x935 ./src/ws2812_demos.o

.debug_abbrev   0x00000000     0x202e
 .debug_abbrev  0x00000000      0x2df ./Core/Src/main.o
 .debug_abbrev  0x000002df      0x1f6 ./Core/Src/stm32f4xx_hal_msp.o
 .debug_abbrev  0x000004d5      0x169 ./Core/Src/stm32f4xx_it.o
 .debug_abbrev  0x0000063e       0xbc ./Core/Src/sysmem.o
 .debug_abbrev  0x000006fa      0x11a ./Core/Src/system_stm32f4xx.o
 .debug_abbrev  0x00000814       0x24 ./Core/Startup/startup_stm32f407vetx.o
 .debug_abbrev  0x00000838      0x214 ./Drivers/STM32F4xx_HAL_Driver/stm32f4xx_hal.o
 .debug_abbrev  0x00000a4c      0x252 ./Drivers/STM32F4xx_HAL_Driver/stm32f4xx_hal_adc.o
 .debug_abbrev  0x00000c9e      0x31d ./Drivers/STM32F4xx_HAL_Driver/stm32f4xx_hal_cortex.o
 .debug_abbrev  0x00000fbb      0x264 ./Drivers/STM32F4xx_HAL_Driver/stm32f4xx_hal_dma.o
 .debug_abbrev  0x0000121f      0x1d4 ./Drivers/STM32F4xx_HAL_Driver/stm32f4xx_hal_gpio.o
 .debug_abbrev  0x000013f3      0x2b7 ./Drivers/STM32F4xx_HAL_Driver/stm32f4xx_hal_rcc.o
 .debug_abbrev  0x000016aa      0x278 ./Drivers/STM32F4xx_HAL_Driver/stm32f4xx_hal_tim.o
 .debug_abbrev  0x00001922      0x283 ./Drivers/STM32F4xx_HAL_Driver/stm32f4xx_hal_tim_ex.o
 .debug_abbrev  0x00001ba5       0x72 ./src/color_values.o
 .debug_abbrev  0x00001c17      0x216 ./src/ws2812.o
 .debug_abbrev  0x00001e2d      0x201 ./src/ws2812_demos.o

.debug_aranges  0x00000000      0xbc8
 .debug_aranges
                0x00000000       0x78 ./Core/Src/main.o
 .debug_aranges
                0x00000078       0x48 ./Core/Src/stm32f4xx_hal_msp.o
 .debug_aranges
                0x000000c0       0x68 ./Core/Src/stm32f4xx_it.o
 .debug_aranges
                0x00000128       0x20 ./Core/Src/sysmem.o
 .debug_aranges
                0x00000148       0x28 ./Core/Src/system_stm32f4xx.o
 .debug_aranges
                0x00000170       0x28 ./Core/Startup/startup_stm32f407vetx.o
 .debug_aranges
                0x00000198       0xf0 ./Drivers/STM32F4xx_HAL_Driver/stm32f4xx_hal.o
 .debug_aranges
                0x00000288       0xe8 ./Drivers/STM32F4xx_HAL_Driver/stm32f4xx_hal_adc.o
 .debug_aranges
                0x00000370      0x130 ./Drivers/STM32F4xx_HAL_Driver/stm32f4xx_hal_cortex.o
 .debug_aranges
                0x000004a0       0x90 ./Drivers/STM32F4xx_HAL_Driver/stm32f4xx_hal_dma.o
 .debug_aranges
                0x00000530       0x58 ./Drivers/STM32F4xx_HAL_Driver/stm32f4xx_hal_gpio.o
 .debug_aranges
                0x00000588       0x88 ./Drivers/STM32F4xx_HAL_Driver/stm32f4xx_hal_rcc.o
 .debug_aranges
                0x00000610      0x3d0 ./Drivers/STM32F4xx_HAL_Driver/stm32f4xx_hal_tim.o
 .debug_aranges
                0x000009e0      0x168 ./Drivers/STM32F4xx_HAL_Driver/stm32f4xx_hal_tim_ex.o
 .debug_aranges
                0x00000b48       0x18 ./src/color_values.o
 .debug_aranges
                0x00000b60       0x40 ./src/ws2812.o
 .debug_aranges
                0x00000ba0       0x28 ./src/ws2812_demos.o

.debug_rnglists
                0x00000000      0x90a
 .debug_rnglists
                0x00000000       0x59 ./Core/Src/main.o
 .debug_rnglists
                0x00000059       0x33 ./Core/Src/stm32f4xx_hal_msp.o
 .debug_rnglists
                0x0000008c       0x49 ./Core/Src/stm32f4xx_it.o
 .debug_rnglists
                0x000000d5       0x13 ./Core/Src/sysmem.o
 .debug_rnglists
                0x000000e8       0x1a ./Core/Src/system_stm32f4xx.o
 .debug_rnglists
                0x00000102       0x19 ./Core/Startup/startup_stm32f407vetx.o
 .debug_rnglists
                0x0000011b       0xaf ./Drivers/STM32F4xx_HAL_Driver/stm32f4xx_hal.o
 .debug_rnglists
                0x000001ca       0xb5 ./Drivers/STM32F4xx_HAL_Driver/stm32f4xx_hal_adc.o
 .debug_rnglists
                0x0000027f       0xe0 ./Drivers/STM32F4xx_HAL_Driver/stm32f4xx_hal_cortex.o
 .debug_rnglists
                0x0000035f       0x70 ./Drivers/STM32F4xx_HAL_Driver/stm32f4xx_hal_dma.o
 .debug_rnglists
                0x000003cf       0x3f ./Drivers/STM32F4xx_HAL_Driver/stm32f4xx_hal_gpio.o
 .debug_rnglists
                0x0000040e       0x66 ./Drivers/STM32F4xx_HAL_Driver/stm32f4xx_hal_rcc.o
 .debug_rnglists
                0x00000474      0x31a ./Drivers/STM32F4xx_HAL_Driver/stm32f4xx_hal_tim.o
 .debug_rnglists
                0x0000078e      0x125 ./Drivers/STM32F4xx_HAL_Driver/stm32f4xx_hal_tim_ex.o
 .debug_rnglists
                0x000008b3       0x2e ./src/ws2812.o
 .debug_rnglists
                0x000008e1       0x29 ./src/ws2812_demos.o

.debug_macro    0x00000000    0x228aa
 .debug_macro   0x00000000      0x319 ./Core/Src/main.o
 .debug_macro   0x00000319      0xab4 ./Core/Src/main.o
 .debug_macro   0x00000dcd      0x29b ./Core/Src/main.o
 .debug_macro   0x00001068       0x2e ./Core/Src/main.o
 .debug_macro   0x00001096       0x2f ./Core/Src/main.o
 .debug_macro   0x000010c5       0x22 ./Core/Src/main.o
 .debug_macro   0x000010e7       0x8e ./Core/Src/main.o
 .debug_macro   0x00001175       0x51 ./Core/Src/main.o
 .debug_macro   0x000011c6      0x103 ./Core/Src/main.o
 .debug_macro   0x000012c9       0x6a ./Core/Src/main.o
 .debug_macro   0x00001333      0x1df ./Core/Src/main.o
 .debug_macro   0x00001512       0x1c ./Core/Src/main.o
 .debug_macro   0x0000152e       0x22 ./Core/Src/main.o
 .debug_macro   0x00001550       0xfb ./Core/Src/main.o
 .debug_macro   0x0000164b     0x1011 ./Core/Src/main.o
 .debug_macro   0x0000265c      0x11f ./Core/Src/main.o
 .debug_macro   0x0000277b    0x15e97 ./Core/Src/main.o
 .debug_macro   0x00018612       0x6d ./Core/Src/main.o
 .debug_macro   0x0001867f     0x369a ./Core/Src/main.o
 .debug_macro   0x0001bd19      0x189 ./Core/Src/main.o
 .debug_macro   0x0001bea2       0x5c ./Core/Src/main.o
 .debug_macro   0x0001befe      0x980 ./Core/Src/main.o
 .debug_macro   0x0001c87e      0x9e9 ./Core/Src/main.o
 .debug_macro   0x0001d267      0x115 ./Core/Src/main.o
 .debug_macro   0x0001d37c      0x13e ./Core/Src/main.o
 .debug_macro   0x0001d4ba       0xa5 ./Core/Src/main.o
 .debug_macro   0x0001d55f      0x174 ./Core/Src/main.o
 .debug_macro   0x0001d6d3      0x287 ./Core/Src/main.o
 .debug_macro   0x0001d95a       0x5f ./Core/Src/main.o
 .debug_macro   0x0001d9b9      0x236 ./Core/Src/main.o
 .debug_macro   0x0001dbef      0xb5b ./Core/Src/main.o
 .debug_macro   0x0001e74a      0x38b ./Core/Src/main.o
 .debug_macro   0x0001ead5      0x176 ./Core/Src/main.o
 .debug_macro   0x0001ec4b       0xf9 ./Core/Src/main.o
 .debug_macro   0x0001ed44      0x12c ./Core/Src/main.o
 .debug_macro   0x0001ee70      0x21e ./Core/Src/main.o
 .debug_macro   0x0001f08e       0x2e ./Core/Src/main.o
 .debug_macro   0x0001f0bc      0x127 ./Core/Src/main.o
 .debug_macro   0x0001f1e3       0x7e ./Core/Src/main.o
 .debug_macro   0x0001f261       0x89 ./Core/Src/main.o
 .debug_macro   0x0001f2ea      0x8ed ./Core/Src/main.o
 .debug_macro   0x0001fbd7       0x4d ./Core/Src/main.o
 .debug_macro   0x0001fc24      0x12d ./Core/Src/main.o
 .debug_macro   0x0001fd51       0x2e ./Core/Src/main.o
 .debug_macro   0x0001fd7f       0x61 ./Core/Src/main.o
 .debug_macro   0x0001fde0       0x2a ./Core/Src/main.o
 .debug_macro   0x0001fe0a       0x43 ./Core/Src/main.o
 .debug_macro   0x0001fe4d       0x34 ./Core/Src/main.o
 .debug_macro   0x0001fe81       0x16 ./Core/Src/main.o
 .debug_macro   0x0001fe97       0x43 ./Core/Src/main.o
 .debug_macro   0x0001feda       0x34 ./Core/Src/main.o
 .debug_macro   0x0001ff0e       0x10 ./Core/Src/main.o
 .debug_macro   0x0001ff1e       0x58 ./Core/Src/main.o
 .debug_macro   0x0001ff76       0x8e ./Core/Src/main.o
 .debug_macro   0x00020004       0x1c ./Core/Src/main.o
 .debug_macro   0x00020020      0x177 ./Core/Src/main.o
 .debug_macro   0x00020197      0x369 ./Core/Src/main.o
 .debug_macro   0x00020500       0x10 ./Core/Src/main.o
 .debug_macro   0x00020510       0x35 ./Core/Src/main.o
 .debug_macro   0x00020545       0x20 ./Core/Src/main.o
 .debug_macro   0x00020565       0x16 ./Core/Src/main.o
 .debug_macro   0x0002057b       0x16 ./Core/Src/main.o
 .debug_macro   0x00020591       0x29 ./Core/Src/main.o
 .debug_macro   0x000205ba       0x2e ./Core/Src/main.o
 .debug_macro   0x000205e8       0x3a ./Core/Src/main.o
 .debug_macro   0x00020622      0x1fb ./Core/Src/stm32f4xx_hal_msp.o
 .debug_macro   0x0002081d      0x205 ./Core/Src/stm32f4xx_it.o
 .debug_macro   0x00020a22       0xff ./Core/Src/sysmem.o
 .debug_macro   0x00020b21      0x23c ./Core/Src/sysmem.o
 .debug_macro   0x00020d5d      0x1ec ./Core/Src/system_stm32f4xx.o
 .debug_macro   0x00020f49      0x24c ./Drivers/STM32F4xx_HAL_Driver/stm32f4xx_hal.o
 .debug_macro   0x00021195      0x1ed ./Drivers/STM32F4xx_HAL_Driver/stm32f4xx_hal_adc.o
 .debug_macro   0x00021382      0x1ec ./Drivers/STM32F4xx_HAL_Driver/stm32f4xx_hal_cortex.o
 .debug_macro   0x0002156e      0x1f2 ./Drivers/STM32F4xx_HAL_Driver/stm32f4xx_hal_dma.o
 .debug_macro   0x00021760      0x1f2 ./Drivers/STM32F4xx_HAL_Driver/stm32f4xx_hal_gpio.o
 .debug_macro   0x00021952      0x210 ./Drivers/STM32F4xx_HAL_Driver/stm32f4xx_hal_rcc.o
 .debug_macro   0x00021b62      0x1ed ./Drivers/STM32F4xx_HAL_Driver/stm32f4xx_hal_tim.o
 .debug_macro   0x00021d4f      0x1ec ./Drivers/STM32F4xx_HAL_Driver/stm32f4xx_hal_tim_ex.o
 .debug_macro   0x00021f3b      0x20e ./src/color_values.o
 .debug_macro   0x00022149      0x30d ./src/ws2812.o
 .debug_macro   0x00022456      0x11c ./src/ws2812.o
 .debug_macro   0x00022572       0x94 ./src/ws2812.o
 .debug_macro   0x00022606       0x16 ./src/ws2812.o
 .debug_macro   0x0002261c       0x22 ./src/ws2812.o
 .debug_macro   0x0002263e       0x56 ./src/ws2812.o
 .debug_macro   0x00022694      0x216 ./src/ws2812_demos.o

.debug_line     0x00000000     0xfbed
 .debug_line    0x00000000      0xcaa ./Core/Src/main.o
 .debug_line    0x00000caa      0x939 ./Core/Src/stm32f4xx_hal_msp.o
 .debug_line    0x000015e3      0x93c ./Core/Src/stm32f4xx_it.o
 .debug_line    0x00001f1f      0x588 ./Core/Src/sysmem.o
 .debug_line    0x000024a7      0x8e6 ./Core/Src/system_stm32f4xx.o
 .debug_line    0x00002d8d       0x7a ./Core/Startup/startup_stm32f407vetx.o
 .debug_line    0x00002e07      0xb87 ./Drivers/STM32F4xx_HAL_Driver/stm32f4xx_hal.o
 .debug_line    0x0000398e     0x140f ./Drivers/STM32F4xx_HAL_Driver/stm32f4xx_hal_adc.o
 .debug_line    0x00004d9d      0xe79 ./Drivers/STM32F4xx_HAL_Driver/stm32f4xx_hal_cortex.o
 .debug_line    0x00005c16     0x10f7 ./Drivers/STM32F4xx_HAL_Driver/stm32f4xx_hal_dma.o
 .debug_line    0x00006d0d      0xd13 ./Drivers/STM32F4xx_HAL_Driver/stm32f4xx_hal_gpio.o
 .debug_line    0x00007a20      0xf10 ./Drivers/STM32F4xx_HAL_Driver/stm32f4xx_hal_rcc.o
 .debug_line    0x00008930     0x392b ./Drivers/STM32F4xx_HAL_Driver/stm32f4xx_hal_tim.o
 .debug_line    0x0000c25b     0x1b7d ./Drivers/STM32F4xx_HAL_Driver/stm32f4xx_hal_tim_ex.o
 .debug_line    0x0000ddd8      0x85d ./src/color_values.o
 .debug_line    0x0000e635      0xbbc ./src/ws2812.o
 .debug_line    0x0000f1f1      0x9fc ./src/ws2812_demos.o

.debug_str      0x00000000    0xd571b
 .debug_str     0x00000000    0xd288b ./Core/Src/main.o
                              0xd2c41 (size before relaxing)
 .debug_str     0x000d288b       0xb5 ./Core/Src/stm32f4xx_hal_msp.o
                              0xcee36 (size before relaxing)
 .debug_str     0x000d2940       0xf4 ./Core/Src/stm32f4xx_it.o
                              0xce81c (size before relaxing)
 .debug_str     0x000d2a34      0x4dc ./Core/Src/sysmem.o
                               0x60c3 (size before relaxing)
 .debug_str     0x000d2f10       0xdb ./Core/Src/system_stm32f4xx.o
                              0xce61e (size before relaxing)
 .debug_str     0x000d2feb       0x44 ./Core/Startup/startup_stm32f407vetx.o
                                 0x76 (size before relaxing)
 .debug_str     0x000d302f      0x648 ./Drivers/STM32F4xx_HAL_Driver/stm32f4xx_hal.o
                              0xcf1da (size before relaxing)
 .debug_str     0x000d3677      0x2c0 ./Drivers/STM32F4xx_HAL_Driver/stm32f4xx_hal_adc.o
                              0xcec43 (size before relaxing)
 .debug_str     0x000d3937      0x3b7 ./Drivers/STM32F4xx_HAL_Driver/stm32f4xx_hal_cortex.o
                              0xcef56 (size before relaxing)
 .debug_str     0x000d3cee      0x307 ./Drivers/STM32F4xx_HAL_Driver/stm32f4xx_hal_dma.o
                              0xcea70 (size before relaxing)
 .debug_str     0x000d3ff5      0x159 ./Drivers/STM32F4xx_HAL_Driver/stm32f4xx_hal_gpio.o
                              0xce7d1 (size before relaxing)
 .debug_str     0x000d414e      0x26b ./Drivers/STM32F4xx_HAL_Driver/stm32f4xx_hal_rcc.o
                              0xcea8a (size before relaxing)
 .debug_str     0x000d43b9      0xd52 ./Drivers/STM32F4xx_HAL_Driver/stm32f4xx_hal_tim.o
                              0xcf9e0 (size before relaxing)
 .debug_str     0x000d510b      0x4cb ./Drivers/STM32F4xx_HAL_Driver/stm32f4xx_hal_tim_ex.o
                              0xcf1ec (size before relaxing)
 .debug_str     0x000d55d6       0x22 ./src/color_values.o
                              0xce57a (size before relaxing)
 .debug_str     0x000d55f8       0x8a ./src/ws2812.o
                              0xd1ede (size before relaxing)
 .debug_str     0x000d5682       0x99 ./src/ws2812_demos.o
                              0xced47 (size before relaxing)

.comment        0x00000000       0x43
 .comment       0x00000000       0x43 ./Core/Src/main.o
                                 0x44 (size before relaxing)
 .comment       0x00000043       0x44 ./Core/Src/stm32f4xx_hal_msp.o
 .comment       0x00000043       0x44 ./Core/Src/stm32f4xx_it.o
 .comment       0x00000043       0x44 ./Core/Src/sysmem.o
 .comment       0x00000043       0x44 ./Core/Src/system_stm32f4xx.o
 .comment       0x00000043       0x44 ./Drivers/STM32F4xx_HAL_Driver/stm32f4xx_hal.o
 .comment       0x00000043       0x44 ./Drivers/STM32F4xx_HAL_Driver/stm32f4xx_hal_adc.o
 .comment       0x00000043       0x44 ./Drivers/STM32F4xx_HAL_Driver/stm32f4xx_hal_cortex.o
 .comment       0x00000043       0x44 ./Drivers/STM32F4xx_HAL_Driver/stm32f4xx_hal_dma.o
 .comment       0x00000043       0x44 ./Drivers/STM32F4xx_HAL_Driver/stm32f4xx_hal_gpio.o
 .comment       0x00000043       0x44 ./Drivers/STM32F4xx_HAL_Driver/stm32f4xx_hal_rcc.o
 .comment       0x00000043       0x44 ./Drivers/STM32F4xx_HAL_Driver/stm32f4xx_hal_tim.o
 .comment       0x00000043       0x44 ./Drivers/STM32F4xx_HAL_Driver/stm32f4xx_hal_tim_ex.o
 .comment       0x00000043       0x44 ./src/color_values.o
 .comment       0x00000043       0x44 ./src/ws2812.o
 .comment       0x00000043       0x44 ./src/ws2812_demos.o

.debug_frame    0x00000000     0x3374
 .debug_frame   0x00000000      0x1b0 ./Core/Src/main.o
 .debug_frame   0x000001b0       0xec ./Core/Src/stm32f4xx_hal_msp.o
 .debug_frame   0x0000029c      0x120 ./Core/Src/stm32f4xx_it.o
 .debug_frame   0x000003bc       0x34 ./Core/Src/sysmem.o
 .debug_frame   0x000003f0       0x58 ./Core/Src/system_stm32f4xx.o
 .debug_frame   0x00000448      0x374 ./Drivers/STM32F4xx_HAL_Driver/stm32f4xx_hal.o
 .debug_frame   0x000007bc      0x3fc ./Drivers/STM32F4xx_HAL_Driver/stm32f4xx_hal_adc.o
 .debug_frame   0x00000bb8      0x508 ./Drivers/STM32F4xx_HAL_Driver/stm32f4xx_hal_cortex.o
 .debug_frame   0x000010c0      0x250 ./Drivers/STM32F4xx_HAL_Driver/stm32f4xx_hal_dma.o
 .debug_frame   0x00001310      0x14c ./Drivers/STM32F4xx_HAL_Driver/stm32f4xx_hal_gpio.o
 .debug_frame   0x0000145c      0x1f4 ./Drivers/STM32F4xx_HAL_Driver/stm32f4xx_hal_rcc.o
 .debug_frame   0x00001650     0x11c0 ./Drivers/STM32F4xx_HAL_Driver/stm32f4xx_hal_tim.o
 .debug_frame   0x00002810      0x638 ./Drivers/STM32F4xx_HAL_Driver/stm32f4xx_hal_tim_ex.o
 .debug_frame   0x00002e48       0xcc ./src/ws2812.o
 .debug_frame   0x00002f14       0x64 ./src/ws2812_demos.o
 .debug_frame   0x00002f78       0x30 D:/Progs/STM32CubeIDE_1.17.0/STM32CubeIDE/plugins/com.st.stm32cube.ide.mcu.externaltools.gnu-tools-for-stm32.12.3.rel1.win32_1.1.0.202410251130/tools/bin/../lib/gcc/arm-none-eabi/12.3.1/../../../../arm-none-eabi/lib/thumb/v7e-m+fp/hard\libc_nano.a(libc_a-malloc.o)
 .debug_frame   0x00002fa8       0x50 D:/Progs/STM32CubeIDE_1.17.0/STM32CubeIDE/plugins/com.st.stm32cube.ide.mcu.externaltools.gnu-tools-for-stm32.12.3.rel1.win32_1.1.0.202410251130/tools/bin/../lib/gcc/arm-none-eabi/12.3.1/../../../../arm-none-eabi/lib/thumb/v7e-m+fp/hard\libc_nano.a(libc_a-mallocr.o)
 .debug_frame   0x00002ff8       0x30 D:/Progs/STM32CubeIDE_1.17.0/STM32CubeIDE/plugins/com.st.stm32cube.ide.mcu.externaltools.gnu-tools-for-stm32.12.3.rel1.win32_1.1.0.202410251130/tools/bin/../lib/gcc/arm-none-eabi/12.3.1/../../../../arm-none-eabi/lib/thumb/v7e-m+fp/hard\libc_nano.a(libc_a-mlock.o)
 .debug_frame   0x00003028      0x144 D:/Progs/STM32CubeIDE_1.17.0/STM32CubeIDE/plugins/com.st.stm32cube.ide.mcu.externaltools.gnu-tools-for-stm32.12.3.rel1.win32_1.1.0.202410251130/tools/bin/../lib/gcc/arm-none-eabi/12.3.1/../../../../arm-none-eabi/lib/thumb/v7e-m+fp/hard\libc_nano.a(libc_a-findfp.o)
 .debug_frame   0x0000316c       0x20 D:/Progs/STM32CubeIDE_1.17.0/STM32CubeIDE/plugins/com.st.stm32cube.ide.mcu.externaltools.gnu-tools-for-stm32.12.3.rel1.win32_1.1.0.202410251130/tools/bin/../lib/gcc/arm-none-eabi/12.3.1/../../../../arm-none-eabi/lib/thumb/v7e-m+fp/hard\libc_nano.a(libc_a-memset.o)
 .debug_frame   0x0000318c       0x38 D:/Progs/STM32CubeIDE_1.17.0/STM32CubeIDE/plugins/com.st.stm32cube.ide.mcu.externaltools.gnu-tools-for-stm32.12.3.rel1.win32_1.1.0.202410251130/tools/bin/../lib/gcc/arm-none-eabi/12.3.1/../../../../arm-none-eabi/lib/thumb/v7e-m+fp/hard\libc_nano.a(libc_a-reent.o)
 .debug_frame   0x000031c4       0x2c D:/Progs/STM32CubeIDE_1.17.0/STM32CubeIDE/plugins/com.st.stm32cube.ide.mcu.externaltools.gnu-tools-for-stm32.12.3.rel1.win32_1.1.0.202410251130/tools/bin/../lib/gcc/arm-none-eabi/12.3.1/../../../../arm-none-eabi/lib/thumb/v7e-m+fp/hard\libc_nano.a(libc_a-sbrkr.o)
 .debug_frame   0x000031f0       0x20 D:/Progs/STM32CubeIDE_1.17.0/STM32CubeIDE/plugins/com.st.stm32cube.ide.mcu.externaltools.gnu-tools-for-stm32.12.3.rel1.win32_1.1.0.202410251130/tools/bin/../lib/gcc/arm-none-eabi/12.3.1/../../../../arm-none-eabi/lib/thumb/v7e-m+fp/hard\libc_nano.a(libc_a-errno.o)
 .debug_frame   0x00003210       0x2c D:/Progs/STM32CubeIDE_1.17.0/STM32CubeIDE/plugins/com.st.stm32cube.ide.mcu.externaltools.gnu-tools-for-stm32.12.3.rel1.win32_1.1.0.202410251130/tools/bin/../lib/gcc/arm-none-eabi/12.3.1/../../../../arm-none-eabi/lib/thumb/v7e-m+fp/hard\libc_nano.a(libc_a-init.o)
 .debug_frame   0x0000323c       0xb0 D:/Progs/STM32CubeIDE_1.17.0/STM32CubeIDE/plugins/com.st.stm32cube.ide.mcu.externaltools.gnu-tools-for-stm32.12.3.rel1.win32_1.1.0.202410251130/tools/bin/../lib/gcc/arm-none-eabi/12.3.1/../../../../arm-none-eabi/lib/thumb/v7e-m+fp/hard\libc_nano.a(libc_a-lock.o)
 .debug_frame   0x000032ec       0x28 D:/Progs/STM32CubeIDE_1.17.0/STM32CubeIDE/plugins/com.st.stm32cube.ide.mcu.externaltools.gnu-tools-for-stm32.12.3.rel1.win32_1.1.0.202410251130/tools/bin/../lib/gcc/arm-none-eabi/12.3.1/../../../../arm-none-eabi/lib/thumb/v7e-m+fp/hard\libc_nano.a(libc_a-memcpy-stub.o)
 .debug_frame   0x00003314       0x2c D:/Progs/STM32CubeIDE_1.17.0/STM32CubeIDE/plugins/com.st.stm32cube.ide.mcu.externaltools.gnu-tools-for-stm32.12.3.rel1.win32_1.1.0.202410251130/tools/bin/../lib/gcc/arm-none-eabi/12.3.1/thumb/v7e-m+fp/hard\libgcc.a(_aeabi_uldivmod.o)
 .debug_frame   0x00003340       0x34 D:/Progs/STM32CubeIDE_1.17.0/STM32CubeIDE/plugins/com.st.stm32cube.ide.mcu.externaltools.gnu-tools-for-stm32.12.3.rel1.win32_1.1.0.202410251130/tools/bin/../lib/gcc/arm-none-eabi/12.3.1/thumb/v7e-m+fp/hard\libgcc.a(_udivmoddi4.o)

.debug_line_str
                0x00000000       0x5a
 .debug_line_str
                0x00000000       0x5a ./Core/Startup/startup_stm32f407vetx.o
